Archive member included to satisfy reference by file (symbol)

d:/programs/attolic/truestudio for stm32 9.0.0/armtools/bin/../lib/gcc/arm-atollic-eabi/6.3.1/../../../../arm-atollic-eabi/lib/armv7-m\libc_nano.a(lib_a-init.o)
                              startup\startup_stm32f103xb.o (__libc_init_array)
d:/programs/attolic/truestudio for stm32 9.0.0/armtools/bin/../lib/gcc/arm-atollic-eabi/6.3.1/../../../../arm-atollic-eabi/lib/armv7-m\libc_nano.a(lib_a-memset.o)
                              Drivers\STM32F1xx_HAL_Driver\Src\stm32f1xx_hal_rcc.o (memset)
d:/programs/attolic/truestudio for stm32 9.0.0/armtools/bin/../lib/gcc/arm-atollic-eabi/6.3.1/../../../../arm-atollic-eabi/lib/armv7-m\libc_nano.a(lib_a-sprintf.o)
                              Src\usbd_cdc_if.o (sprintf)
d:/programs/attolic/truestudio for stm32 9.0.0/armtools/bin/../lib/gcc/arm-atollic-eabi/6.3.1/../../../../arm-atollic-eabi/lib/armv7-m\libc_nano.a(lib_a-impure.o)
                              d:/programs/attolic/truestudio for stm32 9.0.0/armtools/bin/../lib/gcc/arm-atollic-eabi/6.3.1/../../../../arm-atollic-eabi/lib/armv7-m\libc_nano.a(lib_a-sprintf.o) (_impure_ptr)
d:/programs/attolic/truestudio for stm32 9.0.0/armtools/bin/../lib/gcc/arm-atollic-eabi/6.3.1/../../../../arm-atollic-eabi/lib/armv7-m\libc_nano.a(lib_a-nano-svfprintf.o)
                              d:/programs/attolic/truestudio for stm32 9.0.0/armtools/bin/../lib/gcc/arm-atollic-eabi/6.3.1/../../../../arm-atollic-eabi/lib/armv7-m\libc_nano.a(lib_a-sprintf.o) (_svfprintf_r)
d:/programs/attolic/truestudio for stm32 9.0.0/armtools/bin/../lib/gcc/arm-atollic-eabi/6.3.1/../../../../arm-atollic-eabi/lib/armv7-m\libc_nano.a(lib_a-nano-vfprintf_i.o)
                              d:/programs/attolic/truestudio for stm32 9.0.0/armtools/bin/../lib/gcc/arm-atollic-eabi/6.3.1/../../../../arm-atollic-eabi/lib/armv7-m\libc_nano.a(lib_a-nano-svfprintf.o) (_printf_i)
d:/programs/attolic/truestudio for stm32 9.0.0/armtools/bin/../lib/gcc/arm-atollic-eabi/6.3.1/../../../../arm-atollic-eabi/lib/armv7-m\libc_nano.a(lib_a-memchr-stub.o)
                              d:/programs/attolic/truestudio for stm32 9.0.0/armtools/bin/../lib/gcc/arm-atollic-eabi/6.3.1/../../../../arm-atollic-eabi/lib/armv7-m\libc_nano.a(lib_a-nano-svfprintf.o) (memchr)
d:/programs/attolic/truestudio for stm32 9.0.0/armtools/bin/../lib/gcc/arm-atollic-eabi/6.3.1/../../../../arm-atollic-eabi/lib/armv7-m\libc_nano.a(lib_a-memcpy-stub.o)
                              d:/programs/attolic/truestudio for stm32 9.0.0/armtools/bin/../lib/gcc/arm-atollic-eabi/6.3.1/../../../../arm-atollic-eabi/lib/armv7-m\libc_nano.a(lib_a-nano-svfprintf.o) (memcpy)
d:/programs/attolic/truestudio for stm32 9.0.0/armtools/bin/../lib/gcc/arm-atollic-eabi/6.3.1/../../../../arm-atollic-eabi/lib/armv7-m\libc_nano.a(lib_a-memmove.o)
                              d:/programs/attolic/truestudio for stm32 9.0.0/armtools/bin/../lib/gcc/arm-atollic-eabi/6.3.1/../../../../arm-atollic-eabi/lib/armv7-m\libc_nano.a(lib_a-nano-svfprintf.o) (memmove)
d:/programs/attolic/truestudio for stm32 9.0.0/armtools/bin/../lib/gcc/arm-atollic-eabi/6.3.1/../../../../arm-atollic-eabi/lib/armv7-m\libc_nano.a(lib_a-nano-freer.o)
                              d:/programs/attolic/truestudio for stm32 9.0.0/armtools/bin/../lib/gcc/arm-atollic-eabi/6.3.1/../../../../arm-atollic-eabi/lib/armv7-m\libc_nano.a(lib_a-nano-svfprintf.o) (_free_r)
d:/programs/attolic/truestudio for stm32 9.0.0/armtools/bin/../lib/gcc/arm-atollic-eabi/6.3.1/../../../../arm-atollic-eabi/lib/armv7-m\libc_nano.a(lib_a-nano-mallocr.o)
                              d:/programs/attolic/truestudio for stm32 9.0.0/armtools/bin/../lib/gcc/arm-atollic-eabi/6.3.1/../../../../arm-atollic-eabi/lib/armv7-m\libc_nano.a(lib_a-nano-svfprintf.o) (_malloc_r)
d:/programs/attolic/truestudio for stm32 9.0.0/armtools/bin/../lib/gcc/arm-atollic-eabi/6.3.1/../../../../arm-atollic-eabi/lib/armv7-m\libc_nano.a(lib_a-nano-reallocr.o)
                              d:/programs/attolic/truestudio for stm32 9.0.0/armtools/bin/../lib/gcc/arm-atollic-eabi/6.3.1/../../../../arm-atollic-eabi/lib/armv7-m\libc_nano.a(lib_a-nano-svfprintf.o) (_realloc_r)
d:/programs/attolic/truestudio for stm32 9.0.0/armtools/bin/../lib/gcc/arm-atollic-eabi/6.3.1/../../../../arm-atollic-eabi/lib/armv7-m\libc_nano.a(lib_a-sbrkr.o)
                              d:/programs/attolic/truestudio for stm32 9.0.0/armtools/bin/../lib/gcc/arm-atollic-eabi/6.3.1/../../../../arm-atollic-eabi/lib/armv7-m\libc_nano.a(lib_a-nano-mallocr.o) (_sbrk_r)
d:/programs/attolic/truestudio for stm32 9.0.0/armtools/bin/../lib/gcc/arm-atollic-eabi/6.3.1/../../../../arm-atollic-eabi/lib/armv7-m\libc_nano.a(lib_a-mlock.o)
                              d:/programs/attolic/truestudio for stm32 9.0.0/armtools/bin/../lib/gcc/arm-atollic-eabi/6.3.1/../../../../arm-atollic-eabi/lib/armv7-m\libc_nano.a(lib_a-nano-freer.o) (__malloc_lock)
[...]
Memory Configuration

Name             Origin             Length             Attributes
RAM              0x20000000         0x00005000         xrw
FLASH            0x08000000         0x00010000         xr
*default*        0x00000000         0xffffffff

Linker script and memory map

LOAD d:/programs/attolic/truestudio for stm32 9.0.0/armtools/bin/../lib/gcc/arm-atollic-eabi/6.3.1/armv7-m/crti.o
LOAD d:/programs/attolic/truestudio for stm32 9.0.0/armtools/bin/../lib/gcc/arm-atollic-eabi/6.3.1/armv7-m/crtbegin.o
LOAD Drivers\STM32F1xx_HAL_Driver\Src\stm32f1xx_hal.o
LOAD Drivers\STM32F1xx_HAL_Driver\Src\stm32f1xx_hal_cortex.o
LOAD Drivers\STM32F1xx_HAL_Driver\Src\stm32f1xx_hal_dma.o
LOAD Drivers\STM32F1xx_HAL_Driver\Src\stm32f1xx_hal_flash.o
LOAD Drivers\STM32F1xx_HAL_Driver\Src\stm32f1xx_hal_flash_ex.o
LOAD Drivers\STM32F1xx_HAL_Driver\Src\stm32f1xx_hal_gpio.o
LOAD Drivers\STM32F1xx_HAL_Driver\Src\stm32f1xx_hal_gpio_ex.o
LOAD Drivers\STM32F1xx_HAL_Driver\Src\stm32f1xx_hal_pcd.o
LOAD Drivers\STM32F1xx_HAL_Driver\Src\stm32f1xx_hal_pcd_ex.o
LOAD Drivers\STM32F1xx_HAL_Driver\Src\stm32f1xx_hal_pwr.o
LOAD Drivers\STM32F1xx_HAL_Driver\Src\stm32f1xx_hal_rcc.o
LOAD Drivers\STM32F1xx_HAL_Driver\Src\stm32f1xx_hal_rcc_ex.o
LOAD Drivers\STM32F1xx_HAL_Driver\Src\stm32f1xx_hal_tim.o
LOAD Drivers\STM32F1xx_HAL_Driver\Src\stm32f1xx_hal_tim_ex.o
LOAD Drivers\STM32F1xx_HAL_Driver\Src\stm32f1xx_ll_usb.o
LOAD Middlewares\ST\STM32_USB_Device_Library\Class\CDC\Src\usbd_cdc.o
LOAD Middlewares\ST\STM32_USB_Device_Library\Core\Src\usbd_core.o
LOAD Middlewares\ST\STM32_USB_Device_Library\Core\Src\usbd_ctlreq.o
LOAD Middlewares\ST\STM32_USB_Device_Library\Core\Src\usbd_ioreq.o
LOAD Src\main.o
LOAD Src\stm32f1xx_hal_msp.o
LOAD Src\stm32f1xx_it.o
LOAD Src\system_stm32f1xx.o
LOAD Src\usb_device.o
LOAD Src\usbd_cdc_if.o
LOAD Src\usbd_conf.o
LOAD Src\usbd_desc.o
LOAD startup\startup_stm32f103xb.o
                0x00000080                malloc_getpagesize_P = 0x80
START GROUP
LOAD d:/programs/attolic/truestudio for stm32 9.0.0/armtools/bin/../lib/gcc/arm-atollic-eabi/6.3.1/../../../../arm-atollic-eabi/lib/armv7-m\libc_nano.a
LOAD d:/programs/attolic/truestudio for stm32 9.0.0/armtools/bin/../lib/gcc/arm-atollic-eabi/6.3.1/../../../../arm-atollic-eabi/lib/armv7-m\libm.a
END GROUP
START GROUP
LOAD d:/programs/attolic/truestudio for stm32 9.0.0/armtools/bin/../lib/gcc/arm-atollic-eabi/6.3.1/armv7-m\libgcc.a
LOAD d:/programs/attolic/truestudio for stm32 9.0.0/armtools/bin/../lib/gcc/arm-atollic-eabi/6.3.1/../../../../arm-atollic-eabi/lib/armv7-m\libc_nano.a
END GROUP
START GROUP
LOAD d:/programs/attolic/truestudio for stm32 9.0.0/armtools/bin/../lib/gcc/arm-atollic-eabi/6.3.1/armv7-m\libgcc.a
LOAD d:/programs/attolic/truestudio for stm32 9.0.0/armtools/bin/../lib/gcc/arm-atollic-eabi/6.3.1/../../../../arm-atollic-eabi/lib/armv7-m\libc_nano.a
LOAD d:/programs/attolic/truestudio for stm32 9.0.0/armtools/bin/../lib/gcc/arm-atollic-eabi/6.3.1/../../../../arm-atollic-eabi/lib/armv7-m\libnosys.a
END GROUP
START GROUP
LOAD d:/programs/attolic/truestudio for stm32 9.0.0/armtools/bin/../lib/gcc/arm-atollic-eabi/6.3.1/armv7-m\libgcc.a
LOAD d:/programs/attolic/truestudio for stm32 9.0.0/armtools/bin/../lib/gcc/arm-atollic-eabi/6.3.1/../../../../arm-atollic-eabi/lib/armv7-m\libc_nano.a
LOAD d:/programs/attolic/truestudio for stm32 9.0.0/armtools/bin/../lib/gcc/arm-atollic-eabi/6.3.1/../../../../arm-atollic-eabi/lib/armv7-m\libnosys.a
END GROUP
LOAD d:/programs/attolic/truestudio for stm32 9.0.0/armtools/bin/../lib/gcc/arm-atollic-eabi/6.3.1/armv7-m/crtend.o
LOAD d:/programs/attolic/truestudio for stm32 9.0.0/armtools/bin/../lib/gcc/arm-atollic-eabi/6.3.1/armv7-m/crtn.o
                0x20005000                _estack = 0x20005000
                0x00000200                _Min_Heap_Size = 0x200
                0x00000400                _Min_Stack_Size = 0x400

.isr_vector     0x08000000      0x10c
                0x08000000                . = ALIGN (0x4)
 *(.isr_vector)
 .isr_vector    0x08000000      0x10c startup\startup_stm32f103xb.o
                0x08000000                g_pfnVectors
                0x0800010c                . = ALIGN (0x4)

.text           0x0800010c     0x3bb8
                0x0800010c                . = ALIGN (0x4)
 *(.text)
 .text          0x0800010c       0x40 d:/programs/attolic/truestudio for stm32 9.0.0/armtools/bin/../lib/gcc/arm-atollic-eabi/6.3.1/armv7-m/crtbegin.o
 *(.text*)
 .text.HAL_InitTick
                0x0800014c       0x48 Drivers\STM32F1xx_HAL_Driver\Src\stm32f1xx_hal.o
                0x0800014c                HAL_InitTick
 .text.HAL_Init
                0x08000194       0x24 Drivers\STM32F1xx_HAL_Driver\Src\stm32f1xx_hal.o
                0x08000194                HAL_Init
 .text.HAL_IncTick
                0x080001b8       0x18 Drivers\STM32F1xx_HAL_Driver\Src\stm32f1xx_hal.o
                0x080001b8                HAL_IncTick
 .text.HAL_GetTick
                0x080001d0        0xc Drivers\STM32F1xx_HAL_Driver\Src\stm32f1xx_hal.o
                0x080001d0                HAL_GetTick
 .text.HAL_Delay
                0x080001dc       0x24 Drivers\STM32F1xx_HAL_Driver\Src\stm32f1xx_hal.o
                0x080001dc                HAL_Delay
 .text.HAL_NVIC_SetPriorityGrouping
                0x08000200       0x24 Drivers\STM32F1xx_HAL_Driver\Src\stm32f1xx_hal_cortex.o
                0x08000200                HAL_NVIC_SetPriorityGrouping
 .text.HAL_NVIC_SetPriority
                0x08000224       0x68 Drivers\STM32F1xx_HAL_Driver\Src\stm32f1xx_hal_cortex.o
                0x08000224                HAL_NVIC_SetPriority
 .text.HAL_NVIC_EnableIRQ
                0x0800028c       0x18 Drivers\STM32F1xx_HAL_Driver\Src\stm32f1xx_hal_cortex.o
                0x0800028c                HAL_NVIC_EnableIRQ
 .text.HAL_SYSTICK_Config
                0x080002a4       0x2c Drivers\STM32F1xx_HAL_Driver\Src\stm32f1xx_hal_cortex.o
                0x080002a4                HAL_SYSTICK_Config
 .text.HAL_SYSTICK_CLKSourceConfig
                0x080002d0       0x18 Drivers\STM32F1xx_HAL_Driver\Src\stm32f1xx_hal_cortex.o
                0x080002d0                HAL_SYSTICK_CLKSourceConfig
 .text.HAL_SYSTICK_Callback
                0x080002e8        0x2 Drivers\STM32F1xx_HAL_Driver\Src\stm32f1xx_hal_cortex.o
                0x080002e8                HAL_SYSTICK_Callback
 .text.HAL_SYSTICK_IRQHandler
                0x080002ea        0x8 Drivers\STM32F1xx_HAL_Driver\Src\stm32f1xx_hal_cortex.o
                0x080002ea                HAL_SYSTICK_IRQHandler
 *fill*         0x080002f2        0x2 
 .text.HAL_GPIO_Init
                0x080002f4      0x1c0 Drivers\STM32F1xx_HAL_Driver\Src\stm32f1xx_hal_gpio.o
                0x080002f4                HAL_GPIO_Init
 .text.HAL_PCD_Init
                0x080004b4       0xd2 Drivers\STM32F1xx_HAL_Driver\Src\stm32f1xx_hal_pcd.o
                0x080004b4                HAL_PCD_Init
 .text.HAL_PCD_Start
                0x08000586       0x2e Drivers\STM32F1xx_HAL_Driver\Src\stm32f1xx_hal_pcd.o
                0x08000586                HAL_PCD_Start
 .text.HAL_PCD_SetAddress
                0x080005b4       0x28 Drivers\STM32F1xx_HAL_Driver\Src\stm32f1xx_hal_pcd.o
                0x080005b4                HAL_PCD_SetAddress
 .text.HAL_PCD_EP_Open
                0x080005dc       0x46 Drivers\STM32F1xx_HAL_Driver\Src\stm32f1xx_hal_pcd.o
                0x080005dc                HAL_PCD_EP_Open
 .text.HAL_PCD_EP_Close
                0x08000622       0x42 Drivers\STM32F1xx_HAL_Driver\Src\stm32f1xx_hal_pcd.o
                0x08000622                HAL_PCD_EP_Close
 .text.HAL_PCD_EP_Receive
                0x08000664       0x30 Drivers\STM32F1xx_HAL_Driver\Src\stm32f1xx_hal_pcd.o
                0x08000664                HAL_PCD_EP_Receive
 .text.HAL_PCD_EP_GetRxCount
                0x08000694        0xe Drivers\STM32F1xx_HAL_Driver\Src\stm32f1xx_hal_pcd.o
                0x08000694                HAL_PCD_EP_GetRxCount
 .text.HAL_PCD_EP_Transmit
                0x080006a2       0x2c Drivers\STM32F1xx_HAL_Driver\Src\stm32f1xx_hal_pcd.o
                0x080006a2                HAL_PCD_EP_Transmit
 *fill*         0x080006ce        0x2 
 .text.HAL_PCD_IRQHandler
                0x080006d0      0x4f0 Drivers\STM32F1xx_HAL_Driver\Src\stm32f1xx_hal_pcd.o
                0x080006d0                HAL_PCD_IRQHandler
 .text.HAL_PCD_EP_SetStall
                0x08000bc0       0x52 Drivers\STM32F1xx_HAL_Driver\Src\stm32f1xx_hal_pcd.o
                0x08000bc0                HAL_PCD_EP_SetStall
 .text.HAL_PCD_EP_ClrStall
                0x08000c12       0x46 Drivers\STM32F1xx_HAL_Driver\Src\stm32f1xx_hal_pcd.o
                0x08000c12                HAL_PCD_EP_ClrStall
 .text.HAL_PCDEx_PMAConfig
                0x08000c58       0x30 Drivers\STM32F1xx_HAL_Driver\Src\stm32f1xx_hal_pcd_ex.o
                0x08000c58                HAL_PCDEx_PMAConfig
 .text.HAL_RCC_OscConfig
                0x08000c88      0x318 Drivers\STM32F1xx_HAL_Driver\Src\stm32f1xx_hal_rcc.o
                0x08000c88                HAL_RCC_OscConfig
 .text.HAL_RCC_MCOConfig
                0x08000fa0       0x50 Drivers\STM32F1xx_HAL_Driver\Src\stm32f1xx_hal_rcc.o
                0x08000fa0                HAL_RCC_MCOConfig
 .text.HAL_RCC_GetSysClockFreq
                0x08000ff0       0x78 Drivers\STM32F1xx_HAL_Driver\Src\stm32f1xx_hal_rcc.o
                0x08000ff0                HAL_RCC_GetSysClockFreq
 .text.HAL_RCC_ClockConfig
                0x08001068      0x148 Drivers\STM32F1xx_HAL_Driver\Src\stm32f1xx_hal_rcc.o
                0x08001068                HAL_RCC_ClockConfig
 .text.HAL_RCC_GetHCLKFreq
                0x080011b0        0xc Drivers\STM32F1xx_HAL_Driver\Src\stm32f1xx_hal_rcc.o
                0x080011b0                HAL_RCC_GetHCLKFreq
 .text.HAL_RCCEx_PeriphCLKConfig
                0x080011bc       0xf0 Drivers\STM32F1xx_HAL_Driver\Src\stm32f1xx_hal_rcc_ex.o
                0x080011bc                HAL_RCCEx_PeriphCLKConfig
 .text.TIM_OC1_SetConfig
                0x080012ac       0x50 Drivers\STM32F1xx_HAL_Driver\Src\stm32f1xx_hal_tim.o
 .text.TIM_OC3_SetConfig
                0x080012fc       0x54 Drivers\STM32F1xx_HAL_Driver\Src\stm32f1xx_hal_tim.o
 .text.TIM_OC4_SetConfig
                0x08001350       0x44 Drivers\STM32F1xx_HAL_Driver\Src\stm32f1xx_hal_tim.o
 .text.HAL_TIM_Base_Start_IT
                0x08001394       0x16 Drivers\STM32F1xx_HAL_Driver\Src\stm32f1xx_hal_tim.o
                0x08001394                HAL_TIM_Base_Start_IT
 .text.HAL_TIM_ConfigClockSource
                0x080013aa      0x172 Drivers\STM32F1xx_HAL_Driver\Src\stm32f1xx_hal_tim.o
                0x080013aa                HAL_TIM_ConfigClockSource
 .text.HAL_TIM_PeriodElapsedCallback
                0x0800151c        0x2 Drivers\STM32F1xx_HAL_Driver\Src\stm32f1xx_hal_tim.o
                0x0800151c                HAL_TIM_PeriodElapsedCallback
 .text.HAL_TIM_OC_DelayElapsedCallback
                0x0800151e        0x2 Drivers\STM32F1xx_HAL_Driver\Src\stm32f1xx_hal_tim.o
                0x0800151e                HAL_TIM_OC_DelayElapsedCallback
 .text.HAL_TIM_IC_CaptureCallback
                0x08001520        0x2 Drivers\STM32F1xx_HAL_Driver\Src\stm32f1xx_hal_tim.o
                0x08001520                HAL_TIM_IC_CaptureCallback
 .text.HAL_TIM_PWM_PulseFinishedCallback
                0x08001522        0x2 Drivers\STM32F1xx_HAL_Driver\Src\stm32f1xx_hal_tim.o
                0x08001522                HAL_TIM_PWM_PulseFinishedCallback
 .text.HAL_TIM_TriggerCallback
                0x08001524        0x2 Drivers\STM32F1xx_HAL_Driver\Src\stm32f1xx_hal_tim.o
                0x08001524                HAL_TIM_TriggerCallback
 .text.HAL_TIM_IRQHandler
                0x08001526      0x144 Drivers\STM32F1xx_HAL_Driver\Src\stm32f1xx_hal_tim.o
                0x08001526                HAL_TIM_IRQHandler
 *fill*         0x0800166a        0x2 
 .text.TIM_Base_SetConfig
                0x0800166c       0x70 Drivers\STM32F1xx_HAL_Driver\Src\stm32f1xx_hal_tim.o
                0x0800166c                TIM_Base_SetConfig
 .text.HAL_TIM_Base_Init
                0x080016dc       0x34 Drivers\STM32F1xx_HAL_Driver\Src\stm32f1xx_hal_tim.o
                0x080016dc                HAL_TIM_Base_Init
 .text.HAL_TIM_PWM_Init
                0x08001710       0x34 Drivers\STM32F1xx_HAL_Driver\Src\stm32f1xx_hal_tim.o
                0x08001710                HAL_TIM_PWM_Init
 .text.TIM_OC2_SetConfig
                0x08001744       0x58 Drivers\STM32F1xx_HAL_Driver\Src\stm32f1xx_hal_tim.o
                0x08001744                TIM_OC2_SetConfig
 .text.HAL_TIM_PWM_ConfigChannel
                0x0800179c       0xc4 Drivers\STM32F1xx_HAL_Driver\Src\stm32f1xx_hal_tim.o
                0x0800179c                HAL_TIM_PWM_ConfigChannel
 .text.TIM_CCxChannelCmd
                0x08001860       0x18 Drivers\STM32F1xx_HAL_Driver\Src\stm32f1xx_hal_tim.o
                0x08001860                TIM_CCxChannelCmd
 .text.HAL_TIM_PWM_Start
                0x08001878       0x2c Drivers\STM32F1xx_HAL_Driver\Src\stm32f1xx_hal_tim.o
                0x08001878                HAL_TIM_PWM_Start
 .text.HAL_TIMEx_ConfigBreakDeadTime
                0x080018a4       0x4c Drivers\STM32F1xx_HAL_Driver\Src\stm32f1xx_hal_tim_ex.o
                0x080018a4                HAL_TIMEx_ConfigBreakDeadTime
 .text.HAL_TIMEx_MasterConfigSynchronization
                0x080018f0       0x44 Drivers\STM32F1xx_HAL_Driver\Src\stm32f1xx_hal_tim_ex.o
                0x080018f0                HAL_TIMEx_MasterConfigSynchronization
 .text.HAL_TIMEx_CommutationCallback
                0x08001934        0x2 Drivers\STM32F1xx_HAL_Driver\Src\stm32f1xx_hal_tim_ex.o
                0x08001934                HAL_TIMEx_CommutationCallback
 .text.HAL_TIMEx_BreakCallback
                0x08001936        0x2 Drivers\STM32F1xx_HAL_Driver\Src\stm32f1xx_hal_tim_ex.o
                0x08001936                HAL_TIMEx_BreakCallback
 .text.USB_CoreInit
                0x08001938        0xe Drivers\STM32F1xx_HAL_Driver\Src\stm32f1xx_ll_usb.o
                0x08001938                USB_CoreInit
 .text.USB_EnableGlobalInt
                0x08001946       0x12 Drivers\STM32F1xx_HAL_Driver\Src\stm32f1xx_ll_usb.o
                0x08001946                USB_EnableGlobalInt
 .text.USB_DisableGlobalInt
                0x08001958       0x14 Drivers\STM32F1xx_HAL_Driver\Src\stm32f1xx_ll_usb.o
                0x08001958                USB_DisableGlobalInt
 .text.USB_SetCurrentMode
                0x0800196c        0x4 Drivers\STM32F1xx_HAL_Driver\Src\stm32f1xx_ll_usb.o
                0x0800196c                USB_SetCurrentMode
 .text.USB_DevInit
                0x08001970       0x36 Drivers\STM32F1xx_HAL_Driver\Src\stm32f1xx_ll_usb.o
                0x08001970                USB_DevInit
 *fill*         0x080019a6        0x2 
 .text.USB_ActivateEndpoint
                0x080019a8      0x2e4 Drivers\STM32F1xx_HAL_Driver\Src\stm32f1xx_ll_usb.o
                0x080019a8                USB_ActivateEndpoint
 .text.USB_DeactivateEndpoint
                0x08001c8c      0x19c Drivers\STM32F1xx_HAL_Driver\Src\stm32f1xx_ll_usb.o
                0x08001c8c                USB_DeactivateEndpoint
 .text.USB_EPSetStall
                0x08001e28       0x64 Drivers\STM32F1xx_HAL_Driver\Src\stm32f1xx_ll_usb.o
                0x08001e28                USB_EPSetStall
 .text.USB_EPClearStall
                0x08001e8c       0x84 Drivers\STM32F1xx_HAL_Driver\Src\stm32f1xx_ll_usb.o
                0x08001e8c                USB_EPClearStall
 .text.USB_SetDevAddress
                0x08001f10        0xc Drivers\STM32F1xx_HAL_Driver\Src\stm32f1xx_ll_usb.o
                0x08001f10                USB_SetDevAddress
 .text.USB_DevConnect
                0x08001f1c        0x4 Drivers\STM32F1xx_HAL_Driver\Src\stm32f1xx_ll_usb.o
                0x08001f1c                USB_DevConnect
 .text.USB_DevDisconnect
                0x08001f20        0x4 Drivers\STM32F1xx_HAL_Driver\Src\stm32f1xx_ll_usb.o
                0x08001f20                USB_DevDisconnect
 .text.USB_ReadInterrupts
                0x08001f24        0x8 Drivers\STM32F1xx_HAL_Driver\Src\stm32f1xx_ll_usb.o
                0x08001f24                USB_ReadInterrupts
 .text.USB_EP0_OutStart
                0x08001f2c        0x4 Drivers\STM32F1xx_HAL_Driver\Src\stm32f1xx_ll_usb.o
                0x08001f2c                USB_EP0_OutStart
 .text.USB_WritePMA
                0x08001f30       0x22 Drivers\STM32F1xx_HAL_Driver\Src\stm32f1xx_ll_usb.o
                0x08001f30                USB_WritePMA
 *fill*         0x08001f52        0x2 
 .text.USB_EPStartXfer
                0x08001f54      0x200 Drivers\STM32F1xx_HAL_Driver\Src\stm32f1xx_ll_usb.o
                0x08001f54                USB_EPStartXfer
 .text.USB_ReadPMA
                0x08002154       0x22 Drivers\STM32F1xx_HAL_Driver\Src\stm32f1xx_ll_usb.o
                0x08002154                USB_ReadPMA
 .text.USBD_CDC_DataIn
                0x08002176       0x12 Middlewares\ST\STM32_USB_Device_Library\Class\CDC\Src\usbd_cdc.o
 .text.USBD_CDC_EP0_RxReady
                0x08002188       0x28 Middlewares\ST\STM32_USB_Device_Library\Class\CDC\Src\usbd_cdc.o
 .text.USBD_CDC_GetFSCfgDesc
                0x080021b0        0xc Middlewares\ST\STM32_USB_Device_Library\Class\CDC\Src\usbd_cdc.o
 .text.USBD_CDC_GetHSCfgDesc
                0x080021bc        0xc Middlewares\ST\STM32_USB_Device_Library\Class\CDC\Src\usbd_cdc.o
 .text.USBD_CDC_GetOtherSpeedCfgDesc
                0x080021c8        0xc Middlewares\ST\STM32_USB_Device_Library\Class\CDC\Src\usbd_cdc.o
 .text.USBD_CDC_GetDeviceQualifierDescriptor
                0x080021d4        0xc Middlewares\ST\STM32_USB_Device_Library\Class\CDC\Src\usbd_cdc.o
                0x080021d4                USBD_CDC_GetDeviceQualifierDescriptor
 .text.USBD_CDC_DataOut
                0x080021e0       0x2e Middlewares\ST\STM32_USB_Device_Library\Class\CDC\Src\usbd_cdc.o
 *fill*         0x0800220e        0x2 
 .text.USBD_CDC_Setup
                0x08002210       0x68 Middlewares\ST\STM32_USB_Device_Library\Class\CDC\Src\usbd_cdc.o
 .text.USBD_CDC_DeInit
                0x08002278       0x3a Middlewares\ST\STM32_USB_Device_Library\Class\CDC\Src\usbd_cdc.o
 .text.USBD_CDC_Init
                0x080022b2       0x8c Middlewares\ST\STM32_USB_Device_Library\Class\CDC\Src\usbd_cdc.o
 .text.USBD_CDC_RegisterInterface
                0x0800233e        0xe Middlewares\ST\STM32_USB_Device_Library\Class\CDC\Src\usbd_cdc.o
                0x0800233e                USBD_CDC_RegisterInterface
 .text.USBD_CDC_SetTxBuffer
                0x0800234c       0x10 Middlewares\ST\STM32_USB_Device_Library\Class\CDC\Src\usbd_cdc.o
                0x0800234c                USBD_CDC_SetTxBuffer
 .text.USBD_CDC_SetRxBuffer
                0x0800235c        0xc Middlewares\ST\STM32_USB_Device_Library\Class\CDC\Src\usbd_cdc.o
                0x0800235c                USBD_CDC_SetRxBuffer
 .text.USBD_CDC_TransmitPacket
                0x08002368       0x2e Middlewares\ST\STM32_USB_Device_Library\Class\CDC\Src\usbd_cdc.o
                0x08002368                USBD_CDC_TransmitPacket
 .text.USBD_CDC_ReceivePacket
                0x08002396       0x26 Middlewares\ST\STM32_USB_Device_Library\Class\CDC\Src\usbd_cdc.o
                0x08002396                USBD_CDC_ReceivePacket
 .text.USBD_Init
                0x080023bc       0x2a Middlewares\ST\STM32_USB_Device_Library\Core\Src\usbd_core.o
                0x080023bc                USBD_Init
 .text.USBD_RegisterClass
                0x080023e6        0xe Middlewares\ST\STM32_USB_Device_Library\Core\Src\usbd_core.o
                0x080023e6                USBD_RegisterClass
 .text.USBD_Start
                0x080023f4        0xa Middlewares\ST\STM32_USB_Device_Library\Core\Src\usbd_core.o
                0x080023f4                USBD_Start
 .text.USBD_SetClassConfig
                0x080023fe       0x16 Middlewares\ST\STM32_USB_Device_Library\Core\Src\usbd_core.o
                0x080023fe                USBD_SetClassConfig
 .text.USBD_ClrClassConfig
                0x08002414        0xe Middlewares\ST\STM32_USB_Device_Library\Core\Src\usbd_core.o
                0x08002414                USBD_ClrClassConfig
 .text.USBD_LL_SetupStage
                0x08002422       0x5a Middlewares\ST\STM32_USB_Device_Library\Core\Src\usbd_core.o
                0x08002422                USBD_LL_SetupStage
 .text.USBD_LL_DataOutStage
                0x0800247c       0x64 Middlewares\ST\STM32_USB_Device_Library\Core\Src\usbd_core.o
                0x0800247c                USBD_LL_DataOutStage
 .text.USBD_LL_DataInStage
                0x080024e0       0x9e Middlewares\ST\STM32_USB_Device_Library\Core\Src\usbd_core.o
                0x080024e0                USBD_LL_DataInStage
 .text.USBD_LL_Reset
                0x0800257e       0x3e Middlewares\ST\STM32_USB_Device_Library\Core\Src\usbd_core.o
                0x0800257e                USBD_LL_Reset
 .text.USBD_LL_SetSpeed
                0x080025bc        0x6 Middlewares\ST\STM32_USB_Device_Library\Core\Src\usbd_core.o
                0x080025bc                USBD_LL_SetSpeed
 .text.USBD_LL_Suspend
                0x080025c2       0x12 Middlewares\ST\STM32_USB_Device_Library\Core\Src\usbd_core.o
                0x080025c2                USBD_LL_Suspend
 .text.USBD_LL_Resume
                0x080025d4        0xc Middlewares\ST\STM32_USB_Device_Library\Core\Src\usbd_core.o
                0x080025d4                USBD_LL_Resume
 .text.USBD_LL_SOF
                0x080025e0       0x18 Middlewares\ST\STM32_USB_Device_Library\Core\Src\usbd_core.o
                0x080025e0                USBD_LL_SOF
 .text.USBD_CtlError.constprop.0
                0x080025f8       0x16 Middlewares\ST\STM32_USB_Device_Library\Core\Src\usbd_ctlreq.o
 *fill*         0x0800260e        0x2 
 .text.USBD_StdDevReq
                0x08002610      0x1f4 Middlewares\ST\STM32_USB_Device_Library\Core\Src\usbd_ctlreq.o
                0x08002610                USBD_StdDevReq
 .text.USBD_StdItfReq
                0x08002804       0x30 Middlewares\ST\STM32_USB_Device_Library\Core\Src\usbd_ctlreq.o
                0x08002804                USBD_StdItfReq
 .text.USBD_StdEPReq
                0x08002834       0xc6 Middlewares\ST\STM32_USB_Device_Library\Core\Src\usbd_ctlreq.o
                0x08002834                USBD_StdEPReq
 .text.USBD_ParseSetupRequest
                0x080028fa       0x28 Middlewares\ST\STM32_USB_Device_Library\Core\Src\usbd_ctlreq.o
                0x080028fa                USBD_ParseSetupRequest
 .text.USBD_GetString
                0x08002922       0x38 Middlewares\ST\STM32_USB_Device_Library\Core\Src\usbd_ctlreq.o
                0x08002922                USBD_GetString
 .text.USBD_CtlSendData
                0x0800295a       0x1a Middlewares\ST\STM32_USB_Device_Library\Core\Src\usbd_ioreq.o
                0x0800295a                USBD_CtlSendData
 .text.USBD_CtlContinueSendData
                0x08002974       0x10 Middlewares\ST\STM32_USB_Device_Library\Core\Src\usbd_ioreq.o
                0x08002974                USBD_CtlContinueSendData
 .text.USBD_CtlPrepareRx
                0x08002984       0x1e Middlewares\ST\STM32_USB_Device_Library\Core\Src\usbd_ioreq.o
                0x08002984                USBD_CtlPrepareRx
 .text.USBD_CtlContinueRx
                0x080029a2       0x10 Middlewares\ST\STM32_USB_Device_Library\Core\Src\usbd_ioreq.o
                0x080029a2                USBD_CtlContinueRx
 .text.USBD_CtlSendStatus
                0x080029b2       0x16 Middlewares\ST\STM32_USB_Device_Library\Core\Src\usbd_ioreq.o
                0x080029b2                USBD_CtlSendStatus
 .text.USBD_CtlReceiveStatus
                0x080029c8       0x16 Middlewares\ST\STM32_USB_Device_Library\Core\Src\usbd_ioreq.o
                0x080029c8                USBD_CtlReceiveStatus
 *fill*         0x080029de        0x2 
 .text.TIM2_IRQHandler
                0x080029e0       0x54 Src\main.o
                0x080029e0                TIM2_IRQHandler
 .text.TIM3_IRQHandler
                0x08002a34       0x28 Src\main.o
                0x08002a34                TIM3_IRQHandler
 .text.SystemClock_Config
                0x08002a5c       0x86 Src\main.o
                0x08002a5c                SystemClock_Config
 *fill*         0x08002ae2        0x2 
 .text.startup.main
                0x08002ae4      0x2bc Src\main.o
                0x08002ae4                main
 .text._Error_Handler
                0x08002da0        0x2 Src\main.o
                0x08002da0                _Error_Handler
 *fill*         0x08002da2        0x2 
 .text.HAL_MspInit
                0x08002da4       0x8c Src\stm32f1xx_hal_msp.o
                0x08002da4                HAL_MspInit
 .text.HAL_TIM_PWM_MspInit
                0x08002e30       0x28 Src\stm32f1xx_hal_msp.o
                0x08002e30                HAL_TIM_PWM_MspInit
 .text.HAL_TIM_Base_MspInit
                0x08002e58       0x80 Src\stm32f1xx_hal_msp.o
                0x08002e58                HAL_TIM_Base_MspInit
 .text.HAL_TIM_MspPostInit
                0x08002ed8       0x50 Src\stm32f1xx_hal_msp.o
                0x08002ed8                HAL_TIM_MspPostInit
 .text.NMI_Handler
                0x08002f28        0x2 Src\stm32f1xx_it.o
                0x08002f28                NMI_Handler
 .text.HardFault_Handler
                0x08002f2a        0x2 Src\stm32f1xx_it.o
                0x08002f2a                HardFault_Handler
 .text.MemManage_Handler
                0x08002f2c        0x2 Src\stm32f1xx_it.o
                0x08002f2c                MemManage_Handler
 .text.BusFault_Handler
                0x08002f2e        0x2 Src\stm32f1xx_it.o
                0x08002f2e                BusFault_Handler
 .text.UsageFault_Handler
                0x08002f30        0x2 Src\stm32f1xx_it.o
                0x08002f30                UsageFault_Handler
 .text.SVC_Handler
                0x08002f32        0x2 Src\stm32f1xx_it.o
                0x08002f32                SVC_Handler
 .text.DebugMon_Handler
                0x08002f34        0x2 Src\stm32f1xx_it.o
                0x08002f34                DebugMon_Handler
 .text.PendSV_Handler
                0x08002f36        0x2 Src\stm32f1xx_it.o
                0x08002f36                PendSV_Handler
 .text.SysTick_Handler
                0x08002f38        0xe Src\stm32f1xx_it.o
                0x08002f38                SysTick_Handler
 *fill*         0x08002f46        0x2 
 .text.USB_LP_CAN1_RX0_IRQHandler
                0x08002f48        0xc Src\stm32f1xx_it.o
                0x08002f48                USB_LP_CAN1_RX0_IRQHandler
 .text.USB_HP_CAN1_TX_IRQHandler
                0x08002f54        0x4 Src\stm32f1xx_it.o
                0x08002f54                USB_HP_CAN1_TX_IRQHandler
 .text.SystemInit
                0x08002f58       0x4c Src\system_stm32f1xx.o
                0x08002f58                SystemInit
 .text.MX_USB_DEVICE_Init
                0x08002fa4       0x38 Src\usb_device.o
                0x08002fa4                MX_USB_DEVICE_Init
 .text.CDC_DeInit_FS
                0x08002fdc        0x4 Src\usbd_cdc_if.o
 .text.CDC_Control_FS
                0x08002fe0        0x4 Src\usbd_cdc_if.o
 .text.CDC_Receive_FS
                0x08002fe4       0x1c Src\usbd_cdc_if.o
 .text.CDC_Init_FS
                0x08003000       0x28 Src\usbd_cdc_if.o
 .text.CDC_Transmit_FS
                0x08003028       0x28 Src\usbd_cdc_if.o
                0x08003028                CDC_Transmit_FS
 .text.USBsend  0x08003050       0x12 Src\usbd_cdc_if.o
                0x08003050                USBsend
 *fill*         0x08003062        0x2 
 .text.USBsend_Int
                0x08003064       0x20 Src\usbd_cdc_if.o
                0x08003064                USBsend_Int
 .text.HAL_PCD_MspInit
                0x08003084       0x4c Src\usbd_conf.o
                0x08003084                HAL_PCD_MspInit
 .text.HAL_PCD_SetupStageCallback
                0x080030d0        0xc Src\usbd_conf.o
                0x080030d0                HAL_PCD_SetupStageCallback
 .text.HAL_PCD_DataOutStageCallback
                0x080030dc       0x10 Src\usbd_conf.o
                0x080030dc                HAL_PCD_DataOutStageCallback
 .text.HAL_PCD_DataInStageCallback
                0x080030ec        0xe Src\usbd_conf.o
                0x080030ec                HAL_PCD_DataInStageCallback
 .text.HAL_PCD_SOFCallback
                0x080030fa        0x8 Src\usbd_conf.o
                0x080030fa                HAL_PCD_SOFCallback
 .text.HAL_PCD_ResetCallback
                0x08003102       0x1a Src\usbd_conf.o
                0x08003102                HAL_PCD_ResetCallback
 .text.HAL_PCD_SuspendCallback
                0x0800311c       0x20 Src\usbd_conf.o
                0x0800311c                HAL_PCD_SuspendCallback
 .text.HAL_PCD_ResumeCallback
                0x0800313c        0x8 Src\usbd_conf.o
                0x0800313c                HAL_PCD_ResumeCallback
 .text.USBD_LL_Init
                0x08003144       0x90 Src\usbd_conf.o
                0x08003144                USBD_LL_Init
 .text.USBD_LL_Start
                0x080031d4       0x1c Src\usbd_conf.o
                0x080031d4                USBD_LL_Start
 .text.USBD_LL_OpenEP
                0x080031f0       0x20 Src\usbd_conf.o
                0x080031f0                USBD_LL_OpenEP
 .text.USBD_LL_CloseEP
                0x08003210       0x1c Src\usbd_conf.o
                0x08003210                USBD_LL_CloseEP
 .text.USBD_LL_StallEP
                0x0800322c       0x1c Src\usbd_conf.o
                0x0800322c                USBD_LL_StallEP
 .text.USBD_LL_ClearStallEP
                0x08003248       0x1c Src\usbd_conf.o
                0x08003248                USBD_LL_ClearStallEP
 .text.USBD_LL_IsStallEP
                0x08003264       0x20 Src\usbd_conf.o
                0x08003264                USBD_LL_IsStallEP
 .text.USBD_LL_SetUSBAddress
                0x08003284       0x1c Src\usbd_conf.o
                0x08003284                USBD_LL_SetUSBAddress
 .text.USBD_LL_Transmit
                0x080032a0       0x1c Src\usbd_conf.o
                0x080032a0                USBD_LL_Transmit
 .text.USBD_LL_PrepareReceive
                0x080032bc       0x1c Src\usbd_conf.o
                0x080032bc                USBD_LL_PrepareReceive
 .text.USBD_LL_GetRxDataSize
                0x080032d8        0xc Src\usbd_conf.o
                0x080032d8                USBD_LL_GetRxDataSize
 .text.USBD_static_malloc
                0x080032e4        0x8 Src\usbd_conf.o
                0x080032e4                USBD_static_malloc
 .text.USBD_static_free
                0x080032ec        0x2 Src\usbd_conf.o
                0x080032ec                USBD_static_free
 .text.HAL_PCDEx_SetConnectionState
                0x080032ee        0x2 Src\usbd_conf.o
                0x080032ee                HAL_PCDEx_SetConnectionState
 .text.USBD_FS_DeviceDescriptor
                0x080032f0        0xc Src\usbd_desc.o
                0x080032f0                USBD_FS_DeviceDescriptor
 .text.USBD_FS_LangIDStrDescriptor
                0x080032fc        0xc Src\usbd_desc.o
                0x080032fc                USBD_FS_LangIDStrDescriptor
 .text.USBD_FS_ManufacturerStrDescriptor
                0x08003308       0x1c Src\usbd_desc.o
                0x08003308                USBD_FS_ManufacturerStrDescriptor
 .text.USBD_FS_ProductStrDescriptor
                0x08003324       0x1c Src\usbd_desc.o
                0x08003324                USBD_FS_ProductStrDescriptor
 .text.USBD_FS_SerialStrDescriptor
                0x08003340       0x1c Src\usbd_desc.o
                0x08003340                USBD_FS_SerialStrDescriptor
 .text.USBD_FS_ConfigStrDescriptor
                0x0800335c       0x1c Src\usbd_desc.o
                0x0800335c                USBD_FS_ConfigStrDescriptor
 .text.USBD_FS_InterfaceStrDescriptor
                0x08003378       0x1c Src\usbd_desc.o
                0x08003378                USBD_FS_InterfaceStrDescriptor
 .text.Reset_Handler
                0x08003394       0x48 startup\startup_stm32f103xb.o
                0x08003394                Reset_Handler
 .text.Default_Handler
                0x080033dc        0x2 startup\startup_stm32f103xb.o
                0x080033dc                RTC_Alarm_IRQHandler
                0x080033dc                EXTI2_IRQHandler
                0x080033dc                TIM1_CC_IRQHandler
                0x080033dc                PVD_IRQHandler
                0x080033dc                EXTI3_IRQHandler
                0x080033dc                EXTI0_IRQHandler
                0x080033dc                I2C2_EV_IRQHandler
                0x080033dc                ADC1_2_IRQHandler
                0x080033dc                SPI1_IRQHandler
                0x080033dc                TAMPER_IRQHandler
                0x080033dc                DMA1_Channel4_IRQHandler
                0x080033dc                USART3_IRQHandler
                0x080033dc                RTC_IRQHandler
                0x080033dc                DMA1_Channel7_IRQHandler
                0x080033dc                CAN1_RX1_IRQHandler
                0x080033dc                TIM4_IRQHandler
                0x080033dc                I2C1_EV_IRQHandler
                0x080033dc                DMA1_Channel6_IRQHandler
                0x080033dc                RCC_IRQHandler
                0x080033dc                TIM1_TRG_COM_IRQHandler
                0x080033dc                DMA1_Channel1_IRQHandler
                0x080033dc                Default_Handler
                0x080033dc                EXTI15_10_IRQHandler
                0x080033dc                EXTI9_5_IRQHandler
                0x080033dc                SPI2_IRQHandler
                0x080033dc                DMA1_Channel5_IRQHandler
                0x080033dc                EXTI4_IRQHandler
                0x080033dc                DMA1_Channel3_IRQHandler
                0x080033dc                TIM1_UP_IRQHandler
                0x080033dc                WWDG_IRQHandler
                0x080033dc                TIM1_BRK_IRQHandler
                0x080033dc                EXTI1_IRQHandler
                0x080033dc                USART2_IRQHandler
                0x080033dc                I2C2_ER_IRQHandler
                0x080033dc                DMA1_Channel2_IRQHandler
                0x080033dc                CAN1_SCE_IRQHandler
                0x080033dc                FLASH_IRQHandler
                0x080033dc                USART1_IRQHandler
                0x080033dc                I2C1_ER_IRQHandler
                0x080033dc                USBWakeUp_IRQHandler
 *fill*         0x080033de        0x2 
 .text.__libc_init_array
                0x080033e0       0x48 d:/programs/attolic/truestudio for stm32 9.0.0/armtools/bin/../lib/gcc/arm-atollic-eabi/6.3.1/../../../../arm-atollic-eabi/lib/armv7-m\libc_nano.a(lib_a-init.o)
                0x080033e0                __libc_init_array
 .text.memset   0x08003428       0x10 d:/programs/attolic/truestudio for stm32 9.0.0/armtools/bin/../lib/gcc/arm-atollic-eabi/6.3.1/../../../../arm-atollic-eabi/lib/armv7-m\libc_nano.a(lib_a-memset.o)
                0x08003428                memset
 .text.sprintf  0x08003438       0x48 d:/programs/attolic/truestudio for stm32 9.0.0/armtools/bin/../lib/gcc/arm-atollic-eabi/6.3.1/../../../../arm-atollic-eabi/lib/armv7-m\libc_nano.a(lib_a-sprintf.o)
                0x08003438                siprintf
                0x08003438                sprintf
 .text.__ssputs_r
                0x08003480       0xb6 d:/programs/attolic/truestudio for stm32 9.0.0/armtools/bin/../lib/gcc/arm-atollic-eabi/6.3.1/../../../../arm-atollic-eabi/lib/armv7-m\libc_nano.a(lib_a-nano-svfprintf.o)
                0x08003480                __ssputs_r
 *fill*         0x08003536        0x2 
 .text._svfprintf_r
                0x08003538      0x1e8 d:/programs/attolic/truestudio for stm32 9.0.0/armtools/bin/../lib/gcc/arm-atollic-eabi/6.3.1/../../../../arm-atollic-eabi/lib/armv7-m\libc_nano.a(lib_a-nano-svfprintf.o)
                0x08003538                _svfiprintf_r
                0x08003538                _svfprintf_r
 .text._printf_common
                0x08003720       0xee d:/programs/attolic/truestudio for stm32 9.0.0/armtools/bin/../lib/gcc/arm-atollic-eabi/6.3.1/../../../../arm-atollic-eabi/lib/armv7-m\libc_nano.a(lib_a-nano-vfprintf_i.o)
                0x08003720                _printf_common
 *fill*         0x0800380e        0x2 
 .text._printf_i
                0x08003810      0x240 d:/programs/attolic/truestudio for stm32 9.0.0/armtools/bin/../lib/gcc/arm-atollic-eabi/6.3.1/../../../../arm-atollic-eabi/lib/armv7-m\libc_nano.a(lib_a-nano-vfprintf_i.o)
                0x08003810                _printf_i
 .text.memchr   0x08003a50       0x1c d:/programs/attolic/truestudio for stm32 9.0.0/armtools/bin/../lib/gcc/arm-atollic-eabi/6.3.1/../../../../arm-atollic-eabi/lib/armv7-m\libc_nano.a(lib_a-memchr-stub.o)
                0x08003a50                memchr
 .text.memcpy   0x08003a6c       0x16 d:/programs/attolic/truestudio for stm32 9.0.0/armtools/bin/../lib/gcc/arm-atollic-eabi/6.3.1/../../../../arm-atollic-eabi/lib/armv7-m\libc_nano.a(lib_a-memcpy-stub.o)
                0x08003a6c                memcpy
 .text.memmove  0x08003a82       0x34 d:/programs/attolic/truestudio for stm32 9.0.0/armtools/bin/../lib/gcc/arm-atollic-eabi/6.3.1/../../../../arm-atollic-eabi/lib/armv7-m\libc_nano.a(lib_a-memmove.o)
                0x08003a82                memmove
 *fill*         0x08003ab6        0x2 
 .text._free_r  0x08003ab8       0x98 d:/programs/attolic/truestudio for stm32 9.0.0/armtools/bin/../lib/gcc/arm-atollic-eabi/6.3.1/../../../../arm-atollic-eabi/lib/armv7-m\libc_nano.a(lib_a-nano-freer.o)
                0x08003ab8                _free_r
 .text._malloc_r
                0x08003b50       0xbc d:/programs/attolic/truestudio for stm32 9.0.0/armtools/bin/../lib/gcc/arm-atollic-eabi/6.3.1/../../../../arm-atollic-eabi/lib/armv7-m\libc_nano.a(lib_a-nano-mallocr.o)
                0x08003b50                _malloc_r
 .text._realloc_r
                0x08003c0c       0x4c d:/programs/attolic/truestudio for stm32 9.0.0/armtools/bin/../lib/gcc/arm-atollic-eabi/6.3.1/../../../../arm-atollic-eabi/lib/armv7-m\libc_nano.a(lib_a-nano-reallocr.o)
                0x08003c0c                _realloc_r
 .text._sbrk_r  0x08003c58       0x20 d:/programs/attolic/truestudio for stm32 9.0.0/armtools/bin/../lib/gcc/arm-atollic-eabi/6.3.1/../../../../arm-atollic-eabi/lib/armv7-m\libc_nano.a(lib_a-sbrkr.o)
                0x08003c58                _sbrk_r
 .text.__malloc_lock
                0x08003c78        0x2 d:/programs/attolic/truestudio for stm32 9.0.0/armtools/bin/../lib/gcc/arm-atollic-eabi/6.3.1/../../../../arm-atollic-eabi/lib/armv7-m\libc_nano.a(lib_a-mlock.o)
                0x08003c78                __malloc_lock
 .text.__malloc_unlock
                0x08003c7a        0x2 d:/programs/attolic/truestudio for stm32 9.0.0/armtools/bin/../lib/gcc/arm-atollic-eabi/6.3.1/../../../../arm-atollic-eabi/lib/armv7-m\libc_nano.a(lib_a-mlock.o)
                0x08003c7a                __malloc_unlock
 .text._malloc_usable_size_r
                0x08003c7c       0x12 d:/programs/attolic/truestudio for stm32 9.0.0/armtools/bin/../lib/gcc/arm-atollic-eabi/6.3.1/../../../../arm-atollic-eabi/lib/armv7-m\libc_nano.a(lib_a-nano-msizer.o)
                0x08003c7c                _malloc_usable_size_r
 *fill*         0x08003c8e        0x2 
 .text._sbrk    0x08003c90       0x1c d:/programs/attolic/truestudio for stm32 9.0.0/armtools/bin/../lib/gcc/arm-atollic-eabi/6.3.1/../../../../arm-atollic-eabi/lib/armv7-m\libnosys.a(sbrk.o)
                0x08003c90                _sbrk
 *(.glue_7)
 .glue_7        0x08003cac        0x0 linker stubs
 *(.glue_7t)
 .glue_7t       0x08003cac        0x0 linker stubs
 *(.eh_frame)
 .eh_frame      0x08003cac        0x0 d:/programs/attolic/truestudio for stm32 9.0.0/armtools/bin/../lib/gcc/arm-atollic-eabi/6.3.1/armv7-m/crtbegin.o
 *(.init)
 .init          0x08003cac        0x4 d:/programs/attolic/truestudio for stm32 9.0.0/armtools/bin/../lib/gcc/arm-atollic-eabi/6.3.1/armv7-m/crti.o
                0x08003cac                _init
 .init          0x08003cb0        0x8 d:/programs/attolic/truestudio for stm32 9.0.0/armtools/bin/../lib/gcc/arm-atollic-eabi/6.3.1/armv7-m/crtn.o
 *(.fini)
 .fini          0x08003cb8        0x4 d:/programs/attolic/truestudio for stm32 9.0.0/armtools/bin/../lib/gcc/arm-atollic-eabi/6.3.1/armv7-m/crti.o
                0x08003cb8                _fini
 .fini          0x08003cbc        0x8 d:/programs/attolic/truestudio for stm32 9.0.0/armtools/bin/../lib/gcc/arm-atollic-eabi/6.3.1/armv7-m/crtn.o
                0x08003cc4                . = ALIGN (0x4)
                0x08003cc4                _etext = .

.vfp11_veneer   0x08003cc4        0x0
 .vfp11_veneer  0x08003cc4        0x0 linker stubs

.v4_bx          0x08003cc4        0x0
 .v4_bx         0x08003cc4        0x0 linker stubs

.iplt           0x08003cc4        0x0
 .iplt          0x08003cc4        0x0 d:/programs/attolic/truestudio for stm32 9.0.0/armtools/bin/../lib/gcc/arm-atollic-eabi/6.3.1/armv7-m/crtbegin.o

.rodata         0x08003cc4      0x150
                0x08003cc4                . = ALIGN (0x4)
 *(.rodata)
 .rodata        0x08003cc4       0x10 Drivers\STM32F1xx_HAL_Driver\Src\stm32f1xx_hal_rcc.o
 *(.rodata*)
 .rodata.main.str1.1
                0x08003cd4       0x94 Src\main.o
 .rodata.AHBPrescTable
                0x08003d68       0x10 Src\system_stm32f1xx.o
                0x08003d68                AHBPrescTable
 .rodata.USBsend_Int.str1.1
                0x08003d78        0x3 Src\usbd_cdc_if.o
 .rodata.CSWTCH.39
                0x08003d7b        0x4 Src\usbd_conf.o
 .rodata.USBD_LL_Init.str1.1
                0x08003d7f       0x13 Src\usbd_conf.o
 .rodata.USBD_FS_ConfigStrDescriptor.str1.1
                0x08003d92        0xb Src\usbd_desc.o
 .rodata.USBD_FS_InterfaceStrDescriptor.str1.1
                0x08003d9d        0xe Src\usbd_desc.o
 .rodata.USBD_FS_ManufacturerStrDescriptor.str1.1
                0x08003dab       0x13 Src\usbd_desc.o
 .rodata.USBD_FS_ProductStrDescriptor.str1.1
                0x08003dbe       0x16 Src\usbd_desc.o
 .rodata.USBD_FS_SerialStrDescriptor.str1.1
                0x08003dd4        0xd Src\usbd_desc.o
 .rodata._svfprintf_r.str1.1
                0x08003de1       0x11 d:/programs/attolic/truestudio for stm32 9.0.0/armtools/bin/../lib/gcc/arm-atollic-eabi/6.3.1/../../../../arm-atollic-eabi/lib/armv7-m\libc_nano.a(lib_a-nano-svfprintf.o)
 .rodata._printf_i.str1.1
                0x08003df2       0x22 d:/programs/attolic/truestudio for stm32 9.0.0/armtools/bin/../lib/gcc/arm-atollic-eabi/6.3.1/../../../../arm-atollic-eabi/lib/armv7-m\libc_nano.a(lib_a-nano-vfprintf_i.o)
                0x08003e14                . = ALIGN (0x4)

.rel.dyn        0x08003e14        0x0
 .rel.iplt      0x08003e14        0x0 d:/programs/attolic/truestudio for stm32 9.0.0/armtools/bin/../lib/gcc/arm-atollic-eabi/6.3.1/armv7-m/crtbegin.o

.ARM.extab
 *(.ARM.extab* .gnu.linkonce.armextab.*)

.ARM            0x08003e14        0x0
                0x08003e14                __exidx_start = .
 *(.ARM.exidx*)
                0x08003e14                __exidx_end = .

.preinit_array  0x08003e14        0x0
                0x08003e14                PROVIDE (__preinit_array_start, .)
 *(.preinit_array*)
                0x08003e14                PROVIDE (__preinit_array_end, .)

.init_array     0x08003e14        0x4
                0x08003e14                PROVIDE (__init_array_start, .)
 *(SORT(.init_array.*))
 *(.init_array*)
 .init_array    0x08003e14        0x4 d:/programs/attolic/truestudio for stm32 9.0.0/armtools/bin/../lib/gcc/arm-atollic-eabi/6.3.1/armv7-m/crtbegin.o
                0x08003e18                PROVIDE (__init_array_end, .)

.fini_array     0x08003e18        0x4
                [!provide]                PROVIDE (__fini_array_start, .)
 *(SORT(.fini_array.*))
 *(.fini_array*)
 .fini_array    0x08003e18        0x4 d:/programs/attolic/truestudio for stm32 9.0.0/armtools/bin/../lib/gcc/arm-atollic-eabi/6.3.1/armv7-m/crtbegin.o
                [!provide]                PROVIDE (__fini_array_end, .)
                0x08003e1c                _sidata = LOADADDR (.data)

.data           0x20000000      0x1c4 load address 0x08003e1c
                0x20000000                . = ALIGN (0x4)
                0x20000000                _sdata = .
 *(.data)
 *(.data*)
 .data.uwTickFreq
                0x20000000        0x1 Drivers\STM32F1xx_HAL_Driver\Src\stm32f1xx_hal.o
                0x20000000                uwTickFreq
 *fill*         0x20000001        0x3 
 .data.uwTickPrio
                0x20000004        0x4 Drivers\STM32F1xx_HAL_Driver\Src\stm32f1xx_hal.o
                0x20000004                uwTickPrio
 .data.USBD_CDC
                0x20000008       0x38 Middlewares\ST\STM32_USB_Device_Library\Class\CDC\Src\usbd_cdc.o
                0x20000008                USBD_CDC
 .data.USBD_CDC_CfgFSDesc
                0x20000040       0x43 Middlewares\ST\STM32_USB_Device_Library\Class\CDC\Src\usbd_cdc.o
                0x20000040                USBD_CDC_CfgFSDesc
 *fill*         0x20000083        0x1 
 .data.USBD_CDC_CfgHSDesc
                0x20000084       0x43 Middlewares\ST\STM32_USB_Device_Library\Class\CDC\Src\usbd_cdc.o
                0x20000084                USBD_CDC_CfgHSDesc
 *fill*         0x200000c7        0x1 
 .data.USBD_CDC_DeviceQualifierDesc
                0x200000c8        0xa Middlewares\ST\STM32_USB_Device_Library\Class\CDC\Src\usbd_cdc.o
 *fill*         0x200000d2        0x2 
 .data.USBD_CDC_OtherSpeedCfgDesc
                0x200000d4       0x43 Middlewares\ST\STM32_USB_Device_Library\Class\CDC\Src\usbd_cdc.o
                0x200000d4                USBD_CDC_OtherSpeedCfgDesc
 *fill*         0x20000117        0x1 
 .data.SystemCoreClock
                0x20000118        0x4 Src\system_stm32f1xx.o
                0x20000118                SystemCoreClock
 .data.USBD_Interface_fops_FS
                0x2000011c       0x10 Src\usbd_cdc_if.o
                0x2000011c                USBD_Interface_fops_FS
 .data.FS_Desc  0x2000012c       0x1c Src\usbd_desc.o
                0x2000012c                FS_Desc
 .data.USBD_FS_DeviceDesc
                0x20000148       0x12 Src\usbd_desc.o
                0x20000148                USBD_FS_DeviceDesc
 *fill*         0x2000015a        0x2 
 .data.USBD_LangIDDesc
                0x2000015c        0x4 Src\usbd_desc.o
                0x2000015c                USBD_LangIDDesc
 .data._impure_ptr
                0x20000160        0x4 d:/programs/attolic/truestudio for stm32 9.0.0/armtools/bin/../lib/gcc/arm-atollic-eabi/6.3.1/../../../../arm-atollic-eabi/lib/armv7-m\libc_nano.a(lib_a-impure.o)
                0x20000160                _impure_ptr
 .data.impure_data
                0x20000164       0x60 d:/programs/attolic/truestudio for stm32 9.0.0/armtools/bin/../lib/gcc/arm-atollic-eabi/6.3.1/../../../../arm-atollic-eabi/lib/armv7-m\libc_nano.a(lib_a-impure.o)
                0x200001c4                . = ALIGN (0x4)
                0x200001c4                _edata = .

.igot.plt       0x200001c4        0x0 load address 0x08003fe0
 .igot.plt      0x200001c4        0x0 d:/programs/attolic/truestudio for stm32 9.0.0/armtools/bin/../lib/gcc/arm-atollic-eabi/6.3.1/armv7-m/crtbegin.o
                0x200001c4                . = ALIGN (0x4)

.bss            0x200001c4     0x13b4 load address 0x08003fe0
                0x200001c4                _sbss = .
                0x200001c4                __bss_start__ = _sbss
 *(.bss)
 .bss           0x200001c4       0x1c d:/programs/attolic/truestudio for stm32 9.0.0/armtools/bin/../lib/gcc/arm-atollic-eabi/6.3.1/armv7-m/crtbegin.o
 *(.bss*)
 .bss.ifalt.7959
                0x200001e0        0x1 Middlewares\ST\STM32_USB_Device_Library\Class\CDC\Src\usbd_cdc.o
 .bss.cfgidx.7964
                0x200001e1        0x1 Middlewares\ST\STM32_USB_Device_Library\Core\Src\usbd_ctlreq.o
 *fill*         0x200001e2        0x2 
 .bss.freq      0x200001e4        0x4 Src\main.o
                0x200001e4                freq
 .bss.k         0x200001e8        0x4 Src\main.o
                0x200001e8                k
 .bss.temp_cnt  0x200001ec        0x4 Src\main.o
                0x200001ec                temp_cnt
 .bss.mem.8118  0x200001f0      0x220 Src\usbd_conf.o
 .bss.__malloc_free_list
                0x20000410        0x4 d:/programs/attolic/truestudio for stm32 9.0.0/armtools/bin/../lib/gcc/arm-atollic-eabi/6.3.1/../../../../arm-atollic-eabi/lib/armv7-m\libc_nano.a(lib_a-nano-mallocr.o)
                0x20000410                __malloc_free_list
 .bss.__malloc_sbrk_start
                0x20000414        0x4 d:/programs/attolic/truestudio for stm32 9.0.0/armtools/bin/../lib/gcc/arm-atollic-eabi/6.3.1/../../../../arm-atollic-eabi/lib/armv7-m\libc_nano.a(lib_a-nano-mallocr.o)
                0x20000414                __malloc_sbrk_start
 .bss.heap_end.4116
                0x20000418        0x4 d:/programs/attolic/truestudio for stm32 9.0.0/armtools/bin/../lib/gcc/arm-atollic-eabi/6.3.1/../../../../arm-atollic-eabi/lib/armv7-m\libnosys.a(sbrk.o)
 *(COMMON)
 COMMON         0x2000041c        0x4 Drivers\STM32F1xx_HAL_Driver\Src\stm32f1xx_hal.o
                0x2000041c                uwTick
 COMMON         0x20000420      0x100 Src\main.o
                0x20000420                htim4
                0x20000460                htim3
                0x200004a0                htim1
                0x200004e0                htim2
 COMMON         0x20000520      0x224 Src\usb_device.o
                0x20000520                hUsbDeviceFS
 COMMON         0x20000744      0x7d0 Src\usbd_cdc_if.o
                0x20000744                UserRxBufferFS
                0x20000b2c                UserTxBufferFS
 COMMON         0x20000f14      0x460 Src\usbd_conf.o
                0x20000f14                hpcd_USB_FS
 COMMON         0x20001374      0x200 Src\usbd_desc.o
                0x20001374                USBD_StrDesc
 COMMON         0x20001574        0x4 d:/programs/attolic/truestudio for stm32 9.0.0/armtools/bin/../lib/gcc/arm-atollic-eabi/6.3.1/../../../../arm-atollic-eabi/lib/armv7-m\libc_nano.a(lib_a-reent.o)
                0x20001574                errno
                0x20001578                . = ALIGN (0x4)
                0x20001578                _ebss = .
                0x20001578                __bss_end__ = _ebss

._user_heap_stack
                0x20001578      0x600 load address 0x08003fe0
                0x20001578                . = ALIGN (0x4)
                0x20001578                PROVIDE (end, .)
                [!provide]                PROVIDE (_end, .)
                0x20001778                . = (. + _Min_Heap_Size)
 *fill*         0x20001578      0x200 
                0x20001b78                . = (. + _Min_Stack_Size)
 *fill*         0x20001778      0x400 
                0x20001b78                . = ALIGN (0x4)

/DISCARD/
 libc.a(*)
 libm.a(*)
 libgcc.a(*)

.ARM.attributes
                0x00000000       0x29
 *(.ARM.attributes)
 .ARM.attributes
                0x00000000       0x1d d:/programs/attolic/truestudio for stm32 9.0.0/armtools/bin/../lib/gcc/arm-atollic-eabi/6.3.1/armv7-m/crti.o
 .ARM.attributes
                0x0000001d       0x2d d:/programs/attolic/truestudio for stm32 9.0.0/armtools/bin/../lib/gcc/arm-atollic-eabi/6.3.1/armv7-m/crtbegin.o
 .ARM.attributes
                0x0000004a       0x33 Drivers\STM32F1xx_HAL_Driver\Src\stm32f1xx_hal.o
 .ARM.attributes
                0x0000007d       0x33 Drivers\STM32F1xx_HAL_Driver\Src\stm32f1xx_hal_cortex.o
 .ARM.attributes
                0x000000b0       0x33 Drivers\STM32F1xx_HAL_Driver\Src\stm32f1xx_hal_gpio.o
 .ARM.attributes
                0x000000e3       0x33 Drivers\STM32F1xx_HAL_Driver\Src\stm32f1xx_hal_pcd.o
 .ARM.attributes
                0x00000116       0x33 Drivers\STM32F1xx_HAL_Driver\Src\stm32f1xx_hal_pcd_ex.o
 .ARM.attributes
                0x00000149       0x33 Drivers\STM32F1xx_HAL_Driver\Src\stm32f1xx_hal_rcc.o
 .ARM.attributes
                0x0000017c       0x33 Drivers\STM32F1xx_HAL_Driver\Src\stm32f1xx_hal_rcc_ex.o
 .ARM.attributes
                0x000001af       0x33 Drivers\STM32F1xx_HAL_Driver\Src\stm32f1xx_hal_tim.o
 .ARM.attributes
                0x000001e2       0x33 Drivers\STM32F1xx_HAL_Driver\Src\stm32f1xx_hal_tim_ex.o
 .ARM.attributes
                0x00000215       0x33 Drivers\STM32F1xx_HAL_Driver\Src\stm32f1xx_ll_usb.o
 .ARM.attributes
                0x00000248       0x33 Middlewares\ST\STM32_USB_Device_Library\Class\CDC\Src\usbd_cdc.o
 .ARM.attributes
                0x0000027b       0x33 Middlewares\ST\STM32_USB_Device_Library\Core\Src\usbd_core.o
 .ARM.attributes
                0x000002ae       0x33 Middlewares\ST\STM32_USB_Device_Library\Core\Src\usbd_ctlreq.o
 .ARM.attributes
                0x000002e1       0x33 Middlewares\ST\STM32_USB_Device_Library\Core\Src\usbd_ioreq.o
 .ARM.attributes
                0x00000314       0x33 Src\main.o
 .ARM.attributes
                0x00000347       0x33 Src\stm32f1xx_hal_msp.o
 .ARM.attributes
                0x0000037a       0x33 Src\stm32f1xx_it.o
 .ARM.attributes
                0x000003ad       0x33 Src\system_stm32f1xx.o
 .ARM.attributes
                0x000003e0       0x33 Src\usb_device.o
 .ARM.attributes
                0x00000413       0x33 Src\usbd_cdc_if.o
 .ARM.attributes
                0x00000446       0x33 Src\usbd_conf.o
 .ARM.attributes
                0x00000479       0x33 Src\usbd_desc.o
 .ARM.attributes
                0x000004ac       0x21 startup\startup_stm32f103xb.o
 .ARM.attributes
                0x000004cd       0x2d d:/programs/attolic/truestudio for stm32 9.0.0/armtools/bin/../lib/gcc/arm-atollic-eabi/6.3.1/../../../../arm-atollic-eabi/lib/armv7-m\libc_nano.a(lib_a-init.o)
 .ARM.attributes
                0x000004fa       0x2d d:/programs/attolic/truestudio for stm32 9.0.0/armtools/bin/../lib/gcc/arm-atollic-eabi/6.3.1/../../../../arm-atollic-eabi/lib/armv7-m\libc_nano.a(lib_a-memset.o)
 .ARM.attributes
                0x00000527       0x2d d:/programs/attolic/truestudio for stm32 9.0.0/armtools/bin/../lib/gcc/arm-atollic-eabi/6.3.1/../../../../arm-atollic-eabi/lib/armv7-m\libc_nano.a(lib_a-sprintf.o)
 .ARM.attributes
                0x00000554       0x2d d:/programs/attolic/truestudio for stm32 9.0.0/armtools/bin/../lib/gcc/arm-atollic-eabi/6.3.1/../../../../arm-atollic-eabi/lib/armv7-m\libc_nano.a(lib_a-impure.o)
 .ARM.attributes
                0x00000581       0x2d d:/programs/attolic/truestudio for stm32 9.0.0/armtools/bin/../lib/gcc/arm-atollic-eabi/6.3.1/../../../../arm-atollic-eabi/lib/armv7-m\libc_nano.a(lib_a-nano-svfprintf.o)
 .ARM.attributes
                0x000005ae       0x2d d:/programs/attolic/truestudio for stm32 9.0.0/armtools/bin/../lib/gcc/arm-atollic-eabi/6.3.1/../../../../arm-atollic-eabi/lib/armv7-m\libc_nano.a(lib_a-nano-vfprintf_i.o)
 .ARM.attributes
                0x000005db       0x2d d:/programs/attolic/truestudio for stm32 9.0.0/armtools/bin/../lib/gcc/arm-atollic-eabi/6.3.1/../../../../arm-atollic-eabi/lib/armv7-m\libc_nano.a(lib_a-memchr-stub.o)
 .ARM.attributes
                0x00000608       0x2d d:/programs/attolic/truestudio for stm32 9.0.0/armtools/bin/../lib/gcc/arm-atollic-eabi/6.3.1/../../../../arm-atollic-eabi/lib/armv7-m\libc_nano.a(lib_a-memcpy-stub.o)
 .ARM.attributes
                0x00000635       0x2d d:/programs/attolic/truestudio for stm32 9.0.0/armtools/bin/../lib/gcc/arm-atollic-eabi/6.3.1/../../../../arm-atollic-eabi/lib/armv7-m\libc_nano.a(lib_a-memmove.o)
 .ARM.attributes
                0x00000662       0x2d d:/programs/attolic/truestudio for stm32 9.0.0/armtools/bin/../lib/gcc/arm-atollic-eabi/6.3.1/../../../../arm-atollic-eabi/lib/armv7-m\libc_nano.a(lib_a-nano-freer.o)
 .ARM.attributes
                0x0000068f       0x2d d:/programs/attolic/truestudio for stm32 9.0.0/armtools/bin/../lib/gcc/arm-atollic-eabi/6.3.1/../../../../arm-atollic-eabi/lib/armv7-m\libc_nano.a(lib_a-nano-mallocr.o)
 .ARM.attributes
                0x000006bc       0x2d d:/programs/attolic/truestudio for stm32 9.0.0/armtools/bin/../lib/gcc/arm-atollic-eabi/6.3.1/../../../../arm-atollic-eabi/lib/armv7-m\libc_nano.a(lib_a-nano-reallocr.o)
 .ARM.attributes
                0x000006e9       0x2d d:/programs/attolic/truestudio for stm32 9.0.0/armtools/bin/../lib/gcc/arm-atollic-eabi/6.3.1/../../../../arm-atollic-eabi/lib/armv7-m\libc_nano.a(lib_a-sbrkr.o)
 .ARM.attributes
                0x00000716       0x2d d:/programs/attolic/truestudio for stm32 9.0.0/armtools/bin/../lib/gcc/arm-atollic-eabi/6.3.1/../../../../arm-atollic-eabi/lib/armv7-m\libc_nano.a(lib_a-mlock.o)
 .ARM.attributes
                0x00000743       0x2d d:/programs/attolic/truestudio for stm32 9.0.0/armtools/bin/../lib/gcc/arm-atollic-eabi/6.3.1/../../../../arm-atollic-eabi/lib/armv7-m\libc_nano.a(lib_a-nano-msizer.o)
 .ARM.attributes
                0x00000770       0x2d d:/programs/attolic/truestudio for stm32 9.0.0/armtools/bin/../lib/gcc/arm-atollic-eabi/6.3.1/../../../../arm-atollic-eabi/lib/armv7-m\libc_nano.a(lib_a-reent.o)
 .ARM.attributes
                0x0000079d       0x2d d:/programs/attolic/truestudio for stm32 9.0.0/armtools/bin/../lib/gcc/arm-atollic-eabi/6.3.1/../../../../arm-atollic-eabi/lib/armv7-m\libnosys.a(sbrk.o)
 .ARM.attributes
                0x000007ca       0x1d d:/programs/attolic/truestudio for stm32 9.0.0/armtools/bin/../lib/gcc/arm-atollic-eabi/6.3.1/armv7-m/crtn.o
OUTPUT(F1.elf elf32-littlearm)

.debug_info     0x00000000    0x1d396
 .debug_info    0x00000000      0xfba Drivers\STM32F1xx_HAL_Driver\Src\stm32f1xx_hal.o
 .debug_info    0x00000fba     0x1463 Drivers\STM32F1xx_HAL_Driver\Src\stm32f1xx_hal_cortex.o
 .debug_info    0x0000241d      0xe7c Drivers\STM32F1xx_HAL_Driver\Src\stm32f1xx_hal_gpio.o
 .debug_info    0x00003299     0x1979 Drivers\STM32F1xx_HAL_Driver\Src\stm32f1xx_hal_pcd.o
 .debug_info    0x00004c12      0xdfd Drivers\STM32F1xx_HAL_Driver\Src\stm32f1xx_hal_pcd_ex.o
 .debug_info    0x00005a0f     0x11f7 Drivers\STM32F1xx_HAL_Driver\Src\stm32f1xx_hal_rcc.o
 .debug_info    0x00006c06      0xc57 Drivers\STM32F1xx_HAL_Driver\Src\stm32f1xx_hal_rcc_ex.o
 .debug_info    0x0000785d     0x3b73 Drivers\STM32F1xx_HAL_Driver\Src\stm32f1xx_hal_tim.o
 .debug_info    0x0000b3d0     0x1943 Drivers\STM32F1xx_HAL_Driver\Src\stm32f1xx_hal_tim_ex.o
 .debug_info    0x0000cd13     0x1700 Drivers\STM32F1xx_HAL_Driver\Src\stm32f1xx_ll_usb.o
 .debug_info    0x0000e413     0x14f6 Middlewares\ST\STM32_USB_Device_Library\Class\CDC\Src\usbd_cdc.o
 .debug_info    0x0000f909     0x1466 Middlewares\ST\STM32_USB_Device_Library\Core\Src\usbd_core.o
 .debug_info    0x00010d6f     0x1499 Middlewares\ST\STM32_USB_Device_Library\Core\Src\usbd_ctlreq.o
 .debug_info    0x00012208      0xfc5 Middlewares\ST\STM32_USB_Device_Library\Core\Src\usbd_ioreq.o
 .debug_info    0x000131cd     0x20d5 Src\main.o
 .debug_info    0x000152a2     0x13a5 Src\stm32f1xx_hal_msp.o
 .debug_info    0x00016647     0x1288 Src\stm32f1xx_it.o
 .debug_info    0x000178cf      0xc07 Src\system_stm32f1xx.o
 .debug_info    0x000184d6      0xe80 Src\usb_device.o
 .debug_info    0x00019356     0x11bd Src\usbd_cdc_if.o
 .debug_info    0x0001a513     0x20a6 Src\usbd_conf.o
 .debug_info    0x0001c5b9      0xd7a Src\usbd_desc.o
 .debug_info    0x0001d333       0x63 startup\startup_stm32f103xb.o

.debug_abbrev   0x00000000     0x3dfb
 .debug_abbrev  0x00000000      0x308 Drivers\STM32F1xx_HAL_Driver\Src\stm32f1xx_hal.o
 .debug_abbrev  0x00000308      0x399 Drivers\STM32F1xx_HAL_Driver\Src\stm32f1xx_hal_cortex.o
 .debug_abbrev  0x000006a1      0x268 Drivers\STM32F1xx_HAL_Driver\Src\stm32f1xx_hal_gpio.o
 .debug_abbrev  0x00000909      0x39a Drivers\STM32F1xx_HAL_Driver\Src\stm32f1xx_hal_pcd.o
 .debug_abbrev  0x00000ca3      0x1f5 Drivers\STM32F1xx_HAL_Driver\Src\stm32f1xx_hal_pcd_ex.o
 .debug_abbrev  0x00000e98      0x367 Drivers\STM32F1xx_HAL_Driver\Src\stm32f1xx_hal_rcc.o
 .debug_abbrev  0x000011ff      0x277 Drivers\STM32F1xx_HAL_Driver\Src\stm32f1xx_hal_rcc_ex.o
 .debug_abbrev  0x00001476      0x3bb Drivers\STM32F1xx_HAL_Driver\Src\stm32f1xx_hal_tim.o
 .debug_abbrev  0x00001831      0x30d Drivers\STM32F1xx_HAL_Driver\Src\stm32f1xx_hal_tim_ex.o
 .debug_abbrev  0x00001b3e      0x31c Drivers\STM32F1xx_HAL_Driver\Src\stm32f1xx_ll_usb.o
 .debug_abbrev  0x00001e5a      0x2e8 Middlewares\ST\STM32_USB_Device_Library\Class\CDC\Src\usbd_cdc.o
 .debug_abbrev  0x00002142      0x308 Middlewares\ST\STM32_USB_Device_Library\Core\Src\usbd_core.o
 .debug_abbrev  0x0000244a      0x3aa Middlewares\ST\STM32_USB_Device_Library\Core\Src\usbd_ctlreq.o
 .debug_abbrev  0x000027f4      0x1da Middlewares\ST\STM32_USB_Device_Library\Core\Src\usbd_ioreq.o
 .debug_abbrev  0x000029ce      0x353 Src\main.o
 .debug_abbrev  0x00002d21      0x260 Src\stm32f1xx_hal_msp.o
 .debug_abbrev  0x00002f81      0x22d Src\stm32f1xx_it.o
 .debug_abbrev  0x000031ae      0x1eb Src\system_stm32f1xx.o
 .debug_abbrev  0x00003399      0x1e0 Src\usb_device.o
 .debug_abbrev  0x00003579      0x30b Src\usbd_cdc_if.o
 .debug_abbrev  0x00003884      0x2ea Src\usbd_conf.o
 .debug_abbrev  0x00003b6e      0x27b Src\usbd_desc.o
 .debug_abbrev  0x00003de9       0x12 startup\startup_stm32f103xb.o

.debug_loc      0x00000000     0x823d
 .debug_loc     0x00000000      0x11b Drivers\STM32F1xx_HAL_Driver\Src\stm32f1xx_hal.o
 .debug_loc     0x0000011b      0x46b Drivers\STM32F1xx_HAL_Driver\Src\stm32f1xx_hal_cortex.o
 .debug_loc     0x00000586      0x36a Drivers\STM32F1xx_HAL_Driver\Src\stm32f1xx_hal_gpio.o
 .debug_loc     0x000008f0      0x995 Drivers\STM32F1xx_HAL_Driver\Src\stm32f1xx_hal_pcd.o
 .debug_loc     0x00001285       0xe0 Drivers\STM32F1xx_HAL_Driver\Src\stm32f1xx_hal_pcd_ex.o
 .debug_loc     0x00001365      0x4c3 Drivers\STM32F1xx_HAL_Driver\Src\stm32f1xx_hal_rcc.o
 .debug_loc     0x00001828      0x29d Drivers\STM32F1xx_HAL_Driver\Src\stm32f1xx_hal_rcc_ex.o
 .debug_loc     0x00001ac5     0x300c Drivers\STM32F1xx_HAL_Driver\Src\stm32f1xx_hal_tim.o
 .debug_loc     0x00004ad1      0x822 Drivers\STM32F1xx_HAL_Driver\Src\stm32f1xx_hal_tim_ex.o
 .debug_loc     0x000052f3      0xb9c Drivers\STM32F1xx_HAL_Driver\Src\stm32f1xx_ll_usb.o
 .debug_loc     0x00005e8f      0x4cf Middlewares\ST\STM32_USB_Device_Library\Class\CDC\Src\usbd_cdc.o
 .debug_loc     0x0000635e      0x5f2 Middlewares\ST\STM32_USB_Device_Library\Core\Src\usbd_core.o
 .debug_loc     0x00006950      0x7cd Middlewares\ST\STM32_USB_Device_Library\Core\Src\usbd_ctlreq.o
 .debug_loc     0x0000711d      0x23c Middlewares\ST\STM32_USB_Device_Library\Core\Src\usbd_ioreq.o
 .debug_loc     0x00007359       0xc4 Src\stm32f1xx_hal_msp.o
 .debug_loc     0x0000741d       0xcd Src\system_stm32f1xx.o
 .debug_loc     0x000074ea      0x17b Src\usbd_cdc_if.o
 .debug_loc     0x00007665      0x965 Src\usbd_conf.o
 .debug_loc     0x00007fca      0x273 Src\usbd_desc.o

.debug_aranges  0x00000000      0xc40
 .debug_aranges
                0x00000000       0xc8 Drivers\STM32F1xx_HAL_Driver\Src\stm32f1xx_hal.o
 .debug_aranges
                0x000000c8       0x90 Drivers\STM32F1xx_HAL_Driver\Src\stm32f1xx_hal_cortex.o
 .debug_aranges
                0x00000158       0x58 Drivers\STM32F1xx_HAL_Driver\Src\stm32f1xx_hal_gpio.o
 .debug_aranges
                0x000001b0       0xc0 Drivers\STM32F1xx_HAL_Driver\Src\stm32f1xx_hal_pcd.o
 .debug_aranges
                0x00000270       0x28 Drivers\STM32F1xx_HAL_Driver\Src\stm32f1xx_hal_pcd_ex.o
 .debug_aranges
                0x00000298       0x88 Drivers\STM32F1xx_HAL_Driver\Src\stm32f1xx_hal_rcc.o
 .debug_aranges
                0x00000320       0x30 Drivers\STM32F1xx_HAL_Driver\Src\stm32f1xx_hal_rcc_ex.o
 .debug_aranges
                0x00000350      0x250 Drivers\STM32F1xx_HAL_Driver\Src\stm32f1xx_hal_tim.o
 .debug_aranges
                0x000005a0       0xe8 Drivers\STM32F1xx_HAL_Driver\Src\stm32f1xx_hal_tim_ex.o
 .debug_aranges
                0x00000688       0xe0 Drivers\STM32F1xx_HAL_Driver\Src\stm32f1xx_ll_usb.o
 .debug_aranges
                0x00000768       0x90 Middlewares\ST\STM32_USB_Device_Library\Class\CDC\Src\usbd_cdc.o
 .debug_aranges
                0x000007f8       0xa8 Middlewares\ST\STM32_USB_Device_Library\Core\Src\usbd_core.o
 .debug_aranges
                0x000008a0       0x50 Middlewares\ST\STM32_USB_Device_Library\Core\Src\usbd_ctlreq.o
 .debug_aranges
                0x000008f0       0x50 Middlewares\ST\STM32_USB_Device_Library\Core\Src\usbd_ioreq.o
 .debug_aranges
                0x00000940       0x40 Src\main.o
 .debug_aranges
                0x00000980       0x48 Src\stm32f1xx_hal_msp.o
 .debug_aranges
                0x000009c8       0x50 Src\stm32f1xx_it.o
 .debug_aranges
                0x00000a18       0x28 Src\system_stm32f1xx.o
 .debug_aranges
                0x00000a40       0x20 Src\usb_device.o
 .debug_aranges
                0x00000a60       0x58 Src\usbd_cdc_if.o
 .debug_aranges
                0x00000ab8      0x110 Src\usbd_conf.o
 .debug_aranges
                0x00000bc8       0x50 Src\usbd_desc.o
 .debug_aranges
                0x00000c18       0x28 startup\startup_stm32f103xb.o

.debug_ranges   0x00000000     0x1078
 .debug_ranges  0x00000000       0xb8 Drivers\STM32F1xx_HAL_Driver\Src\stm32f1xx_hal.o
 .debug_ranges  0x000000b8      0x128 Drivers\STM32F1xx_HAL_Driver\Src\stm32f1xx_hal_cortex.o
 .debug_ranges  0x000001e0       0x60 Drivers\STM32F1xx_HAL_Driver\Src\stm32f1xx_hal_gpio.o
 .debug_ranges  0x00000240      0x118 Drivers\STM32F1xx_HAL_Driver\Src\stm32f1xx_hal_pcd.o
 .debug_ranges  0x00000358       0x18 Drivers\STM32F1xx_HAL_Driver\Src\stm32f1xx_hal_pcd_ex.o
 .debug_ranges  0x00000370       0xa0 Drivers\STM32F1xx_HAL_Driver\Src\stm32f1xx_hal_rcc.o
 .debug_ranges  0x00000410       0x40 Drivers\STM32F1xx_HAL_Driver\Src\stm32f1xx_hal_rcc_ex.o
 .debug_ranges  0x00000450      0x340 Drivers\STM32F1xx_HAL_Driver\Src\stm32f1xx_hal_tim.o
 .debug_ranges  0x00000790       0xd8 Drivers\STM32F1xx_HAL_Driver\Src\stm32f1xx_hal_tim_ex.o
 .debug_ranges  0x00000868      0x260 Drivers\STM32F1xx_HAL_Driver\Src\stm32f1xx_ll_usb.o
 .debug_ranges  0x00000ac8       0x80 Middlewares\ST\STM32_USB_Device_Library\Class\CDC\Src\usbd_cdc.o
 .debug_ranges  0x00000b48       0x98 Middlewares\ST\STM32_USB_Device_Library\Core\Src\usbd_core.o
 .debug_ranges  0x00000be0       0xc0 Middlewares\ST\STM32_USB_Device_Library\Core\Src\usbd_ctlreq.o
 .debug_ranges  0x00000ca0       0x40 Middlewares\ST\STM32_USB_Device_Library\Core\Src\usbd_ioreq.o
 .debug_ranges  0x00000ce0       0xe8 Src\main.o
 .debug_ranges  0x00000dc8       0x78 Src\stm32f1xx_hal_msp.o
 .debug_ranges  0x00000e40       0x40 Src\stm32f1xx_it.o
 .debug_ranges  0x00000e80       0x18 Src\system_stm32f1xx.o
 .debug_ranges  0x00000e98       0x10 Src\usb_device.o
 .debug_ranges  0x00000ea8       0x48 Src\usbd_cdc_if.o
 .debug_ranges  0x00000ef0      0x128 Src\usbd_conf.o
 .debug_ranges  0x00001018       0x40 Src\usbd_desc.o
 .debug_ranges  0x00001058       0x20 startup\startup_stm32f103xb.o

.debug_line     0x00000000     0x6e47
 .debug_line    0x00000000      0x43e Drivers\STM32F1xx_HAL_Driver\Src\stm32f1xx_hal.o
 .debug_line    0x0000043e      0x411 Drivers\STM32F1xx_HAL_Driver\Src\stm32f1xx_hal_cortex.o
 .debug_line    0x0000084f      0x42a Drivers\STM32F1xx_HAL_Driver\Src\stm32f1xx_hal_gpio.o
 .debug_line    0x00000c79      0x6ce Drivers\STM32F1xx_HAL_Driver\Src\stm32f1xx_hal_pcd.o
 .debug_line    0x00001347      0x2cb Drivers\STM32F1xx_HAL_Driver\Src\stm32f1xx_hal_pcd_ex.o
 .debug_line    0x00001612      0x612 Drivers\STM32F1xx_HAL_Driver\Src\stm32f1xx_hal_rcc.o
 .debug_line    0x00001c24      0x3ab Drivers\STM32F1xx_HAL_Driver\Src\stm32f1xx_hal_rcc_ex.o
 .debug_line    0x00001fcf     0x112b Drivers\STM32F1xx_HAL_Driver\Src\stm32f1xx_hal_tim.o
 .debug_line    0x000030fa      0x6cd Drivers\STM32F1xx_HAL_Driver\Src\stm32f1xx_hal_tim_ex.o
 .debug_line    0x000037c7      0x5f4 Drivers\STM32F1xx_HAL_Driver\Src\stm32f1xx_ll_usb.o
 .debug_line    0x00003dbb      0x4e0 Middlewares\ST\STM32_USB_Device_Library\Class\CDC\Src\usbd_cdc.o
 .debug_line    0x0000429b      0x4ca Middlewares\ST\STM32_USB_Device_Library\Core\Src\usbd_core.o
 .debug_line    0x00004765      0x44a Middlewares\ST\STM32_USB_Device_Library\Core\Src\usbd_ctlreq.o
 .debug_line    0x00004baf      0x360 Middlewares\ST\STM32_USB_Device_Library\Core\Src\usbd_ioreq.o
 .debug_line    0x00004f0f      0x569 Src\main.o
 .debug_line    0x00005478      0x363 Src\stm32f1xx_hal_msp.o
 .debug_line    0x000057db      0x344 Src\stm32f1xx_it.o
 .debug_line    0x00005b1f      0x267 Src\system_stm32f1xx.o
 .debug_line    0x00005d86      0x33b Src\usb_device.o
 .debug_line    0x000060c1      0x3a0 Src\usbd_cdc_if.o
 .debug_line    0x00006461      0x629 Src\usbd_conf.o
 .debug_line    0x00006a8a      0x340 Src\usbd_desc.o
 .debug_line    0x00006dca       0x7d startup\startup_stm32f103xb.o

.debug_str      0x00000000     0x42e2
 .debug_str     0x00000000      0xbb2 Drivers\STM32F1xx_HAL_Driver\Src\stm32f1xx_hal.o
                                0xc59 (size before relaxing)
 .debug_str     0x00000bb2      0x2e1 Drivers\STM32F1xx_HAL_Driver\Src\stm32f1xx_hal_cortex.o
                                0xd07 (size before relaxing)
 .debug_str     0x00000e93      0x1c9 Drivers\STM32F1xx_HAL_Driver\Src\stm32f1xx_hal_gpio.o
                                0x874 (size before relaxing)
 .debug_str     0x0000105c      0x7d3 Drivers\STM32F1xx_HAL_Driver\Src\stm32f1xx_hal_pcd.o
                                0xe6e (size before relaxing)
 .debug_str     0x0000182f       0x57 Drivers\STM32F1xx_HAL_Driver\Src\stm32f1xx_hal_pcd_ex.o
                                0x999 (size before relaxing)
 .debug_str     0x00001886      0x326 Drivers\STM32F1xx_HAL_Driver\Src\stm32f1xx_hal_rcc.o
                                0xa52 (size before relaxing)
 .debug_str     0x00001bac      0x12b Drivers\STM32F1xx_HAL_Driver\Src\stm32f1xx_hal_rcc_ex.o
                                0x82f (size before relaxing)
 .debug_str     0x00001cd7     0x109f Drivers\STM32F1xx_HAL_Driver\Src\stm32f1xx_hal_tim.o
                               0x17a3 (size before relaxing)
 .debug_str     0x00002d76      0x4f1 Drivers\STM32F1xx_HAL_Driver\Src\stm32f1xx_hal_tim_ex.o
                               0x1045 (size before relaxing)
 .debug_str     0x00003267      0x155 Drivers\STM32F1xx_HAL_Driver\Src\stm32f1xx_ll_usb.o
                                0xb6c (size before relaxing)
 .debug_str     0x000033bc      0x64f Middlewares\ST\STM32_USB_Device_Library\Class\CDC\Src\usbd_cdc.o
                                0xd18 (size before relaxing)
 .debug_str     0x00003a0b      0x2a0 Middlewares\ST\STM32_USB_Device_Library\Core\Src\usbd_core.o
                                0xc8a (size before relaxing)
 .debug_str     0x00003cab      0x12e Middlewares\ST\STM32_USB_Device_Library\Core\Src\usbd_ctlreq.o
                                0xba4 (size before relaxing)
 .debug_str     0x00003dd9       0x51 Middlewares\ST\STM32_USB_Device_Library\Core\Src\usbd_ioreq.o
                                0xad1 (size before relaxing)
 .debug_str     0x00003e2a      0x14c Src\main.o
                               0x17bf (size before relaxing)
 .debug_str     0x00003f76       0x2e Src\stm32f1xx_hal_msp.o
                                0xe4c (size before relaxing)
 .debug_str     0x00003fa4       0xe7 Src\stm32f1xx_it.o
                                0xd74 (size before relaxing)
 .debug_str     0x0000408b       0x4d Src\system_stm32f1xx.o
                                0x6dd (size before relaxing)
 .debug_str     0x000040d8       0x14 Src\usb_device.o
                                0xa6a (size before relaxing)
 .debug_str     0x000040ec       0x97 Src\usbd_cdc_if.o
                                0xb99 (size before relaxing)
 .debug_str     0x00004183       0x51 Src\usbd_conf.o
                               0x156b (size before relaxing)
 .debug_str     0x000041d4      0x10e Src\usbd_desc.o
                                0x845 (size before relaxing)

.comment        0x00000000       0x7c
 .comment       0x00000000       0x7c Drivers\STM32F1xx_HAL_Driver\Src\stm32f1xx_hal.o
                                 0x7d (size before relaxing)
 .comment       0x0000007c       0x7d Drivers\STM32F1xx_HAL_Driver\Src\stm32f1xx_hal_cortex.o
 .comment       0x0000007c       0x7d Drivers\STM32F1xx_HAL_Driver\Src\stm32f1xx_hal_gpio.o
 .comment       0x0000007c       0x7d Drivers\STM32F1xx_HAL_Driver\Src\stm32f1xx_hal_pcd.o
 .comment       0x0000007c       0x7d Drivers\STM32F1xx_HAL_Driver\Src\stm32f1xx_hal_pcd_ex.o
 .comment       0x0000007c       0x7d Drivers\STM32F1xx_HAL_Driver\Src\stm32f1xx_hal_rcc.o
 .comment       0x0000007c       0x7d Drivers\STM32F1xx_HAL_Driver\Src\stm32f1xx_hal_rcc_ex.o
 .comment       0x0000007c       0x7d Drivers\STM32F1xx_HAL_Driver\Src\stm32f1xx_hal_tim.o
 .comment       0x0000007c       0x7d Drivers\STM32F1xx_HAL_Driver\Src\stm32f1xx_hal_tim_ex.o
 .comment       0x0000007c       0x7d Drivers\STM32F1xx_HAL_Driver\Src\stm32f1xx_ll_usb.o
 .comment       0x0000007c       0x7d Middlewares\ST\STM32_USB_Device_Library\Class\CDC\Src\usbd_cdc.o
 .comment       0x0000007c       0x7d Middlewares\ST\STM32_USB_Device_Library\Core\Src\usbd_core.o
 .comment       0x0000007c       0x7d Middlewares\ST\STM32_USB_Device_Library\Core\Src\usbd_ctlreq.o
 .comment       0x0000007c       0x7d Middlewares\ST\STM32_USB_Device_Library\Core\Src\usbd_ioreq.o
 .comment       0x0000007c       0x7d Src\main.o
 .comment       0x0000007c       0x7d Src\stm32f1xx_hal_msp.o
 .comment       0x0000007c       0x7d Src\stm32f1xx_it.o
 .comment       0x0000007c       0x7d Src\system_stm32f1xx.o
 .comment       0x0000007c       0x7d Src\usb_device.o
 .comment       0x0000007c       0x7d Src\usbd_cdc_if.o
 .comment       0x0000007c       0x7d Src\usbd_conf.o
 .comment       0x0000007c       0x7d Src\usbd_desc.o

.debug_frame    0x00000000     0x2494
 .debug_frame   0x00000000      0x1b0 Drivers\STM32F1xx_HAL_Driver\Src\stm32f1xx_hal.o
 .debug_frame   0x000001b0      0x120 Drivers\STM32F1xx_HAL_Driver\Src\stm32f1xx_hal_cortex.o
 .debug_frame   0x000002d0       0xd4 Drivers\STM32F1xx_HAL_Driver\Src\stm32f1xx_hal_gpio.o
 .debug_frame   0x000003a4      0x2c4 Drivers\STM32F1xx_HAL_Driver\Src\stm32f1xx_hal_pcd.o
 .debug_frame   0x00000668       0x30 Drivers\STM32F1xx_HAL_Driver\Src\stm32f1xx_hal_pcd_ex.o
 .debug_frame   0x00000698      0x150 Drivers\STM32F1xx_HAL_Driver\Src\stm32f1xx_hal_rcc.o
 .debug_frame   0x000007e8       0x6c Drivers\STM32F1xx_HAL_Driver\Src\stm32f1xx_hal_rcc_ex.o
 .debug_frame   0x00000854      0x854 Drivers\STM32F1xx_HAL_Driver\Src\stm32f1xx_hal_tim.o
 .debug_frame   0x000010a8      0x320 Drivers\STM32F1xx_HAL_Driver\Src\stm32f1xx_hal_tim_ex.o
 .debug_frame   0x000013c8      0x22c Drivers\STM32F1xx_HAL_Driver\Src\stm32f1xx_ll_usb.o
 .debug_frame   0x000015f4      0x14c Middlewares\ST\STM32_USB_Device_Library\Class\CDC\Src\usbd_cdc.o
 .debug_frame   0x00001740      0x1c0 Middlewares\ST\STM32_USB_Device_Library\Core\Src\usbd_core.o
 .debug_frame   0x00001900       0xcc Middlewares\ST\STM32_USB_Device_Library\Core\Src\usbd_ctlreq.o
 .debug_frame   0x000019cc       0xb8 Middlewares\ST\STM32_USB_Device_Library\Core\Src\usbd_ioreq.o
 .debug_frame   0x00001a84       0x84 Src\main.o
 .debug_frame   0x00001b08       0xa8 Src\stm32f1xx_hal_msp.o
 .debug_frame   0x00001bb0       0xcc Src\stm32f1xx_it.o
 .debug_frame   0x00001c7c       0x30 Src\system_stm32f1xx.o
 .debug_frame   0x00001cac       0x2c Src\usb_device.o
 .debug_frame   0x00001cd8       0xc4 Src\usbd_cdc_if.o
 .debug_frame   0x00001d9c      0x294 Src\usbd_conf.o
 .debug_frame   0x00002030       0xa8 Src\usbd_desc.o
 .debug_frame   0x000020d8       0x2c d:/programs/attolic/truestudio for stm32 9.0.0/armtools/bin/../lib/gcc/arm-atollic-eabi/6.3.1/../../../../arm-atollic-eabi/lib/armv7-m\libc_nano.a(lib_a-init.o)
 .debug_frame   0x00002104       0x20 d:/programs/attolic/truestudio for stm32 9.0.0/armtools/bin/../lib/gcc/arm-atollic-eabi/6.3.1/../../../../arm-atollic-eabi/lib/armv7-m\libc_nano.a(lib_a-memset.o)
 .debug_frame   0x00002124       0x70 d:/programs/attolic/truestudio for stm32 9.0.0/armtools/bin/../lib/gcc/arm-atollic-eabi/6.3.1/../../../../arm-atollic-eabi/lib/armv7-m\libc_nano.a(lib_a-sprintf.o)
 .debug_frame   0x00002194       0x90 d:/programs/attolic/truestudio for stm32 9.0.0/armtools/bin/../lib/gcc/arm-atollic-eabi/6.3.1/../../../../arm-atollic-eabi/lib/armv7-m\libc_nano.a(lib_a-nano-svfprintf.o)
 .debug_frame   0x00002224       0x60 d:/programs/attolic/truestudio for stm32 9.0.0/armtools/bin/../lib/gcc/arm-atollic-eabi/6.3.1/../../../../arm-atollic-eabi/lib/armv7-m\libc_nano.a(lib_a-nano-vfprintf_i.o)
 .debug_frame   0x00002284       0x28 d:/programs/attolic/truestudio for stm32 9.0.0/armtools/bin/../lib/gcc/arm-atollic-eabi/6.3.1/../../../../arm-atollic-eabi/lib/armv7-m\libc_nano.a(lib_a-memchr-stub.o)
 .debug_frame   0x000022ac       0x28 d:/programs/attolic/truestudio for stm32 9.0.0/armtools/bin/../lib/gcc/arm-atollic-eabi/6.3.1/../../../../arm-atollic-eabi/lib/armv7-m\libc_nano.a(lib_a-memcpy-stub.o)
 .debug_frame   0x000022d4       0x28 d:/programs/attolic/truestudio for stm32 9.0.0/armtools/bin/../lib/gcc/arm-atollic-eabi/6.3.1/../../../../arm-atollic-eabi/lib/armv7-m\libc_nano.a(lib_a-memmove.o)
 .debug_frame   0x000022fc       0x38 d:/programs/attolic/truestudio for stm32 9.0.0/armtools/bin/../lib/gcc/arm-atollic-eabi/6.3.1/../../../../arm-atollic-eabi/lib/armv7-m\libc_nano.a(lib_a-nano-freer.o)
 .debug_frame   0x00002334       0x2c d:/programs/attolic/truestudio for stm32 9.0.0/armtools/bin/../lib/gcc/arm-atollic-eabi/6.3.1/../../../../arm-atollic-eabi/lib/armv7-m\libc_nano.a(lib_a-nano-mallocr.o)
 .debug_frame   0x00002360       0x3c d:/programs/attolic/truestudio for stm32 9.0.0/armtools/bin/../lib/gcc/arm-atollic-eabi/6.3.1/../../../../arm-atollic-eabi/lib/armv7-m\libc_nano.a(lib_a-nano-reallocr.o)
 .debug_frame   0x0000239c       0x2c d:/programs/attolic/truestudio for stm32 9.0.0/armtools/bin/../lib/gcc/arm-atollic-eabi/6.3.1/../../../../arm-atollic-eabi/lib/armv7-m\libc_nano.a(lib_a-sbrkr.o)
 .debug_frame   0x000023c8       0x30 d:/programs/attolic/truestudio for stm32 9.0.0/armtools/bin/../lib/gcc/arm-atollic-eabi/6.3.1/../../../../arm-atollic-eabi/lib/armv7-m\libc_nano.a(lib_a-mlock.o)
 .debug_frame   0x000023f8       0x20 d:/programs/attolic/truestudio for stm32 9.0.0/armtools/bin/../lib/gcc/arm-atollic-eabi/6.3.1/../../../../arm-atollic-eabi/lib/armv7-m\libc_nano.a(lib_a-nano-msizer.o)
 .debug_frame   0x00002418       0x5c d:/programs/attolic/truestudio for stm32 9.0.0/armtools/bin/../lib/gcc/arm-atollic-eabi/6.3.1/../../../../arm-atollic-eabi/lib/armv7-m\libc_nano.a(lib_a-reent.o)
 .debug_frame   0x00002474       0x20 d:/programs/attolic/truestudio for stm32 9.0.0/armtools/bin/../lib/gcc/arm-atollic-eabi/6.3.1/../../../../arm-atollic-eabi/lib/armv7-m\libnosys.a(sbrk.o)
