Archive member included to satisfy reference by file (symbol)

d:/programs/attolic/truestudio for stm32 9.0.0/armtools/bin/../lib/gcc/arm-atollic-eabi/6.3.1/../../../../arm-atollic-eabi/lib/armv7-m\libc.a(lib_a-init.o)
                              startup\startup_stm32f103xb.o (__libc_init_array)
d:/programs/attolic/truestudio for stm32 9.0.0/armtools/bin/../lib/gcc/arm-atollic-eabi/6.3.1/../../../../arm-atollic-eabi/lib/armv7-m\libc.a(lib_a-memset.o)
                              Drivers\STM32F1xx_HAL_Driver\Src\stm32f1xx_hal_rcc.o (memset)
d:/programs/attolic/truestudio for stm32 9.0.0/armtools/bin/../lib/gcc/arm-atollic-eabi/6.3.1/../../../../arm-atollic-eabi/lib/armv7-m\libc.a(lib_a-sprintf.o)
                              Src\usbd_cdc_if.o (sprintf)
d:/programs/attolic/truestudio for stm32 9.0.0/armtools/bin/../lib/gcc/arm-atollic-eabi/6.3.1/../../../../arm-atollic-eabi/lib/armv7-m\libc.a(lib_a-svfprintf.o)
                              d:/programs/attolic/truestudio for stm32 9.0.0/armtools/bin/../lib/gcc/arm-atollic-eabi/6.3.1/../../../../arm-atollic-eabi/lib/armv7-m\libc.a(lib_a-sprintf.o) (_svfprintf_r)
d:/programs/attolic/truestudio for stm32 9.0.0/armtools/bin/../lib/gcc/arm-atollic-eabi/6.3.1/../../../../arm-atollic-eabi/lib/armv7-m\libc.a(lib_a-dtoa.o)
                              d:/programs/attolic/truestudio for stm32 9.0.0/armtools/bin/../lib/gcc/arm-atollic-eabi/6.3.1/../../../../arm-atollic-eabi/lib/armv7-m\libc.a(lib_a-svfprintf.o) (_dtoa_r)
d:/programs/attolic/truestudio for stm32 9.0.0/armtools/bin/../lib/gcc/arm-atollic-eabi/6.3.1/../../../../arm-atollic-eabi/lib/armv7-m\libc.a(lib_a-impure.o)
                              d:/programs/attolic/truestudio for stm32 9.0.0/armtools/bin/../lib/gcc/arm-atollic-eabi/6.3.1/../../../../arm-atollic-eabi/lib/armv7-m\libc.a(lib_a-sprintf.o) (_impure_ptr)
d:/programs/attolic/truestudio for stm32 9.0.0/armtools/bin/../lib/gcc/arm-atollic-eabi/6.3.1/../../../../arm-atollic-eabi/lib/armv7-m\libc.a(lib_a-localeconv.o)
                              d:/programs/attolic/truestudio for stm32 9.0.0/armtools/bin/../lib/gcc/arm-atollic-eabi/6.3.1/../../../../arm-atollic-eabi/lib/armv7-m\libc.a(lib_a-svfprintf.o) (_localeconv_r)
d:/programs/attolic/truestudio for stm32 9.0.0/armtools/bin/../lib/gcc/arm-atollic-eabi/6.3.1/../../../../arm-atollic-eabi/lib/armv7-m\libc.a(lib_a-malloc.o)
                              d:/programs/attolic/truestudio for stm32 9.0.0/armtools/bin/../lib/gcc/arm-atollic-eabi/6.3.1/../../../../arm-atollic-eabi/lib/armv7-m\libc.a(lib_a-dtoa.o) (malloc)
d:/programs/attolic/truestudio for stm32 9.0.0/armtools/bin/../lib/gcc/arm-atollic-eabi/6.3.1/../../../../arm-atollic-eabi/lib/armv7-m\libc.a(lib_a-mallocr.o)
                              d:/programs/attolic/truestudio for stm32 9.0.0/armtools/bin/../lib/gcc/arm-atollic-eabi/6.3.1/../../../../arm-atollic-eabi/lib/armv7-m\libc.a(lib_a-svfprintf.o) (_malloc_r)
d:/programs/attolic/truestudio for stm32 9.0.0/armtools/bin/../lib/gcc/arm-atollic-eabi/6.3.1/../../../../arm-atollic-eabi/lib/armv7-m\libc.a(lib_a-memchr-stub.o)
                              d:/programs/attolic/truestudio for stm32 9.0.0/armtools/bin/../lib/gcc/arm-atollic-eabi/6.3.1/../../../../arm-atollic-eabi/lib/armv7-m\libc.a(lib_a-svfprintf.o) (memchr)
d:/programs/attolic/truestudio for stm32 9.0.0/armtools/bin/../lib/gcc/arm-atollic-eabi/6.3.1/../../../../arm-atollic-eabi/lib/armv7-m\libc.a(lib_a-memcpy-stub.o)
                              d:/programs/attolic/truestudio for stm32 9.0.0/armtools/bin/../lib/gcc/arm-atollic-eabi/6.3.1/../../../../arm-atollic-eabi/lib/armv7-m\libc.a(lib_a-dtoa.o) (memcpy)
d:/programs/attolic/truestudio for stm32 9.0.0/armtools/bin/../lib/gcc/arm-atollic-eabi/6.3.1/../../../../arm-atollic-eabi/lib/armv7-m\libc.a(lib_a-mlock.o)
                              d:/programs/attolic/truestudio for stm32 9.0.0/armtools/bin/../lib/gcc/arm-atollic-eabi/6.3.1/../../../../arm-atollic-eabi/lib/armv7-m\libc.a(lib_a-mallocr.o) (__malloc_lock)
d:/programs/attolic/truestudio for stm32 9.0.0/armtools/bin/../lib/gcc/arm-atollic-eabi/6.3.1/../../../../arm-atollic-eabi/lib/armv7-m\libc.a(lib_a-mprec.o)
                              d:/programs/attolic/truestudio for stm32 9.0.0/armtools/bin/../lib/gcc/arm-atollic-eabi/6.3.1/../../../../arm-atollic-eabi/lib/armv7-m\libc.a(lib_a-dtoa.o) (_Balloc)
d:/programs/attolic/truestudio for stm32 9.0.0/armtools/bin/../lib/gcc/arm-atollic-eabi/6.3.1/../../../../arm-atollic-eabi/lib/armv7-m\libc.a(lib_a-sbrkr.o)
                              d:/programs/attolic/truestudio for stm32 9.0.0/armtools/bin/../lib/gcc/arm-atollic-eabi/6.3.1/../../../../arm-atollic-eabi/lib/armv7-m\libc.a(lib_a-mallocr.o) (_sbrk_r)
d:/programs/attolic/truestudio for stm32 9.0.0/armtools/bin/../lib/gcc/arm-atollic-eabi/6.3.1/../../../../arm-atollic-eabi/lib/armv7-m\libc.a(lib_a-strlen.o)
[...]
Memory Configuration

Name             Origin             Length             Attributes
RAM              0x20000000         0x00005000         xrw
FLASH            0x08000000         0x00010000         xr
*default*        0x00000000         0xffffffff

Linker script and memory map

LOAD d:/programs/attolic/truestudio for stm32 9.0.0/armtools/bin/../lib/gcc/arm-atollic-eabi/6.3.1/armv7-m/crti.o
LOAD d:/programs/attolic/truestudio for stm32 9.0.0/armtools/bin/../lib/gcc/arm-atollic-eabi/6.3.1/armv7-m/crtbegin.o
LOAD Drivers\STM32F1xx_HAL_Driver\Src\stm32f1xx_hal.o
LOAD Drivers\STM32F1xx_HAL_Driver\Src\stm32f1xx_hal_cortex.o
LOAD Drivers\STM32F1xx_HAL_Driver\Src\stm32f1xx_hal_dma.o
LOAD Drivers\STM32F1xx_HAL_Driver\Src\stm32f1xx_hal_flash.o
LOAD Drivers\STM32F1xx_HAL_Driver\Src\stm32f1xx_hal_flash_ex.o
LOAD Drivers\STM32F1xx_HAL_Driver\Src\stm32f1xx_hal_gpio.o
LOAD Drivers\STM32F1xx_HAL_Driver\Src\stm32f1xx_hal_gpio_ex.o
LOAD Drivers\STM32F1xx_HAL_Driver\Src\stm32f1xx_hal_pcd.o
LOAD Drivers\STM32F1xx_HAL_Driver\Src\stm32f1xx_hal_pcd_ex.o
LOAD Drivers\STM32F1xx_HAL_Driver\Src\stm32f1xx_hal_pwr.o
LOAD Drivers\STM32F1xx_HAL_Driver\Src\stm32f1xx_hal_rcc.o
LOAD Drivers\STM32F1xx_HAL_Driver\Src\stm32f1xx_hal_rcc_ex.o
LOAD Drivers\STM32F1xx_HAL_Driver\Src\stm32f1xx_hal_tim.o
LOAD Drivers\STM32F1xx_HAL_Driver\Src\stm32f1xx_hal_tim_ex.o
LOAD Drivers\STM32F1xx_HAL_Driver\Src\stm32f1xx_ll_usb.o
LOAD Middlewares\ST\STM32_USB_Device_Library\Class\CDC\Src\usbd_cdc.o
LOAD Middlewares\ST\STM32_USB_Device_Library\Core\Src\usbd_core.o
LOAD Middlewares\ST\STM32_USB_Device_Library\Core\Src\usbd_ctlreq.o
LOAD Middlewares\ST\STM32_USB_Device_Library\Core\Src\usbd_ioreq.o
LOAD Src\main.o
LOAD Src\stm32f1xx_hal_msp.o
LOAD Src\stm32f1xx_it.o
LOAD Src\system_stm32f1xx.o
LOAD Src\usb_device.o
LOAD Src\usbd_cdc_if.o
LOAD Src\usbd_conf.o
LOAD Src\usbd_desc.o
LOAD startup\startup_stm32f103xb.o
                0x00000080                malloc_getpagesize_P = 0x80
START GROUP
LOAD d:/programs/attolic/truestudio for stm32 9.0.0/armtools/bin/../lib/gcc/arm-atollic-eabi/6.3.1/../../../../arm-atollic-eabi/lib/armv7-m\libc.a
LOAD d:/programs/attolic/truestudio for stm32 9.0.0/armtools/bin/../lib/gcc/arm-atollic-eabi/6.3.1/../../../../arm-atollic-eabi/lib/armv7-m\libm.a
END GROUP
START GROUP
LOAD d:/programs/attolic/truestudio for stm32 9.0.0/armtools/bin/../lib/gcc/arm-atollic-eabi/6.3.1/armv7-m\libgcc.a
LOAD d:/programs/attolic/truestudio for stm32 9.0.0/armtools/bin/../lib/gcc/arm-atollic-eabi/6.3.1/../../../../arm-atollic-eabi/lib/armv7-m\libc.a
END GROUP
START GROUP
LOAD d:/programs/attolic/truestudio for stm32 9.0.0/armtools/bin/../lib/gcc/arm-atollic-eabi/6.3.1/armv7-m\libgcc.a
LOAD d:/programs/attolic/truestudio for stm32 9.0.0/armtools/bin/../lib/gcc/arm-atollic-eabi/6.3.1/../../../../arm-atollic-eabi/lib/armv7-m\libc.a
LOAD d:/programs/attolic/truestudio for stm32 9.0.0/armtools/bin/../lib/gcc/arm-atollic-eabi/6.3.1/../../../../arm-atollic-eabi/lib/armv7-m\libnosys.a
END GROUP
LOAD d:/programs/attolic/truestudio for stm32 9.0.0/armtools/bin/../lib/gcc/arm-atollic-eabi/6.3.1/armv7-m/crtend.o
LOAD d:/programs/attolic/truestudio for stm32 9.0.0/armtools/bin/../lib/gcc/arm-atollic-eabi/6.3.1/armv7-m/crtn.o
                0x20005000                _estack = 0x20005000
                0x00000200                _Min_Heap_Size = 0x200
                0x00000400                _Min_Stack_Size = 0x400

.isr_vector     0x08000000      0x10c
                0x08000000                . = ALIGN (0x4)
 *(.isr_vector)
 .isr_vector    0x08000000      0x10c startup\startup_stm32f103xb.o
                0x08000000                g_pfnVectors
                0x0800010c                . = ALIGN (0x4)

.text           0x08000110     0x6d50
                0x08000110                . = ALIGN (0x4)
 *(.text)
 .text          0x08000110       0x40 d:/programs/attolic/truestudio for stm32 9.0.0/armtools/bin/../lib/gcc/arm-atollic-eabi/6.3.1/armv7-m/crtbegin.o
 .text          0x08000150       0x10 d:/programs/attolic/truestudio for stm32 9.0.0/armtools/bin/../lib/gcc/arm-atollic-eabi/6.3.1/../../../../arm-atollic-eabi/lib/armv7-m\libc.a(lib_a-strlen.o)
                0x08000150                strlen
 .text          0x08000160      0x370 d:/programs/attolic/truestudio for stm32 9.0.0/armtools/bin/../lib/gcc/arm-atollic-eabi/6.3.1/armv7-m\libgcc.a(_arm_addsubdf3.o)
                0x08000160                __aeabi_drsub
                0x08000168                __aeabi_dsub
                0x08000168                __subdf3
                0x0800016c                __aeabi_dadd
                0x0800016c                __adddf3
                0x080003e4                __floatunsidf
                0x080003e4                __aeabi_ui2d
                0x08000404                __floatsidf
                0x08000404                __aeabi_i2d
                0x08000428                __aeabi_f2d
                0x08000428                __extendsfdf2
                0x08000464                __floatundidf
                0x08000464                __aeabi_ul2d
                0x08000474                __floatdidf
                0x08000474                __aeabi_l2d
 .text          0x080004d0      0x424 d:/programs/attolic/truestudio for stm32 9.0.0/armtools/bin/../lib/gcc/arm-atollic-eabi/6.3.1/armv7-m\libgcc.a(_arm_muldivdf3.o)
                0x080004d0                __aeabi_dmul
                0x080004d0                __muldf3
                0x08000724                __divdf3
                0x08000724                __aeabi_ddiv
 .text          0x080008f4      0x110 d:/programs/attolic/truestudio for stm32 9.0.0/armtools/bin/../lib/gcc/arm-atollic-eabi/6.3.1/armv7-m\libgcc.a(_arm_cmpdf2.o)
                0x080008f4                __gtdf2
                0x080008f4                __gedf2
                0x080008fc                __ltdf2
                0x080008fc                __ledf2
                0x08000904                __nedf2
                0x08000904                __eqdf2
                0x08000904                __cmpdf2
                0x08000980                __aeabi_cdrcmple
                0x08000990                __aeabi_cdcmpeq
                0x08000990                __aeabi_cdcmple
                0x080009a0                __aeabi_dcmpeq
                0x080009b4                __aeabi_dcmplt
                0x080009c8                __aeabi_dcmple
                0x080009dc                __aeabi_dcmpge
                0x080009f0                __aeabi_dcmpgt
 .text          0x08000a04       0x2c d:/programs/attolic/truestudio for stm32 9.0.0/armtools/bin/../lib/gcc/arm-atollic-eabi/6.3.1/armv7-m\libgcc.a(_arm_unorddf2.o)
                0x08000a04                __unorddf2
                0x08000a04                __aeabi_dcmpun
 .text          0x08000a30       0x50 d:/programs/attolic/truestudio for stm32 9.0.0/armtools/bin/../lib/gcc/arm-atollic-eabi/6.3.1/armv7-m\libgcc.a(_arm_fixdfsi.o)
                0x08000a30                __aeabi_d2iz
                0x08000a30                __fixdfsi
 .text          0x08000a80       0x30 d:/programs/attolic/truestudio for stm32 9.0.0/armtools/bin/../lib/gcc/arm-atollic-eabi/6.3.1/armv7-m\libgcc.a(_aeabi_uldivmod.o)
                0x08000a80                __aeabi_uldivmod
 .text          0x08000ab0      0x2dc d:/programs/attolic/truestudio for stm32 9.0.0/armtools/bin/../lib/gcc/arm-atollic-eabi/6.3.1/armv7-m\libgcc.a(_udivmoddi4.o)
                0x08000ab0                __udivmoddi4
 .text          0x08000d8c        0x4 d:/programs/attolic/truestudio for stm32 9.0.0/armtools/bin/../lib/gcc/arm-atollic-eabi/6.3.1/armv7-m\libgcc.a(_dvmd_tls.o)
                0x08000d8c                __aeabi_idiv0
                0x08000d8c                __aeabi_ldiv0
 *(.text*)
 .text.HAL_InitTick
                0x08000d90       0x48 Drivers\STM32F1xx_HAL_Driver\Src\stm32f1xx_hal.o
                0x08000d90                HAL_InitTick
 .text.HAL_Init
                0x08000dd8       0x24 Drivers\STM32F1xx_HAL_Driver\Src\stm32f1xx_hal.o
                0x08000dd8                HAL_Init
 .text.HAL_IncTick
                0x08000dfc       0x18 Drivers\STM32F1xx_HAL_Driver\Src\stm32f1xx_hal.o
                0x08000dfc                HAL_IncTick
 .text.HAL_GetTick
                0x08000e14        0xc Drivers\STM32F1xx_HAL_Driver\Src\stm32f1xx_hal.o
                0x08000e14                HAL_GetTick
 .text.HAL_Delay
                0x08000e20       0x24 Drivers\STM32F1xx_HAL_Driver\Src\stm32f1xx_hal.o
                0x08000e20                HAL_Delay
 .text.HAL_NVIC_SetPriorityGrouping
                0x08000e44       0x24 Drivers\STM32F1xx_HAL_Driver\Src\stm32f1xx_hal_cortex.o
                0x08000e44                HAL_NVIC_SetPriorityGrouping
 .text.HAL_NVIC_SetPriority
                0x08000e68       0x68 Drivers\STM32F1xx_HAL_Driver\Src\stm32f1xx_hal_cortex.o
                0x08000e68                HAL_NVIC_SetPriority
 .text.HAL_NVIC_EnableIRQ
                0x08000ed0       0x18 Drivers\STM32F1xx_HAL_Driver\Src\stm32f1xx_hal_cortex.o
                0x08000ed0                HAL_NVIC_EnableIRQ
 .text.HAL_SYSTICK_Config
                0x08000ee8       0x2c Drivers\STM32F1xx_HAL_Driver\Src\stm32f1xx_hal_cortex.o
                0x08000ee8                HAL_SYSTICK_Config
 .text.HAL_SYSTICK_CLKSourceConfig
                0x08000f14       0x18 Drivers\STM32F1xx_HAL_Driver\Src\stm32f1xx_hal_cortex.o
                0x08000f14                HAL_SYSTICK_CLKSourceConfig
 .text.HAL_SYSTICK_Callback
                0x08000f2c        0x2 Drivers\STM32F1xx_HAL_Driver\Src\stm32f1xx_hal_cortex.o
                0x08000f2c                HAL_SYSTICK_Callback
 .text.HAL_SYSTICK_IRQHandler
                0x08000f2e        0x8 Drivers\STM32F1xx_HAL_Driver\Src\stm32f1xx_hal_cortex.o
                0x08000f2e                HAL_SYSTICK_IRQHandler
 *fill*         0x08000f36        0x2 
 .text.HAL_GPIO_Init
                0x08000f38      0x1c0 Drivers\STM32F1xx_HAL_Driver\Src\stm32f1xx_hal_gpio.o
                0x08000f38                HAL_GPIO_Init
 .text.HAL_PCD_Init
                0x080010f8       0xd2 Drivers\STM32F1xx_HAL_Driver\Src\stm32f1xx_hal_pcd.o
                0x080010f8                HAL_PCD_Init
 .text.HAL_PCD_Start
                0x080011ca       0x2e Drivers\STM32F1xx_HAL_Driver\Src\stm32f1xx_hal_pcd.o
                0x080011ca                HAL_PCD_Start
 .text.HAL_PCD_SetAddress
                0x080011f8       0x28 Drivers\STM32F1xx_HAL_Driver\Src\stm32f1xx_hal_pcd.o
                0x080011f8                HAL_PCD_SetAddress
 .text.HAL_PCD_EP_Open
                0x08001220       0x46 Drivers\STM32F1xx_HAL_Driver\Src\stm32f1xx_hal_pcd.o
                0x08001220                HAL_PCD_EP_Open
 .text.HAL_PCD_EP_Close
                0x08001266       0x42 Drivers\STM32F1xx_HAL_Driver\Src\stm32f1xx_hal_pcd.o
                0x08001266                HAL_PCD_EP_Close
 .text.HAL_PCD_EP_Receive
                0x080012a8       0x30 Drivers\STM32F1xx_HAL_Driver\Src\stm32f1xx_hal_pcd.o
                0x080012a8                HAL_PCD_EP_Receive
 .text.HAL_PCD_EP_GetRxCount
                0x080012d8        0xe Drivers\STM32F1xx_HAL_Driver\Src\stm32f1xx_hal_pcd.o
                0x080012d8                HAL_PCD_EP_GetRxCount
 .text.HAL_PCD_EP_Transmit
                0x080012e6       0x2c Drivers\STM32F1xx_HAL_Driver\Src\stm32f1xx_hal_pcd.o
                0x080012e6                HAL_PCD_EP_Transmit
 *fill*         0x08001312        0x2 
 .text.HAL_PCD_IRQHandler
                0x08001314      0x4f0 Drivers\STM32F1xx_HAL_Driver\Src\stm32f1xx_hal_pcd.o
                0x08001314                HAL_PCD_IRQHandler
 .text.HAL_PCD_EP_SetStall
                0x08001804       0x52 Drivers\STM32F1xx_HAL_Driver\Src\stm32f1xx_hal_pcd.o
                0x08001804                HAL_PCD_EP_SetStall
 .text.HAL_PCD_EP_ClrStall
                0x08001856       0x46 Drivers\STM32F1xx_HAL_Driver\Src\stm32f1xx_hal_pcd.o
                0x08001856                HAL_PCD_EP_ClrStall
 .text.HAL_PCDEx_PMAConfig
                0x0800189c       0x30 Drivers\STM32F1xx_HAL_Driver\Src\stm32f1xx_hal_pcd_ex.o
                0x0800189c                HAL_PCDEx_PMAConfig
 .text.HAL_RCC_OscConfig
                0x080018cc      0x318 Drivers\STM32F1xx_HAL_Driver\Src\stm32f1xx_hal_rcc.o
                0x080018cc                HAL_RCC_OscConfig
 .text.HAL_RCC_MCOConfig
                0x08001be4       0x50 Drivers\STM32F1xx_HAL_Driver\Src\stm32f1xx_hal_rcc.o
                0x08001be4                HAL_RCC_MCOConfig
 .text.HAL_RCC_GetSysClockFreq
                0x08001c34       0x78 Drivers\STM32F1xx_HAL_Driver\Src\stm32f1xx_hal_rcc.o
                0x08001c34                HAL_RCC_GetSysClockFreq
 .text.HAL_RCC_ClockConfig
                0x08001cac      0x148 Drivers\STM32F1xx_HAL_Driver\Src\stm32f1xx_hal_rcc.o
                0x08001cac                HAL_RCC_ClockConfig
 .text.HAL_RCC_GetHCLKFreq
                0x08001df4        0xc Drivers\STM32F1xx_HAL_Driver\Src\stm32f1xx_hal_rcc.o
                0x08001df4                HAL_RCC_GetHCLKFreq
 .text.HAL_RCCEx_PeriphCLKConfig
                0x08001e00       0xf0 Drivers\STM32F1xx_HAL_Driver\Src\stm32f1xx_hal_rcc_ex.o
                0x08001e00                HAL_RCCEx_PeriphCLKConfig
 .text.TIM_OC1_SetConfig
                0x08001ef0       0x50 Drivers\STM32F1xx_HAL_Driver\Src\stm32f1xx_hal_tim.o
 .text.TIM_OC3_SetConfig
                0x08001f40       0x54 Drivers\STM32F1xx_HAL_Driver\Src\stm32f1xx_hal_tim.o
 .text.TIM_OC4_SetConfig
                0x08001f94       0x44 Drivers\STM32F1xx_HAL_Driver\Src\stm32f1xx_hal_tim.o
 .text.HAL_TIM_Base_Start_IT
                0x08001fd8       0x16 Drivers\STM32F1xx_HAL_Driver\Src\stm32f1xx_hal_tim.o
                0x08001fd8                HAL_TIM_Base_Start_IT
 .text.HAL_TIM_ConfigClockSource
                0x08001fee      0x172 Drivers\STM32F1xx_HAL_Driver\Src\stm32f1xx_hal_tim.o
                0x08001fee                HAL_TIM_ConfigClockSource
 .text.HAL_TIM_PeriodElapsedCallback
                0x08002160        0x2 Drivers\STM32F1xx_HAL_Driver\Src\stm32f1xx_hal_tim.o
                0x08002160                HAL_TIM_PeriodElapsedCallback
 .text.HAL_TIM_OC_DelayElapsedCallback
                0x08002162        0x2 Drivers\STM32F1xx_HAL_Driver\Src\stm32f1xx_hal_tim.o
                0x08002162                HAL_TIM_OC_DelayElapsedCallback
 .text.HAL_TIM_IC_CaptureCallback
                0x08002164        0x2 Drivers\STM32F1xx_HAL_Driver\Src\stm32f1xx_hal_tim.o
                0x08002164                HAL_TIM_IC_CaptureCallback
 .text.HAL_TIM_PWM_PulseFinishedCallback
                0x08002166        0x2 Drivers\STM32F1xx_HAL_Driver\Src\stm32f1xx_hal_tim.o
                0x08002166                HAL_TIM_PWM_PulseFinishedCallback
 .text.HAL_TIM_TriggerCallback
                0x08002168        0x2 Drivers\STM32F1xx_HAL_Driver\Src\stm32f1xx_hal_tim.o
                0x08002168                HAL_TIM_TriggerCallback
 .text.HAL_TIM_IRQHandler
                0x0800216a      0x144 Drivers\STM32F1xx_HAL_Driver\Src\stm32f1xx_hal_tim.o
                0x0800216a                HAL_TIM_IRQHandler
 *fill*         0x080022ae        0x2 
 .text.TIM_Base_SetConfig
                0x080022b0       0x70 Drivers\STM32F1xx_HAL_Driver\Src\stm32f1xx_hal_tim.o
                0x080022b0                TIM_Base_SetConfig
 .text.HAL_TIM_Base_Init
                0x08002320       0x34 Drivers\STM32F1xx_HAL_Driver\Src\stm32f1xx_hal_tim.o
                0x08002320                HAL_TIM_Base_Init
 .text.HAL_TIM_PWM_Init
                0x08002354       0x34 Drivers\STM32F1xx_HAL_Driver\Src\stm32f1xx_hal_tim.o
                0x08002354                HAL_TIM_PWM_Init
 .text.TIM_OC2_SetConfig
                0x08002388       0x58 Drivers\STM32F1xx_HAL_Driver\Src\stm32f1xx_hal_tim.o
                0x08002388                TIM_OC2_SetConfig
 .text.HAL_TIM_PWM_ConfigChannel
                0x080023e0       0xc4 Drivers\STM32F1xx_HAL_Driver\Src\stm32f1xx_hal_tim.o
                0x080023e0                HAL_TIM_PWM_ConfigChannel
 .text.TIM_CCxChannelCmd
                0x080024a4       0x18 Drivers\STM32F1xx_HAL_Driver\Src\stm32f1xx_hal_tim.o
                0x080024a4                TIM_CCxChannelCmd
 .text.HAL_TIM_PWM_Start
                0x080024bc       0x2c Drivers\STM32F1xx_HAL_Driver\Src\stm32f1xx_hal_tim.o
                0x080024bc                HAL_TIM_PWM_Start
 .text.HAL_TIMEx_ConfigBreakDeadTime
                0x080024e8       0x4c Drivers\STM32F1xx_HAL_Driver\Src\stm32f1xx_hal_tim_ex.o
                0x080024e8                HAL_TIMEx_ConfigBreakDeadTime
 .text.HAL_TIMEx_MasterConfigSynchronization
                0x08002534       0x44 Drivers\STM32F1xx_HAL_Driver\Src\stm32f1xx_hal_tim_ex.o
                0x08002534                HAL_TIMEx_MasterConfigSynchronization
 .text.HAL_TIMEx_CommutationCallback
                0x08002578        0x2 Drivers\STM32F1xx_HAL_Driver\Src\stm32f1xx_hal_tim_ex.o
                0x08002578                HAL_TIMEx_CommutationCallback
 .text.HAL_TIMEx_BreakCallback
                0x0800257a        0x2 Drivers\STM32F1xx_HAL_Driver\Src\stm32f1xx_hal_tim_ex.o
                0x0800257a                HAL_TIMEx_BreakCallback
 .text.USB_CoreInit
                0x0800257c        0xe Drivers\STM32F1xx_HAL_Driver\Src\stm32f1xx_ll_usb.o
                0x0800257c                USB_CoreInit
 .text.USB_EnableGlobalInt
                0x0800258a       0x12 Drivers\STM32F1xx_HAL_Driver\Src\stm32f1xx_ll_usb.o
                0x0800258a                USB_EnableGlobalInt
 .text.USB_DisableGlobalInt
                0x0800259c       0x14 Drivers\STM32F1xx_HAL_Driver\Src\stm32f1xx_ll_usb.o
                0x0800259c                USB_DisableGlobalInt
 .text.USB_SetCurrentMode
                0x080025b0        0x4 Drivers\STM32F1xx_HAL_Driver\Src\stm32f1xx_ll_usb.o
                0x080025b0                USB_SetCurrentMode
 .text.USB_DevInit
                0x080025b4       0x36 Drivers\STM32F1xx_HAL_Driver\Src\stm32f1xx_ll_usb.o
                0x080025b4                USB_DevInit
 *fill*         0x080025ea        0x2 
 .text.USB_ActivateEndpoint
                0x080025ec      0x2e4 Drivers\STM32F1xx_HAL_Driver\Src\stm32f1xx_ll_usb.o
                0x080025ec                USB_ActivateEndpoint
 .text.USB_DeactivateEndpoint
                0x080028d0      0x19c Drivers\STM32F1xx_HAL_Driver\Src\stm32f1xx_ll_usb.o
                0x080028d0                USB_DeactivateEndpoint
 .text.USB_EPSetStall
                0x08002a6c       0x64 Drivers\STM32F1xx_HAL_Driver\Src\stm32f1xx_ll_usb.o
                0x08002a6c                USB_EPSetStall
 .text.USB_EPClearStall
                0x08002ad0       0x84 Drivers\STM32F1xx_HAL_Driver\Src\stm32f1xx_ll_usb.o
                0x08002ad0                USB_EPClearStall
 .text.USB_SetDevAddress
                0x08002b54        0xc Drivers\STM32F1xx_HAL_Driver\Src\stm32f1xx_ll_usb.o
                0x08002b54                USB_SetDevAddress
 .text.USB_DevConnect
                0x08002b60        0x4 Drivers\STM32F1xx_HAL_Driver\Src\stm32f1xx_ll_usb.o
                0x08002b60                USB_DevConnect
 .text.USB_DevDisconnect
                0x08002b64        0x4 Drivers\STM32F1xx_HAL_Driver\Src\stm32f1xx_ll_usb.o
                0x08002b64                USB_DevDisconnect
 .text.USB_ReadInterrupts
                0x08002b68        0x8 Drivers\STM32F1xx_HAL_Driver\Src\stm32f1xx_ll_usb.o
                0x08002b68                USB_ReadInterrupts
 .text.USB_EP0_OutStart
                0x08002b70        0x4 Drivers\STM32F1xx_HAL_Driver\Src\stm32f1xx_ll_usb.o
                0x08002b70                USB_EP0_OutStart
 .text.USB_WritePMA
                0x08002b74       0x22 Drivers\STM32F1xx_HAL_Driver\Src\stm32f1xx_ll_usb.o
                0x08002b74                USB_WritePMA
 *fill*         0x08002b96        0x2 
 .text.USB_EPStartXfer
                0x08002b98      0x200 Drivers\STM32F1xx_HAL_Driver\Src\stm32f1xx_ll_usb.o
                0x08002b98                USB_EPStartXfer
 .text.USB_ReadPMA
                0x08002d98       0x22 Drivers\STM32F1xx_HAL_Driver\Src\stm32f1xx_ll_usb.o
                0x08002d98                USB_ReadPMA
 .text.USBD_CDC_DataIn
                0x08002dba       0x12 Middlewares\ST\STM32_USB_Device_Library\Class\CDC\Src\usbd_cdc.o
 .text.USBD_CDC_EP0_RxReady
                0x08002dcc       0x28 Middlewares\ST\STM32_USB_Device_Library\Class\CDC\Src\usbd_cdc.o
 .text.USBD_CDC_GetFSCfgDesc
                0x08002df4        0xc Middlewares\ST\STM32_USB_Device_Library\Class\CDC\Src\usbd_cdc.o
 .text.USBD_CDC_GetHSCfgDesc
                0x08002e00        0xc Middlewares\ST\STM32_USB_Device_Library\Class\CDC\Src\usbd_cdc.o
 .text.USBD_CDC_GetOtherSpeedCfgDesc
                0x08002e0c        0xc Middlewares\ST\STM32_USB_Device_Library\Class\CDC\Src\usbd_cdc.o
 .text.USBD_CDC_GetDeviceQualifierDescriptor
                0x08002e18        0xc Middlewares\ST\STM32_USB_Device_Library\Class\CDC\Src\usbd_cdc.o
                0x08002e18                USBD_CDC_GetDeviceQualifierDescriptor
 .text.USBD_CDC_DataOut
                0x08002e24       0x2e Middlewares\ST\STM32_USB_Device_Library\Class\CDC\Src\usbd_cdc.o
 *fill*         0x08002e52        0x2 
 .text.USBD_CDC_Setup
                0x08002e54       0x68 Middlewares\ST\STM32_USB_Device_Library\Class\CDC\Src\usbd_cdc.o
 .text.USBD_CDC_DeInit
                0x08002ebc       0x3a Middlewares\ST\STM32_USB_Device_Library\Class\CDC\Src\usbd_cdc.o
 .text.USBD_CDC_Init
                0x08002ef6       0x8c Middlewares\ST\STM32_USB_Device_Library\Class\CDC\Src\usbd_cdc.o
 .text.USBD_CDC_RegisterInterface
                0x08002f82        0xe Middlewares\ST\STM32_USB_Device_Library\Class\CDC\Src\usbd_cdc.o
                0x08002f82                USBD_CDC_RegisterInterface
 .text.USBD_CDC_SetTxBuffer
                0x08002f90       0x10 Middlewares\ST\STM32_USB_Device_Library\Class\CDC\Src\usbd_cdc.o
                0x08002f90                USBD_CDC_SetTxBuffer
 .text.USBD_CDC_SetRxBuffer
                0x08002fa0        0xc Middlewares\ST\STM32_USB_Device_Library\Class\CDC\Src\usbd_cdc.o
                0x08002fa0                USBD_CDC_SetRxBuffer
 .text.USBD_CDC_TransmitPacket
                0x08002fac       0x2e Middlewares\ST\STM32_USB_Device_Library\Class\CDC\Src\usbd_cdc.o
                0x08002fac                USBD_CDC_TransmitPacket
 .text.USBD_CDC_ReceivePacket
                0x08002fda       0x26 Middlewares\ST\STM32_USB_Device_Library\Class\CDC\Src\usbd_cdc.o
                0x08002fda                USBD_CDC_ReceivePacket
 .text.USBD_Init
                0x08003000       0x2a Middlewares\ST\STM32_USB_Device_Library\Core\Src\usbd_core.o
                0x08003000                USBD_Init
 .text.USBD_RegisterClass
                0x0800302a        0xe Middlewares\ST\STM32_USB_Device_Library\Core\Src\usbd_core.o
                0x0800302a                USBD_RegisterClass
 .text.USBD_Start
                0x08003038        0xa Middlewares\ST\STM32_USB_Device_Library\Core\Src\usbd_core.o
                0x08003038                USBD_Start
 .text.USBD_SetClassConfig
                0x08003042       0x16 Middlewares\ST\STM32_USB_Device_Library\Core\Src\usbd_core.o
                0x08003042                USBD_SetClassConfig
 .text.USBD_ClrClassConfig
                0x08003058        0xe Middlewares\ST\STM32_USB_Device_Library\Core\Src\usbd_core.o
                0x08003058                USBD_ClrClassConfig
 .text.USBD_LL_SetupStage
                0x08003066       0x5a Middlewares\ST\STM32_USB_Device_Library\Core\Src\usbd_core.o
                0x08003066                USBD_LL_SetupStage
 .text.USBD_LL_DataOutStage
                0x080030c0       0x64 Middlewares\ST\STM32_USB_Device_Library\Core\Src\usbd_core.o
                0x080030c0                USBD_LL_DataOutStage
 .text.USBD_LL_DataInStage
                0x08003124       0x9e Middlewares\ST\STM32_USB_Device_Library\Core\Src\usbd_core.o
                0x08003124                USBD_LL_DataInStage
 .text.USBD_LL_Reset
                0x080031c2       0x3e Middlewares\ST\STM32_USB_Device_Library\Core\Src\usbd_core.o
                0x080031c2                USBD_LL_Reset
 .text.USBD_LL_SetSpeed
                0x08003200        0x6 Middlewares\ST\STM32_USB_Device_Library\Core\Src\usbd_core.o
                0x08003200                USBD_LL_SetSpeed
 .text.USBD_LL_Suspend
                0x08003206       0x12 Middlewares\ST\STM32_USB_Device_Library\Core\Src\usbd_core.o
                0x08003206                USBD_LL_Suspend
 .text.USBD_LL_Resume
                0x08003218        0xc Middlewares\ST\STM32_USB_Device_Library\Core\Src\usbd_core.o
                0x08003218                USBD_LL_Resume
 .text.USBD_LL_SOF
                0x08003224       0x18 Middlewares\ST\STM32_USB_Device_Library\Core\Src\usbd_core.o
                0x08003224                USBD_LL_SOF
 .text.USBD_CtlError.constprop.0
                0x0800323c       0x16 Middlewares\ST\STM32_USB_Device_Library\Core\Src\usbd_ctlreq.o
 *fill*         0x08003252        0x2 
 .text.USBD_StdDevReq
                0x08003254      0x1f4 Middlewares\ST\STM32_USB_Device_Library\Core\Src\usbd_ctlreq.o
                0x08003254                USBD_StdDevReq
 .text.USBD_StdItfReq
                0x08003448       0x30 Middlewares\ST\STM32_USB_Device_Library\Core\Src\usbd_ctlreq.o
                0x08003448                USBD_StdItfReq
 .text.USBD_StdEPReq
                0x08003478       0xc6 Middlewares\ST\STM32_USB_Device_Library\Core\Src\usbd_ctlreq.o
                0x08003478                USBD_StdEPReq
 .text.USBD_ParseSetupRequest
                0x0800353e       0x28 Middlewares\ST\STM32_USB_Device_Library\Core\Src\usbd_ctlreq.o
                0x0800353e                USBD_ParseSetupRequest
 .text.USBD_GetString
                0x08003566       0x38 Middlewares\ST\STM32_USB_Device_Library\Core\Src\usbd_ctlreq.o
                0x08003566                USBD_GetString
 .text.USBD_CtlSendData
                0x0800359e       0x1a Middlewares\ST\STM32_USB_Device_Library\Core\Src\usbd_ioreq.o
                0x0800359e                USBD_CtlSendData
 .text.USBD_CtlContinueSendData
                0x080035b8       0x10 Middlewares\ST\STM32_USB_Device_Library\Core\Src\usbd_ioreq.o
                0x080035b8                USBD_CtlContinueSendData
 .text.USBD_CtlPrepareRx
                0x080035c8       0x1e Middlewares\ST\STM32_USB_Device_Library\Core\Src\usbd_ioreq.o
                0x080035c8                USBD_CtlPrepareRx
 .text.USBD_CtlContinueRx
                0x080035e6       0x10 Middlewares\ST\STM32_USB_Device_Library\Core\Src\usbd_ioreq.o
                0x080035e6                USBD_CtlContinueRx
 .text.USBD_CtlSendStatus
                0x080035f6       0x16 Middlewares\ST\STM32_USB_Device_Library\Core\Src\usbd_ioreq.o
                0x080035f6                USBD_CtlSendStatus
 .text.USBD_CtlReceiveStatus
                0x0800360c       0x16 Middlewares\ST\STM32_USB_Device_Library\Core\Src\usbd_ioreq.o
                0x0800360c                USBD_CtlReceiveStatus
 *fill*         0x08003622        0x2 
 .text.TIM2_IRQHandler
                0x08003624       0x74 Src\main.o
                0x08003624                TIM2_IRQHandler
 .text.TIM4_IRQHandler
                0x08003698       0x1c Src\main.o
                0x08003698                TIM4_IRQHandler
 .text.SystemClock_Config
                0x080036b4       0x86 Src\main.o
                0x080036b4                SystemClock_Config
 *fill*         0x0800373a        0x2 
 .text.startup.main
                0x0800373c      0x26c Src\main.o
                0x0800373c                main
 .text._Error_Handler
                0x080039a8        0x2 Src\main.o
                0x080039a8                _Error_Handler
 *fill*         0x080039aa        0x2 
 .text.HAL_MspInit
                0x080039ac       0x8c Src\stm32f1xx_hal_msp.o
                0x080039ac                HAL_MspInit
 .text.HAL_TIM_PWM_MspInit
                0x08003a38       0x28 Src\stm32f1xx_hal_msp.o
                0x08003a38                HAL_TIM_PWM_MspInit
 .text.HAL_TIM_Base_MspInit
                0x08003a60       0x94 Src\stm32f1xx_hal_msp.o
                0x08003a60                HAL_TIM_Base_MspInit
 .text.HAL_TIM_MspPostInit
                0x08003af4       0x3c Src\stm32f1xx_hal_msp.o
                0x08003af4                HAL_TIM_MspPostInit
 .text.NMI_Handler
                0x08003b30        0x2 Src\stm32f1xx_it.o
                0x08003b30                NMI_Handler
 .text.HardFault_Handler
                0x08003b32        0x2 Src\stm32f1xx_it.o
                0x08003b32                HardFault_Handler
 .text.MemManage_Handler
                0x08003b34        0x2 Src\stm32f1xx_it.o
                0x08003b34                MemManage_Handler
 .text.BusFault_Handler
                0x08003b36        0x2 Src\stm32f1xx_it.o
                0x08003b36                BusFault_Handler
 .text.UsageFault_Handler
                0x08003b38        0x2 Src\stm32f1xx_it.o
                0x08003b38                UsageFault_Handler
 .text.SVC_Handler
                0x08003b3a        0x2 Src\stm32f1xx_it.o
                0x08003b3a                SVC_Handler
 .text.DebugMon_Handler
                0x08003b3c        0x2 Src\stm32f1xx_it.o
                0x08003b3c                DebugMon_Handler
 .text.PendSV_Handler
                0x08003b3e        0x2 Src\stm32f1xx_it.o
                0x08003b3e                PendSV_Handler
 .text.SysTick_Handler
                0x08003b40        0xe Src\stm32f1xx_it.o
                0x08003b40                SysTick_Handler
 *fill*         0x08003b4e        0x2 
 .text.USB_LP_CAN1_RX0_IRQHandler
                0x08003b50        0xc Src\stm32f1xx_it.o
                0x08003b50                USB_LP_CAN1_RX0_IRQHandler
 .text.USB_HP_CAN1_TX_IRQHandler
                0x08003b5c        0x4 Src\stm32f1xx_it.o
                0x08003b5c                USB_HP_CAN1_TX_IRQHandler
 .text.SystemInit
                0x08003b60       0x4c Src\system_stm32f1xx.o
                0x08003b60                SystemInit
 .text.MX_USB_DEVICE_Init
                0x08003bac       0x38 Src\usb_device.o
                0x08003bac                MX_USB_DEVICE_Init
 .text.CDC_DeInit_FS
                0x08003be4        0x4 Src\usbd_cdc_if.o
 .text.CDC_Control_FS
                0x08003be8        0x4 Src\usbd_cdc_if.o
 .text.CDC_Receive_FS
                0x08003bec       0x1c Src\usbd_cdc_if.o
 .text.CDC_Init_FS
                0x08003c08       0x28 Src\usbd_cdc_if.o
 .text.CDC_Transmit_FS
                0x08003c30       0x28 Src\usbd_cdc_if.o
                0x08003c30                CDC_Transmit_FS
 .text.USBsend  0x08003c58       0x12 Src\usbd_cdc_if.o
                0x08003c58                USBsend
 *fill*         0x08003c6a        0x2 
 .text.USBsend_Int
                0x08003c6c       0x20 Src\usbd_cdc_if.o
                0x08003c6c                USBsend_Int
 .text.HAL_PCD_MspInit
                0x08003c8c       0x4c Src\usbd_conf.o
                0x08003c8c                HAL_PCD_MspInit
 .text.HAL_PCD_SetupStageCallback
                0x08003cd8        0xc Src\usbd_conf.o
                0x08003cd8                HAL_PCD_SetupStageCallback
 .text.HAL_PCD_DataOutStageCallback
                0x08003ce4       0x10 Src\usbd_conf.o
                0x08003ce4                HAL_PCD_DataOutStageCallback
 .text.HAL_PCD_DataInStageCallback
                0x08003cf4        0xe Src\usbd_conf.o
                0x08003cf4                HAL_PCD_DataInStageCallback
 .text.HAL_PCD_SOFCallback
                0x08003d02        0x8 Src\usbd_conf.o
                0x08003d02                HAL_PCD_SOFCallback
 .text.HAL_PCD_ResetCallback
                0x08003d0a       0x1a Src\usbd_conf.o
                0x08003d0a                HAL_PCD_ResetCallback
 .text.HAL_PCD_SuspendCallback
                0x08003d24       0x20 Src\usbd_conf.o
                0x08003d24                HAL_PCD_SuspendCallback
 .text.HAL_PCD_ResumeCallback
                0x08003d44        0x8 Src\usbd_conf.o
                0x08003d44                HAL_PCD_ResumeCallback
 .text.USBD_LL_Init
                0x08003d4c       0x90 Src\usbd_conf.o
                0x08003d4c                USBD_LL_Init
 .text.USBD_LL_Start
                0x08003ddc       0x1c Src\usbd_conf.o
                0x08003ddc                USBD_LL_Start
 .text.USBD_LL_OpenEP
                0x08003df8       0x20 Src\usbd_conf.o
                0x08003df8                USBD_LL_OpenEP
 .text.USBD_LL_CloseEP
                0x08003e18       0x1c Src\usbd_conf.o
                0x08003e18                USBD_LL_CloseEP
 .text.USBD_LL_StallEP
                0x08003e34       0x1c Src\usbd_conf.o
                0x08003e34                USBD_LL_StallEP
 .text.USBD_LL_ClearStallEP
                0x08003e50       0x1c Src\usbd_conf.o
                0x08003e50                USBD_LL_ClearStallEP
 .text.USBD_LL_IsStallEP
                0x08003e6c       0x20 Src\usbd_conf.o
                0x08003e6c                USBD_LL_IsStallEP
 .text.USBD_LL_SetUSBAddress
                0x08003e8c       0x1c Src\usbd_conf.o
                0x08003e8c                USBD_LL_SetUSBAddress
 .text.USBD_LL_Transmit
                0x08003ea8       0x1c Src\usbd_conf.o
                0x08003ea8                USBD_LL_Transmit
 .text.USBD_LL_PrepareReceive
                0x08003ec4       0x1c Src\usbd_conf.o
                0x08003ec4                USBD_LL_PrepareReceive
 .text.USBD_LL_GetRxDataSize
                0x08003ee0        0xc Src\usbd_conf.o
                0x08003ee0                USBD_LL_GetRxDataSize
 .text.USBD_static_malloc
                0x08003eec        0x8 Src\usbd_conf.o
                0x08003eec                USBD_static_malloc
 .text.USBD_static_free
                0x08003ef4        0x2 Src\usbd_conf.o
                0x08003ef4                USBD_static_free
 .text.HAL_PCDEx_SetConnectionState
                0x08003ef6        0x2 Src\usbd_conf.o
                0x08003ef6                HAL_PCDEx_SetConnectionState
 .text.USBD_FS_DeviceDescriptor
                0x08003ef8        0xc Src\usbd_desc.o
                0x08003ef8                USBD_FS_DeviceDescriptor
 .text.USBD_FS_LangIDStrDescriptor
                0x08003f04        0xc Src\usbd_desc.o
                0x08003f04                USBD_FS_LangIDStrDescriptor
 .text.USBD_FS_ManufacturerStrDescriptor
                0x08003f10       0x1c Src\usbd_desc.o
                0x08003f10                USBD_FS_ManufacturerStrDescriptor
 .text.USBD_FS_ProductStrDescriptor
                0x08003f2c       0x1c Src\usbd_desc.o
                0x08003f2c                USBD_FS_ProductStrDescriptor
 .text.USBD_FS_SerialStrDescriptor
                0x08003f48       0x1c Src\usbd_desc.o
                0x08003f48                USBD_FS_SerialStrDescriptor
 .text.USBD_FS_ConfigStrDescriptor
                0x08003f64       0x1c Src\usbd_desc.o
                0x08003f64                USBD_FS_ConfigStrDescriptor
 .text.USBD_FS_InterfaceStrDescriptor
                0x08003f80       0x1c Src\usbd_desc.o
                0x08003f80                USBD_FS_InterfaceStrDescriptor
 .text.Reset_Handler
                0x08003f9c       0x48 startup\startup_stm32f103xb.o
                0x08003f9c                Reset_Handler
 .text.Default_Handler
                0x08003fe4        0x2 startup\startup_stm32f103xb.o
                0x08003fe4                RTC_Alarm_IRQHandler
                0x08003fe4                EXTI2_IRQHandler
                0x08003fe4                TIM1_CC_IRQHandler
                0x08003fe4                PVD_IRQHandler
                0x08003fe4                EXTI3_IRQHandler
                0x08003fe4                EXTI0_IRQHandler
                0x08003fe4                I2C2_EV_IRQHandler
                0x08003fe4                ADC1_2_IRQHandler
                0x08003fe4                SPI1_IRQHandler
                0x08003fe4                TAMPER_IRQHandler
                0x08003fe4                DMA1_Channel4_IRQHandler
                0x08003fe4                USART3_IRQHandler
                0x08003fe4                RTC_IRQHandler
                0x08003fe4                DMA1_Channel7_IRQHandler
                0x08003fe4                CAN1_RX1_IRQHandler
                0x08003fe4                I2C1_EV_IRQHandler
                0x08003fe4                DMA1_Channel6_IRQHandler
                0x08003fe4                TIM3_IRQHandler
                0x08003fe4                RCC_IRQHandler
                0x08003fe4                TIM1_TRG_COM_IRQHandler
                0x08003fe4                DMA1_Channel1_IRQHandler
                0x08003fe4                Default_Handler
                0x08003fe4                EXTI15_10_IRQHandler
                0x08003fe4                EXTI9_5_IRQHandler
                0x08003fe4                SPI2_IRQHandler
                0x08003fe4                DMA1_Channel5_IRQHandler
                0x08003fe4                EXTI4_IRQHandler
                0x08003fe4                DMA1_Channel3_IRQHandler
                0x08003fe4                TIM1_UP_IRQHandler
                0x08003fe4                WWDG_IRQHandler
                0x08003fe4                TIM1_BRK_IRQHandler
                0x08003fe4                EXTI1_IRQHandler
                0x08003fe4                USART2_IRQHandler
                0x08003fe4                I2C2_ER_IRQHandler
                0x08003fe4                DMA1_Channel2_IRQHandler
                0x08003fe4                CAN1_SCE_IRQHandler
                0x08003fe4                FLASH_IRQHandler
                0x08003fe4                USART1_IRQHandler
                0x08003fe4                I2C1_ER_IRQHandler
                0x08003fe4                USBWakeUp_IRQHandler
 *fill*         0x08003fe6        0x2 
 .text.__libc_init_array
                0x08003fe8       0x48 d:/programs/attolic/truestudio for stm32 9.0.0/armtools/bin/../lib/gcc/arm-atollic-eabi/6.3.1/../../../../arm-atollic-eabi/lib/armv7-m\libc.a(lib_a-init.o)
                0x08003fe8                __libc_init_array
 .text.memset   0x08004030       0x10 d:/programs/attolic/truestudio for stm32 9.0.0/armtools/bin/../lib/gcc/arm-atollic-eabi/6.3.1/../../../../arm-atollic-eabi/lib/armv7-m\libc.a(lib_a-memset.o)
                0x08004030                memset
 .text.sprintf  0x08004040       0x48 d:/programs/attolic/truestudio for stm32 9.0.0/armtools/bin/../lib/gcc/arm-atollic-eabi/6.3.1/../../../../arm-atollic-eabi/lib/armv7-m\libc.a(lib_a-sprintf.o)
                0x08004040                sprintf
 .text._svfprintf_r
                0x08004088      0xfa0 d:/programs/attolic/truestudio for stm32 9.0.0/armtools/bin/../lib/gcc/arm-atollic-eabi/6.3.1/../../../../arm-atollic-eabi/lib/armv7-m\libc.a(lib_a-svfprintf.o)
                0x08004088                _svfprintf_r
 .text.quorem   0x08005028      0x118 d:/programs/attolic/truestudio for stm32 9.0.0/armtools/bin/../lib/gcc/arm-atollic-eabi/6.3.1/../../../../arm-atollic-eabi/lib/armv7-m\libc.a(lib_a-dtoa.o)
 .text._dtoa_r  0x08005140      0xba8 d:/programs/attolic/truestudio for stm32 9.0.0/armtools/bin/../lib/gcc/arm-atollic-eabi/6.3.1/../../../../arm-atollic-eabi/lib/armv7-m\libc.a(lib_a-dtoa.o)
                0x08005140                _dtoa_r
 .text._localeconv_r
                0x08005ce8       0x1c d:/programs/attolic/truestudio for stm32 9.0.0/armtools/bin/../lib/gcc/arm-atollic-eabi/6.3.1/../../../../arm-atollic-eabi/lib/armv7-m\libc.a(lib_a-localeconv.o)
                0x08005ce8                _localeconv_r
 .text.malloc   0x08005d04       0x10 d:/programs/attolic/truestudio for stm32 9.0.0/armtools/bin/../lib/gcc/arm-atollic-eabi/6.3.1/../../../../arm-atollic-eabi/lib/armv7-m\libc.a(lib_a-malloc.o)
                0x08005d04                malloc
 .text._malloc_r
                0x08005d14      0x418 d:/programs/attolic/truestudio for stm32 9.0.0/armtools/bin/../lib/gcc/arm-atollic-eabi/6.3.1/../../../../arm-atollic-eabi/lib/armv7-m\libc.a(lib_a-mallocr.o)
                0x08005d14                _malloc_r
 .text.memchr   0x0800612c       0x1c d:/programs/attolic/truestudio for stm32 9.0.0/armtools/bin/../lib/gcc/arm-atollic-eabi/6.3.1/../../../../arm-atollic-eabi/lib/armv7-m\libc.a(lib_a-memchr-stub.o)
                0x0800612c                memchr
 .text.memcpy   0x08006148       0x16 d:/programs/attolic/truestudio for stm32 9.0.0/armtools/bin/../lib/gcc/arm-atollic-eabi/6.3.1/../../../../arm-atollic-eabi/lib/armv7-m\libc.a(lib_a-memcpy-stub.o)
                0x08006148                memcpy
 *fill*         0x0800615e        0x2 
 .text.__malloc_lock
                0x08006160        0xc d:/programs/attolic/truestudio for stm32 9.0.0/armtools/bin/../lib/gcc/arm-atollic-eabi/6.3.1/../../../../arm-atollic-eabi/lib/armv7-m\libc.a(lib_a-mlock.o)
                0x08006160                __malloc_lock
 .text.__malloc_unlock
                0x0800616c        0xc d:/programs/attolic/truestudio for stm32 9.0.0/armtools/bin/../lib/gcc/arm-atollic-eabi/6.3.1/../../../../arm-atollic-eabi/lib/armv7-m\libc.a(lib_a-mlock.o)
                0x0800616c                __malloc_unlock
 .text._Balloc  0x08006178       0x68 d:/programs/attolic/truestudio for stm32 9.0.0/armtools/bin/../lib/gcc/arm-atollic-eabi/6.3.1/../../../../arm-atollic-eabi/lib/armv7-m\libc.a(lib_a-mprec.o)
                0x08006178                _Balloc
 .text._Bfree   0x080061e0       0x2e d:/programs/attolic/truestudio for stm32 9.0.0/armtools/bin/../lib/gcc/arm-atollic-eabi/6.3.1/../../../../arm-atollic-eabi/lib/armv7-m\libc.a(lib_a-mprec.o)
                0x080061e0                _Bfree
 .text.__multadd
                0x0800620e       0x76 d:/programs/attolic/truestudio for stm32 9.0.0/armtools/bin/../lib/gcc/arm-atollic-eabi/6.3.1/../../../../arm-atollic-eabi/lib/armv7-m\libc.a(lib_a-mprec.o)
                0x0800620e                __multadd
 .text.__hi0bits
                0x08006284       0x3e d:/programs/attolic/truestudio for stm32 9.0.0/armtools/bin/../lib/gcc/arm-atollic-eabi/6.3.1/../../../../arm-atollic-eabi/lib/armv7-m\libc.a(lib_a-mprec.o)
                0x08006284                __hi0bits
 .text.__lo0bits
                0x080062c2       0x5e d:/programs/attolic/truestudio for stm32 9.0.0/armtools/bin/../lib/gcc/arm-atollic-eabi/6.3.1/../../../../arm-atollic-eabi/lib/armv7-m\libc.a(lib_a-mprec.o)
                0x080062c2                __lo0bits
 .text.__i2b    0x08006320       0x12 d:/programs/attolic/truestudio for stm32 9.0.0/armtools/bin/../lib/gcc/arm-atollic-eabi/6.3.1/../../../../arm-atollic-eabi/lib/armv7-m\libc.a(lib_a-mprec.o)
                0x08006320                __i2b
 .text.__multiply
                0x08006332      0x118 d:/programs/attolic/truestudio for stm32 9.0.0/armtools/bin/../lib/gcc/arm-atollic-eabi/6.3.1/../../../../arm-atollic-eabi/lib/armv7-m\libc.a(lib_a-mprec.o)
                0x08006332                __multiply
 *fill*         0x0800644a        0x2 
 .text.__pow5mult
                0x0800644c       0x9c d:/programs/attolic/truestudio for stm32 9.0.0/armtools/bin/../lib/gcc/arm-atollic-eabi/6.3.1/../../../../arm-atollic-eabi/lib/armv7-m\libc.a(lib_a-mprec.o)
                0x0800644c                __pow5mult
 .text.__lshift
                0x080064e8       0xa2 d:/programs/attolic/truestudio for stm32 9.0.0/armtools/bin/../lib/gcc/arm-atollic-eabi/6.3.1/../../../../arm-atollic-eabi/lib/armv7-m\libc.a(lib_a-mprec.o)
                0x080064e8                __lshift
 .text.__mcmp   0x0800658a       0x34 d:/programs/attolic/truestudio for stm32 9.0.0/armtools/bin/../lib/gcc/arm-atollic-eabi/6.3.1/../../../../arm-atollic-eabi/lib/armv7-m\libc.a(lib_a-mprec.o)
                0x0800658a                __mcmp
 .text.__mdiff  0x080065be       0xbe d:/programs/attolic/truestudio for stm32 9.0.0/armtools/bin/../lib/gcc/arm-atollic-eabi/6.3.1/../../../../arm-atollic-eabi/lib/armv7-m\libc.a(lib_a-mprec.o)
                0x080065be                __mdiff
 .text.__d2b    0x0800667c       0x9e d:/programs/attolic/truestudio for stm32 9.0.0/armtools/bin/../lib/gcc/arm-atollic-eabi/6.3.1/../../../../arm-atollic-eabi/lib/armv7-m\libc.a(lib_a-mprec.o)
                0x0800667c                __d2b
 *fill*         0x0800671a        0x2 
 .text._sbrk_r  0x0800671c       0x20 d:/programs/attolic/truestudio for stm32 9.0.0/armtools/bin/../lib/gcc/arm-atollic-eabi/6.3.1/../../../../arm-atollic-eabi/lib/armv7-m\libc.a(lib_a-sbrkr.o)
                0x0800671c                _sbrk_r
 .text.__ssprint_r
                0x0800673c       0xf4 d:/programs/attolic/truestudio for stm32 9.0.0/armtools/bin/../lib/gcc/arm-atollic-eabi/6.3.1/../../../../arm-atollic-eabi/lib/armv7-m\libc.a(lib_a-svfiprintf.o)
                0x0800673c                __ssprint_r
 .text._calloc_r
                0x08006830       0x5a d:/programs/attolic/truestudio for stm32 9.0.0/armtools/bin/../lib/gcc/arm-atollic-eabi/6.3.1/../../../../arm-atollic-eabi/lib/armv7-m\libc.a(lib_a-callocr.o)
                0x08006830                _calloc_r
 *fill*         0x0800688a        0x2 
 .text._malloc_trim_r
                0x0800688c       0xac d:/programs/attolic/truestudio for stm32 9.0.0/armtools/bin/../lib/gcc/arm-atollic-eabi/6.3.1/../../../../arm-atollic-eabi/lib/armv7-m\libc.a(lib_a-freer.o)
                0x0800688c                _malloc_trim_r
 .text._free_r  0x08006938      0x178 d:/programs/attolic/truestudio for stm32 9.0.0/armtools/bin/../lib/gcc/arm-atollic-eabi/6.3.1/../../../../arm-atollic-eabi/lib/armv7-m\libc.a(lib_a-freer.o)
                0x08006938                _free_r
 .text.__retarget_lock_acquire_recursive
                0x08006ab0        0x2 d:/programs/attolic/truestudio for stm32 9.0.0/armtools/bin/../lib/gcc/arm-atollic-eabi/6.3.1/../../../../arm-atollic-eabi/lib/armv7-m\libc.a(lib_a-lock.o)
                0x08006ab0                __retarget_lock_acquire_recursive
 .text.__retarget_lock_release_recursive
                0x08006ab2        0x2 d:/programs/attolic/truestudio for stm32 9.0.0/armtools/bin/../lib/gcc/arm-atollic-eabi/6.3.1/../../../../arm-atollic-eabi/lib/armv7-m\libc.a(lib_a-lock.o)
                0x08006ab2                __retarget_lock_release_recursive
 .text.__ascii_mbtowc
                0x08006ab4       0x24 d:/programs/attolic/truestudio for stm32 9.0.0/armtools/bin/../lib/gcc/arm-atollic-eabi/6.3.1/../../../../arm-atollic-eabi/lib/armv7-m\libc.a(lib_a-mbtowc_r.o)
                0x08006ab4                __ascii_mbtowc
 .text.memmove  0x08006ad8       0x34 d:/programs/attolic/truestudio for stm32 9.0.0/armtools/bin/../lib/gcc/arm-atollic-eabi/6.3.1/../../../../arm-atollic-eabi/lib/armv7-m\libc.a(lib_a-memmove.o)
                0x08006ad8                memmove
 .text._realloc_r
                0x08006b0c      0x304 d:/programs/attolic/truestudio for stm32 9.0.0/armtools/bin/../lib/gcc/arm-atollic-eabi/6.3.1/../../../../arm-atollic-eabi/lib/armv7-m\libc.a(lib_a-reallocr.o)
                0x08006b0c                _realloc_r
 .text.__ascii_wctomb
                0x08006e10       0x1a d:/programs/attolic/truestudio for stm32 9.0.0/armtools/bin/../lib/gcc/arm-atollic-eabi/6.3.1/../../../../arm-atollic-eabi/lib/armv7-m\libc.a(lib_a-wctomb_r.o)
                0x08006e10                __ascii_wctomb
 *fill*         0x08006e2a        0x2 
 .text._sbrk    0x08006e2c       0x1c d:/programs/attolic/truestudio for stm32 9.0.0/armtools/bin/../lib/gcc/arm-atollic-eabi/6.3.1/../../../../arm-atollic-eabi/lib/armv7-m\libnosys.a(sbrk.o)
                0x08006e2c                _sbrk
 *(.glue_7)
 .glue_7        0x08006e48        0x0 linker stubs
 *(.glue_7t)
 .glue_7t       0x08006e48        0x0 linker stubs
 *(.eh_frame)
 .eh_frame      0x08006e48        0x0 d:/programs/attolic/truestudio for stm32 9.0.0/armtools/bin/../lib/gcc/arm-atollic-eabi/6.3.1/armv7-m/crtbegin.o
 *(.init)
 .init          0x08006e48        0x4 d:/programs/attolic/truestudio for stm32 9.0.0/armtools/bin/../lib/gcc/arm-atollic-eabi/6.3.1/armv7-m/crti.o
                0x08006e48                _init
 .init          0x08006e4c        0x8 d:/programs/attolic/truestudio for stm32 9.0.0/armtools/bin/../lib/gcc/arm-atollic-eabi/6.3.1/armv7-m/crtn.o
 *(.fini)
 .fini          0x08006e54        0x4 d:/programs/attolic/truestudio for stm32 9.0.0/armtools/bin/../lib/gcc/arm-atollic-eabi/6.3.1/armv7-m/crti.o
                0x08006e54                _fini
 .fini          0x08006e58        0x8 d:/programs/attolic/truestudio for stm32 9.0.0/armtools/bin/../lib/gcc/arm-atollic-eabi/6.3.1/armv7-m/crtn.o
                0x08006e60                . = ALIGN (0x4)
                0x08006e60                _etext = .

.vfp11_veneer   0x08006e60        0x0
 .vfp11_veneer  0x08006e60        0x0 linker stubs

.v4_bx          0x08006e60        0x0
 .v4_bx         0x08006e60        0x0 linker stubs

.iplt           0x08006e60        0x0
 .iplt          0x08006e60        0x0 d:/programs/attolic/truestudio for stm32 9.0.0/armtools/bin/../lib/gcc/arm-atollic-eabi/6.3.1/armv7-m/crtbegin.o

.rodata         0x08006e60      0x388
                0x08006e60                . = ALIGN (0x4)
 *(.rodata)
 .rodata        0x08006e60       0x10 Drivers\STM32F1xx_HAL_Driver\Src\stm32f1xx_hal_rcc.o
 *(.rodata*)
 .rodata.main.str1.1
                0x08006e70       0x94 Src\main.o
 .rodata.AHBPrescTable
                0x08006f04       0x10 Src\system_stm32f1xx.o
                0x08006f04                AHBPrescTable
 .rodata.USBsend_Int.str1.1
                0x08006f14        0x3 Src\usbd_cdc_if.o
 .rodata.CSWTCH.39
                0x08006f17        0x4 Src\usbd_conf.o
 .rodata.USBD_LL_Init.str1.1
                0x08006f1b       0x13 Src\usbd_conf.o
 .rodata.USBD_FS_ConfigStrDescriptor.str1.1
                0x08006f2e        0xb Src\usbd_desc.o
 .rodata.USBD_FS_InterfaceStrDescriptor.str1.1
                0x08006f39        0xe Src\usbd_desc.o
 .rodata.USBD_FS_ManufacturerStrDescriptor.str1.1
                0x08006f47       0x13 Src\usbd_desc.o
 .rodata.USBD_FS_ProductStrDescriptor.str1.1
                0x08006f5a       0x16 Src\usbd_desc.o
 .rodata.USBD_FS_SerialStrDescriptor.str1.1
                0x08006f70        0xd Src\usbd_desc.o
 .rodata._svfprintf_r.str1.1
                0x08006f7d       0x34 d:/programs/attolic/truestudio for stm32 9.0.0/armtools/bin/../lib/gcc/arm-atollic-eabi/6.3.1/../../../../arm-atollic-eabi/lib/armv7-m\libc.a(lib_a-svfprintf.o)
 .rodata.blanks.7236
                0x08006fb1       0x10 d:/programs/attolic/truestudio for stm32 9.0.0/armtools/bin/../lib/gcc/arm-atollic-eabi/6.3.1/../../../../arm-atollic-eabi/lib/armv7-m\libc.a(lib_a-svfprintf.o)
 .rodata.zeroes.7237
                0x08006fc1       0x10 d:/programs/attolic/truestudio for stm32 9.0.0/armtools/bin/../lib/gcc/arm-atollic-eabi/6.3.1/../../../../arm-atollic-eabi/lib/armv7-m\libc.a(lib_a-svfprintf.o)
 .rodata._dtoa_r.str1.1
                0x08006fd1        0xd d:/programs/attolic/truestudio for stm32 9.0.0/armtools/bin/../lib/gcc/arm-atollic-eabi/6.3.1/../../../../arm-atollic-eabi/lib/armv7-m\libc.a(lib_a-dtoa.o)
                                  0xf (size before relaxing)
 *fill*         0x08006fde        0x2 
 .rodata.__mprec_bigtens
                0x08006fe0       0x28 d:/programs/attolic/truestudio for stm32 9.0.0/armtools/bin/../lib/gcc/arm-atollic-eabi/6.3.1/../../../../arm-atollic-eabi/lib/armv7-m\libc.a(lib_a-mprec.o)
                0x08006fe0                __mprec_bigtens
 .rodata.__mprec_tens
                0x08007008       0xc8 d:/programs/attolic/truestudio for stm32 9.0.0/armtools/bin/../lib/gcc/arm-atollic-eabi/6.3.1/../../../../arm-atollic-eabi/lib/armv7-m\libc.a(lib_a-mprec.o)
                0x08007008                __mprec_tens
 .rodata.p05.6073
                0x080070d0        0xc d:/programs/attolic/truestudio for stm32 9.0.0/armtools/bin/../lib/gcc/arm-atollic-eabi/6.3.1/../../../../arm-atollic-eabi/lib/armv7-m\libc.a(lib_a-mprec.o)
 .rodata._setlocale_r.str1.1
                0x080070dc        0x8 d:/programs/attolic/truestudio for stm32 9.0.0/armtools/bin/../lib/gcc/arm-atollic-eabi/6.3.1/../../../../arm-atollic-eabi/lib/armv7-m\libc.a(lib_a-locale.o)
                                  0x9 (size before relaxing)
 .rodata.str1.1
                0x080070e4        0x2 d:/programs/attolic/truestudio for stm32 9.0.0/armtools/bin/../lib/gcc/arm-atollic-eabi/6.3.1/../../../../arm-atollic-eabi/lib/armv7-m\libc.a(lib_a-locale.o)
 .rodata._ctype_
                0x080070e6      0x101 d:/programs/attolic/truestudio for stm32 9.0.0/armtools/bin/../lib/gcc/arm-atollic-eabi/6.3.1/../../../../arm-atollic-eabi/lib/armv7-m\libc.a(lib_a-ctype_.o)
                0x080070e6                _ctype_
                0x080071e8                . = ALIGN (0x4)
 *fill*         0x080071e7        0x1 

.ARM.extab
 *(.ARM.extab* .gnu.linkonce.armextab.*)

.ARM            0x080071e8        0x8
                0x080071e8                __exidx_start = .
 *(.ARM.exidx*)
 .ARM.exidx     0x080071e8        0x8 d:/programs/attolic/truestudio for stm32 9.0.0/armtools/bin/../lib/gcc/arm-atollic-eabi/6.3.1/armv7-m\libgcc.a(_udivmoddi4.o)
                0x080071f0                __exidx_end = .

.rel.dyn        0x080071f0        0x0
 .rel.iplt      0x080071f0        0x0 d:/programs/attolic/truestudio for stm32 9.0.0/armtools/bin/../lib/gcc/arm-atollic-eabi/6.3.1/armv7-m/crtbegin.o

.preinit_array  0x080071f0        0x0
                0x080071f0                PROVIDE (__preinit_array_start, .)
 *(.preinit_array*)
                0x080071f0                PROVIDE (__preinit_array_end, .)

.init_array     0x080071f0        0x4
                0x080071f0                PROVIDE (__init_array_start, .)
 *(SORT(.init_array.*))
 *(.init_array*)
 .init_array    0x080071f0        0x4 d:/programs/attolic/truestudio for stm32 9.0.0/armtools/bin/../lib/gcc/arm-atollic-eabi/6.3.1/armv7-m/crtbegin.o
                0x080071f4                PROVIDE (__init_array_end, .)

.fini_array     0x080071f4        0x4
                [!provide]                PROVIDE (__fini_array_start, .)
 *(SORT(.fini_array.*))
 *(.fini_array*)
 .fini_array    0x080071f4        0x4 d:/programs/attolic/truestudio for stm32 9.0.0/armtools/bin/../lib/gcc/arm-atollic-eabi/6.3.1/armv7-m/crtbegin.o
                [!provide]                PROVIDE (__fini_array_end, .)
                0x080071f8                _sidata = LOADADDR (.data)

.data           0x20000000      0x7d0 load address 0x080071f8
                0x20000000                . = ALIGN (0x4)
                0x20000000                _sdata = .
 *(.data)
 *(.data*)
 .data.uwTickFreq
                0x20000000        0x1 Drivers\STM32F1xx_HAL_Driver\Src\stm32f1xx_hal.o
                0x20000000                uwTickFreq
 *fill*         0x20000001        0x3 
 .data.uwTickPrio
                0x20000004        0x4 Drivers\STM32F1xx_HAL_Driver\Src\stm32f1xx_hal.o
                0x20000004                uwTickPrio
 .data.USBD_CDC
                0x20000008       0x38 Middlewares\ST\STM32_USB_Device_Library\Class\CDC\Src\usbd_cdc.o
                0x20000008                USBD_CDC
 .data.USBD_CDC_CfgFSDesc
                0x20000040       0x43 Middlewares\ST\STM32_USB_Device_Library\Class\CDC\Src\usbd_cdc.o
                0x20000040                USBD_CDC_CfgFSDesc
 *fill*         0x20000083        0x1 
 .data.USBD_CDC_CfgHSDesc
                0x20000084       0x43 Middlewares\ST\STM32_USB_Device_Library\Class\CDC\Src\usbd_cdc.o
                0x20000084                USBD_CDC_CfgHSDesc
 *fill*         0x200000c7        0x1 
 .data.USBD_CDC_DeviceQualifierDesc
                0x200000c8        0xa Middlewares\ST\STM32_USB_Device_Library\Class\CDC\Src\usbd_cdc.o
 *fill*         0x200000d2        0x2 
 .data.USBD_CDC_OtherSpeedCfgDesc
                0x200000d4       0x43 Middlewares\ST\STM32_USB_Device_Library\Class\CDC\Src\usbd_cdc.o
                0x200000d4                USBD_CDC_OtherSpeedCfgDesc
 *fill*         0x20000117        0x1 
 .data.SystemCoreClock
                0x20000118        0x4 Src\system_stm32f1xx.o
                0x20000118                SystemCoreClock
 .data.USBD_Interface_fops_FS
                0x2000011c       0x10 Src\usbd_cdc_if.o
                0x2000011c                USBD_Interface_fops_FS
 .data.FS_Desc  0x2000012c       0x1c Src\usbd_desc.o
                0x2000012c                FS_Desc
 .data.USBD_FS_DeviceDesc
                0x20000148       0x12 Src\usbd_desc.o
                0x20000148                USBD_FS_DeviceDesc
 *fill*         0x2000015a        0x2 
 .data.USBD_LangIDDesc
                0x2000015c        0x4 Src\usbd_desc.o
                0x2000015c                USBD_LangIDDesc
 .data._impure_ptr
                0x20000160        0x4 d:/programs/attolic/truestudio for stm32 9.0.0/armtools/bin/../lib/gcc/arm-atollic-eabi/6.3.1/../../../../arm-atollic-eabi/lib/armv7-m\libc.a(lib_a-impure.o)
                0x20000160                _impure_ptr
 .data.impure_data
                0x20000164       0xf0 d:/programs/attolic/truestudio for stm32 9.0.0/armtools/bin/../lib/gcc/arm-atollic-eabi/6.3.1/../../../../arm-atollic-eabi/lib/armv7-m\libc.a(lib_a-impure.o)
 .data.__malloc_av_
                0x20000254      0x408 d:/programs/attolic/truestudio for stm32 9.0.0/armtools/bin/../lib/gcc/arm-atollic-eabi/6.3.1/../../../../arm-atollic-eabi/lib/armv7-m\libc.a(lib_a-mallocr.o)
                0x20000254                __malloc_av_
 .data.__malloc_sbrk_base
                0x2000065c        0x4 d:/programs/attolic/truestudio for stm32 9.0.0/armtools/bin/../lib/gcc/arm-atollic-eabi/6.3.1/../../../../arm-atollic-eabi/lib/armv7-m\libc.a(lib_a-mallocr.o)
                0x2000065c                __malloc_sbrk_base
 .data.__malloc_trim_threshold
                0x20000660        0x4 d:/programs/attolic/truestudio for stm32 9.0.0/armtools/bin/../lib/gcc/arm-atollic-eabi/6.3.1/../../../../arm-atollic-eabi/lib/armv7-m\libc.a(lib_a-mallocr.o)
                0x20000660                __malloc_trim_threshold
 .data.__global_locale
                0x20000664      0x16c d:/programs/attolic/truestudio for stm32 9.0.0/armtools/bin/../lib/gcc/arm-atollic-eabi/6.3.1/../../../../arm-atollic-eabi/lib/armv7-m\libc.a(lib_a-locale.o)
                0x20000664                __global_locale
                0x200007d0                . = ALIGN (0x4)
                0x200007d0                _edata = .

.igot.plt       0x200007d0        0x0 load address 0x080079c8
 .igot.plt      0x200007d0        0x0 d:/programs/attolic/truestudio for stm32 9.0.0/armtools/bin/../lib/gcc/arm-atollic-eabi/6.3.1/armv7-m/crtbegin.o
                0x200007d0                . = ALIGN (0x4)

.bss            0x200007d0     0x13ec load address 0x080079c8
                0x200007d0                _sbss = .
                0x200007d0                __bss_start__ = _sbss
 *(.bss)
 .bss           0x200007d0       0x1c d:/programs/attolic/truestudio for stm32 9.0.0/armtools/bin/../lib/gcc/arm-atollic-eabi/6.3.1/armv7-m/crtbegin.o
 *(.bss*)
 .bss.ifalt.7980
                0x200007ec        0x1 Middlewares\ST\STM32_USB_Device_Library\Class\CDC\Src\usbd_cdc.o
 .bss.cfgidx.7985
                0x200007ed        0x1 Middlewares\ST\STM32_USB_Device_Library\Core\Src\usbd_ctlreq.o
 *fill*         0x200007ee        0x2 
 .bss.freq      0x200007f0        0x4 Src\main.o
                0x200007f0                freq
 .bss.k         0x200007f4        0x4 Src\main.o
                0x200007f4                k
 .bss.temp_cnt  0x200007f8        0x4 Src\main.o
                0x200007f8                temp_cnt
 .bss.mem.8139  0x200007fc      0x220 Src\usbd_conf.o
 .bss.__malloc_current_mallinfo
                0x20000a1c       0x28 d:/programs/attolic/truestudio for stm32 9.0.0/armtools/bin/../lib/gcc/arm-atollic-eabi/6.3.1/../../../../arm-atollic-eabi/lib/armv7-m\libc.a(lib_a-mallocr.o)
                0x20000a1c                __malloc_current_mallinfo
 .bss.__malloc_max_sbrked_mem
                0x20000a44        0x4 d:/programs/attolic/truestudio for stm32 9.0.0/armtools/bin/../lib/gcc/arm-atollic-eabi/6.3.1/../../../../arm-atollic-eabi/lib/armv7-m\libc.a(lib_a-mallocr.o)
                0x20000a44                __malloc_max_sbrked_mem
 .bss.__malloc_max_total_mem
                0x20000a48        0x4 d:/programs/attolic/truestudio for stm32 9.0.0/armtools/bin/../lib/gcc/arm-atollic-eabi/6.3.1/../../../../arm-atollic-eabi/lib/armv7-m\libc.a(lib_a-mallocr.o)
                0x20000a48                __malloc_max_total_mem
 .bss.__malloc_top_pad
                0x20000a4c        0x4 d:/programs/attolic/truestudio for stm32 9.0.0/armtools/bin/../lib/gcc/arm-atollic-eabi/6.3.1/../../../../arm-atollic-eabi/lib/armv7-m\libc.a(lib_a-mallocr.o)
                0x20000a4c                __malloc_top_pad
 .bss.heap_end.4116
                0x20000a50        0x4 d:/programs/attolic/truestudio for stm32 9.0.0/armtools/bin/../lib/gcc/arm-atollic-eabi/6.3.1/../../../../arm-atollic-eabi/lib/armv7-m\libnosys.a(sbrk.o)
 *(COMMON)
 COMMON         0x20000a54        0x4 Drivers\STM32F1xx_HAL_Driver\Src\stm32f1xx_hal.o
                0x20000a54                uwTick
 COMMON         0x20000a58      0x100 Src\main.o
                0x20000a58                htim4
                0x20000a98                htim3
                0x20000ad8                htim1
                0x20000b18                htim2
 COMMON         0x20000b58      0x224 Src\usb_device.o
                0x20000b58                hUsbDeviceFS
 COMMON         0x20000d7c      0x7d0 Src\usbd_cdc_if.o
                0x20000d7c                UserRxBufferFS
                0x20001164                UserTxBufferFS
 COMMON         0x2000154c      0x460 Src\usbd_conf.o
                0x2000154c                hpcd_USB_FS
 COMMON         0x200019ac      0x200 Src\usbd_desc.o
                0x200019ac                USBD_StrDesc
 COMMON         0x20001bac        0x9 d:/programs/attolic/truestudio for stm32 9.0.0/armtools/bin/../lib/gcc/arm-atollic-eabi/6.3.1/../../../../arm-atollic-eabi/lib/armv7-m\libc.a(lib_a-lock.o)
                0x20001bac                __lock___atexit_recursive_mutex
                0x20001bad                __lock___arc4random_mutex
                0x20001bae                __lock___env_recursive_mutex
                0x20001baf                __lock___sinit_recursive_mutex
                0x20001bb0                __lock___malloc_recursive_mutex
                0x20001bb1                __lock___at_quick_exit_mutex
                0x20001bb2                __lock___dd_hash_mutex
                0x20001bb3                __lock___tz_mutex
                0x20001bb4                __lock___sfp_recursive_mutex
 *fill*         0x20001bb5        0x3 
 COMMON         0x20001bb8        0x4 d:/programs/attolic/truestudio for stm32 9.0.0/armtools/bin/../lib/gcc/arm-atollic-eabi/6.3.1/../../../../arm-atollic-eabi/lib/armv7-m\libc.a(lib_a-reent.o)
                0x20001bb8                errno
                0x20001bbc                . = ALIGN (0x4)
                0x20001bbc                _ebss = .
                0x20001bbc                __bss_end__ = _ebss

._user_heap_stack
                0x20001bbc      0x600 load address 0x080079c8
                0x20001bbc                . = ALIGN (0x4)
                0x20001bbc                PROVIDE (end, .)
                [!provide]                PROVIDE (_end, .)
                0x20001dbc                . = (. + _Min_Heap_Size)
 *fill*         0x20001bbc      0x200 
                0x200021bc                . = (. + _Min_Stack_Size)
 *fill*         0x20001dbc      0x400 
                0x200021bc                . = ALIGN (0x4)

/DISCARD/
 libc.a(*)
 libm.a(*)
 libgcc.a(*)

.ARM.attributes
                0x00000000       0x29
 *(.ARM.attributes)
 .ARM.attributes
                0x00000000       0x1d d:/programs/attolic/truestudio for stm32 9.0.0/armtools/bin/../lib/gcc/arm-atollic-eabi/6.3.1/armv7-m/crti.o
 .ARM.attributes
                0x0000001d       0x2d d:/programs/attolic/truestudio for stm32 9.0.0/armtools/bin/../lib/gcc/arm-atollic-eabi/6.3.1/armv7-m/crtbegin.o
 .ARM.attributes
                0x0000004a       0x33 Drivers\STM32F1xx_HAL_Driver\Src\stm32f1xx_hal.o
 .ARM.attributes
                0x0000007d       0x33 Drivers\STM32F1xx_HAL_Driver\Src\stm32f1xx_hal_cortex.o
 .ARM.attributes
                0x000000b0       0x33 Drivers\STM32F1xx_HAL_Driver\Src\stm32f1xx_hal_gpio.o
 .ARM.attributes
                0x000000e3       0x33 Drivers\STM32F1xx_HAL_Driver\Src\stm32f1xx_hal_pcd.o
 .ARM.attributes
                0x00000116       0x33 Drivers\STM32F1xx_HAL_Driver\Src\stm32f1xx_hal_pcd_ex.o
 .ARM.attributes
                0x00000149       0x33 Drivers\STM32F1xx_HAL_Driver\Src\stm32f1xx_hal_rcc.o
 .ARM.attributes
                0x0000017c       0x33 Drivers\STM32F1xx_HAL_Driver\Src\stm32f1xx_hal_rcc_ex.o
 .ARM.attributes
                0x000001af       0x33 Drivers\STM32F1xx_HAL_Driver\Src\stm32f1xx_hal_tim.o
 .ARM.attributes
                0x000001e2       0x33 Drivers\STM32F1xx_HAL_Driver\Src\stm32f1xx_hal_tim_ex.o
 .ARM.attributes
                0x00000215       0x33 Drivers\STM32F1xx_HAL_Driver\Src\stm32f1xx_ll_usb.o
 .ARM.attributes
                0x00000248       0x33 Middlewares\ST\STM32_USB_Device_Library\Class\CDC\Src\usbd_cdc.o
 .ARM.attributes
                0x0000027b       0x33 Middlewares\ST\STM32_USB_Device_Library\Core\Src\usbd_core.o
 .ARM.attributes
                0x000002ae       0x33 Middlewares\ST\STM32_USB_Device_Library\Core\Src\usbd_ctlreq.o
 .ARM.attributes
                0x000002e1       0x33 Middlewares\ST\STM32_USB_Device_Library\Core\Src\usbd_ioreq.o
 .ARM.attributes
                0x00000314       0x33 Src\main.o
 .ARM.attributes
                0x00000347       0x33 Src\stm32f1xx_hal_msp.o
 .ARM.attributes
                0x0000037a       0x33 Src\stm32f1xx_it.o
 .ARM.attributes
                0x000003ad       0x33 Src\system_stm32f1xx.o
 .ARM.attributes
                0x000003e0       0x33 Src\usb_device.o
 .ARM.attributes
                0x00000413       0x33 Src\usbd_cdc_if.o
 .ARM.attributes
                0x00000446       0x33 Src\usbd_conf.o
 .ARM.attributes
                0x00000479       0x33 Src\usbd_desc.o
 .ARM.attributes
                0x000004ac       0x21 startup\startup_stm32f103xb.o
 .ARM.attributes
                0x000004cd       0x2d d:/programs/attolic/truestudio for stm32 9.0.0/armtools/bin/../lib/gcc/arm-atollic-eabi/6.3.1/../../../../arm-atollic-eabi/lib/armv7-m\libc.a(lib_a-init.o)
 .ARM.attributes
                0x000004fa       0x2d d:/programs/attolic/truestudio for stm32 9.0.0/armtools/bin/../lib/gcc/arm-atollic-eabi/6.3.1/../../../../arm-atollic-eabi/lib/armv7-m\libc.a(lib_a-memset.o)
 .ARM.attributes
                0x00000527       0x2d d:/programs/attolic/truestudio for stm32 9.0.0/armtools/bin/../lib/gcc/arm-atollic-eabi/6.3.1/../../../../arm-atollic-eabi/lib/armv7-m\libc.a(lib_a-sprintf.o)
 .ARM.attributes
                0x00000554       0x2d d:/programs/attolic/truestudio for stm32 9.0.0/armtools/bin/../lib/gcc/arm-atollic-eabi/6.3.1/../../../../arm-atollic-eabi/lib/armv7-m\libc.a(lib_a-svfprintf.o)
 .ARM.attributes
                0x00000581       0x2d d:/programs/attolic/truestudio for stm32 9.0.0/armtools/bin/../lib/gcc/arm-atollic-eabi/6.3.1/../../../../arm-atollic-eabi/lib/armv7-m\libc.a(lib_a-dtoa.o)
 .ARM.attributes
                0x000005ae       0x2d d:/programs/attolic/truestudio for stm32 9.0.0/armtools/bin/../lib/gcc/arm-atollic-eabi/6.3.1/../../../../arm-atollic-eabi/lib/armv7-m\libc.a(lib_a-impure.o)
 .ARM.attributes
                0x000005db       0x2d d:/programs/attolic/truestudio for stm32 9.0.0/armtools/bin/../lib/gcc/arm-atollic-eabi/6.3.1/../../../../arm-atollic-eabi/lib/armv7-m\libc.a(lib_a-localeconv.o)
 .ARM.attributes
                0x00000608       0x2d d:/programs/attolic/truestudio for stm32 9.0.0/armtools/bin/../lib/gcc/arm-atollic-eabi/6.3.1/../../../../arm-atollic-eabi/lib/armv7-m\libc.a(lib_a-malloc.o)
 .ARM.attributes
                0x00000635       0x2d d:/programs/attolic/truestudio for stm32 9.0.0/armtools/bin/../lib/gcc/arm-atollic-eabi/6.3.1/../../../../arm-atollic-eabi/lib/armv7-m\libc.a(lib_a-mallocr.o)
 .ARM.attributes
                0x00000662       0x2d d:/programs/attolic/truestudio for stm32 9.0.0/armtools/bin/../lib/gcc/arm-atollic-eabi/6.3.1/../../../../arm-atollic-eabi/lib/armv7-m\libc.a(lib_a-memchr-stub.o)
 .ARM.attributes
                0x0000068f       0x2d d:/programs/attolic/truestudio for stm32 9.0.0/armtools/bin/../lib/gcc/arm-atollic-eabi/6.3.1/../../../../arm-atollic-eabi/lib/armv7-m\libc.a(lib_a-memcpy-stub.o)
 .ARM.attributes
                0x000006bc       0x2d d:/programs/attolic/truestudio for stm32 9.0.0/armtools/bin/../lib/gcc/arm-atollic-eabi/6.3.1/../../../../arm-atollic-eabi/lib/armv7-m\libc.a(lib_a-mlock.o)
 .ARM.attributes
                0x000006e9       0x2d d:/programs/attolic/truestudio for stm32 9.0.0/armtools/bin/../lib/gcc/arm-atollic-eabi/6.3.1/../../../../arm-atollic-eabi/lib/armv7-m\libc.a(lib_a-mprec.o)
 .ARM.attributes
                0x00000716       0x2d d:/programs/attolic/truestudio for stm32 9.0.0/armtools/bin/../lib/gcc/arm-atollic-eabi/6.3.1/../../../../arm-atollic-eabi/lib/armv7-m\libc.a(lib_a-sbrkr.o)
 .ARM.attributes
                0x00000743       0x17 d:/programs/attolic/truestudio for stm32 9.0.0/armtools/bin/../lib/gcc/arm-atollic-eabi/6.3.1/../../../../arm-atollic-eabi/lib/armv7-m\libc.a(lib_a-strlen.o)
 .ARM.attributes
                0x0000075a       0x2d d:/programs/attolic/truestudio for stm32 9.0.0/armtools/bin/../lib/gcc/arm-atollic-eabi/6.3.1/../../../../arm-atollic-eabi/lib/armv7-m\libc.a(lib_a-svfiprintf.o)
 .ARM.attributes
                0x00000787       0x2d d:/programs/attolic/truestudio for stm32 9.0.0/armtools/bin/../lib/gcc/arm-atollic-eabi/6.3.1/../../../../arm-atollic-eabi/lib/armv7-m\libc.a(lib_a-callocr.o)
 .ARM.attributes
                0x000007b4       0x2d d:/programs/attolic/truestudio for stm32 9.0.0/armtools/bin/../lib/gcc/arm-atollic-eabi/6.3.1/../../../../arm-atollic-eabi/lib/armv7-m\libc.a(lib_a-freer.o)
 .ARM.attributes
                0x000007e1       0x2d d:/programs/attolic/truestudio for stm32 9.0.0/armtools/bin/../lib/gcc/arm-atollic-eabi/6.3.1/../../../../arm-atollic-eabi/lib/armv7-m\libc.a(lib_a-locale.o)
 .ARM.attributes
                0x0000080e       0x2d d:/programs/attolic/truestudio for stm32 9.0.0/armtools/bin/../lib/gcc/arm-atollic-eabi/6.3.1/../../../../arm-atollic-eabi/lib/armv7-m\libc.a(lib_a-lock.o)
 .ARM.attributes
                0x0000083b       0x2d d:/programs/attolic/truestudio for stm32 9.0.0/armtools/bin/../lib/gcc/arm-atollic-eabi/6.3.1/../../../../arm-atollic-eabi/lib/armv7-m\libc.a(lib_a-mbtowc_r.o)
 .ARM.attributes
                0x00000868       0x2d d:/programs/attolic/truestudio for stm32 9.0.0/armtools/bin/../lib/gcc/arm-atollic-eabi/6.3.1/../../../../arm-atollic-eabi/lib/armv7-m\libc.a(lib_a-memmove.o)
 .ARM.attributes
                0x00000895       0x2d d:/programs/attolic/truestudio for stm32 9.0.0/armtools/bin/../lib/gcc/arm-atollic-eabi/6.3.1/../../../../arm-atollic-eabi/lib/armv7-m\libc.a(lib_a-reallocr.o)
 .ARM.attributes
                0x000008c2       0x2d d:/programs/attolic/truestudio for stm32 9.0.0/armtools/bin/../lib/gcc/arm-atollic-eabi/6.3.1/../../../../arm-atollic-eabi/lib/armv7-m\libc.a(lib_a-reent.o)
 .ARM.attributes
                0x000008ef       0x2d d:/programs/attolic/truestudio for stm32 9.0.0/armtools/bin/../lib/gcc/arm-atollic-eabi/6.3.1/../../../../arm-atollic-eabi/lib/armv7-m\libc.a(lib_a-wctomb_r.o)
 .ARM.attributes
                0x0000091c       0x2d d:/programs/attolic/truestudio for stm32 9.0.0/armtools/bin/../lib/gcc/arm-atollic-eabi/6.3.1/../../../../arm-atollic-eabi/lib/armv7-m\libc.a(lib_a-ctype_.o)
 .ARM.attributes
                0x00000949       0x1d d:/programs/attolic/truestudio for stm32 9.0.0/armtools/bin/../lib/gcc/arm-atollic-eabi/6.3.1/armv7-m\libgcc.a(_arm_addsubdf3.o)
 .ARM.attributes
                0x00000966       0x1d d:/programs/attolic/truestudio for stm32 9.0.0/armtools/bin/../lib/gcc/arm-atollic-eabi/6.3.1/armv7-m\libgcc.a(_arm_muldivdf3.o)
 .ARM.attributes
                0x00000983       0x1d d:/programs/attolic/truestudio for stm32 9.0.0/armtools/bin/../lib/gcc/arm-atollic-eabi/6.3.1/armv7-m\libgcc.a(_arm_cmpdf2.o)
 .ARM.attributes
                0x000009a0       0x1d d:/programs/attolic/truestudio for stm32 9.0.0/armtools/bin/../lib/gcc/arm-atollic-eabi/6.3.1/armv7-m\libgcc.a(_arm_unorddf2.o)
 .ARM.attributes
                0x000009bd       0x1d d:/programs/attolic/truestudio for stm32 9.0.0/armtools/bin/../lib/gcc/arm-atollic-eabi/6.3.1/armv7-m\libgcc.a(_arm_fixdfsi.o)
 .ARM.attributes
                0x000009da       0x1d d:/programs/attolic/truestudio for stm32 9.0.0/armtools/bin/../lib/gcc/arm-atollic-eabi/6.3.1/armv7-m\libgcc.a(_aeabi_uldivmod.o)
 .ARM.attributes
                0x000009f7       0x2d d:/programs/attolic/truestudio for stm32 9.0.0/armtools/bin/../lib/gcc/arm-atollic-eabi/6.3.1/armv7-m\libgcc.a(_udivmoddi4.o)
 .ARM.attributes
                0x00000a24       0x1d d:/programs/attolic/truestudio for stm32 9.0.0/armtools/bin/../lib/gcc/arm-atollic-eabi/6.3.1/armv7-m\libgcc.a(_dvmd_tls.o)
 .ARM.attributes
                0x00000a41       0x2d d:/programs/attolic/truestudio for stm32 9.0.0/armtools/bin/../lib/gcc/arm-atollic-eabi/6.3.1/../../../../arm-atollic-eabi/lib/armv7-m\libnosys.a(sbrk.o)
 .ARM.attributes
                0x00000a6e       0x1d d:/programs/attolic/truestudio for stm32 9.0.0/armtools/bin/../lib/gcc/arm-atollic-eabi/6.3.1/armv7-m/crtn.o
OUTPUT(F1.elf elf32-littlearm)

.debug_info     0x00000000    0x1d457
 .debug_info    0x00000000      0xfd3 Drivers\STM32F1xx_HAL_Driver\Src\stm32f1xx_hal.o
 .debug_info    0x00000fd3     0x147c Drivers\STM32F1xx_HAL_Driver\Src\stm32f1xx_hal_cortex.o
 .debug_info    0x0000244f      0xe95 Drivers\STM32F1xx_HAL_Driver\Src\stm32f1xx_hal_gpio.o
 .debug_info    0x000032e4     0x1992 Drivers\STM32F1xx_HAL_Driver\Src\stm32f1xx_hal_pcd.o
 .debug_info    0x00004c76      0xe16 Drivers\STM32F1xx_HAL_Driver\Src\stm32f1xx_hal_pcd_ex.o
 .debug_info    0x00005a8c     0x1210 Drivers\STM32F1xx_HAL_Driver\Src\stm32f1xx_hal_rcc.o
 .debug_info    0x00006c9c      0xc70 Drivers\STM32F1xx_HAL_Driver\Src\stm32f1xx_hal_rcc_ex.o
 .debug_info    0x0000790c     0x3b8c Drivers\STM32F1xx_HAL_Driver\Src\stm32f1xx_hal_tim.o
 .debug_info    0x0000b498     0x195c Drivers\STM32F1xx_HAL_Driver\Src\stm32f1xx_hal_tim_ex.o
 .debug_info    0x0000cdf4     0x1719 Drivers\STM32F1xx_HAL_Driver\Src\stm32f1xx_ll_usb.o
 .debug_info    0x0000e50d     0x150f Middlewares\ST\STM32_USB_Device_Library\Class\CDC\Src\usbd_cdc.o
 .debug_info    0x0000fa1c     0x147f Middlewares\ST\STM32_USB_Device_Library\Core\Src\usbd_core.o
 .debug_info    0x00010e9b     0x14b2 Middlewares\ST\STM32_USB_Device_Library\Core\Src\usbd_ctlreq.o
 .debug_info    0x0001234d      0xfde Middlewares\ST\STM32_USB_Device_Library\Core\Src\usbd_ioreq.o
 .debug_info    0x0001332b     0x1f8d Src\main.o
 .debug_info    0x000152b8     0x13ba Src\stm32f1xx_hal_msp.o
 .debug_info    0x00016672     0x12a1 Src\stm32f1xx_it.o
 .debug_info    0x00017913      0xc20 Src\system_stm32f1xx.o
 .debug_info    0x00018533      0xe99 Src\usb_device.o
 .debug_info    0x000193cc     0x11d6 Src\usbd_cdc_if.o
 .debug_info    0x0001a5a2     0x20bf Src\usbd_conf.o
 .debug_info    0x0001c661      0xd93 Src\usbd_desc.o
 .debug_info    0x0001d3f4       0x63 startup\startup_stm32f103xb.o

.debug_abbrev   0x00000000     0x3e03
 .debug_abbrev  0x00000000      0x308 Drivers\STM32F1xx_HAL_Driver\Src\stm32f1xx_hal.o
 .debug_abbrev  0x00000308      0x399 Drivers\STM32F1xx_HAL_Driver\Src\stm32f1xx_hal_cortex.o
 .debug_abbrev  0x000006a1      0x268 Drivers\STM32F1xx_HAL_Driver\Src\stm32f1xx_hal_gpio.o
 .debug_abbrev  0x00000909      0x39a Drivers\STM32F1xx_HAL_Driver\Src\stm32f1xx_hal_pcd.o
 .debug_abbrev  0x00000ca3      0x1f5 Drivers\STM32F1xx_HAL_Driver\Src\stm32f1xx_hal_pcd_ex.o
 .debug_abbrev  0x00000e98      0x367 Drivers\STM32F1xx_HAL_Driver\Src\stm32f1xx_hal_rcc.o
 .debug_abbrev  0x000011ff      0x277 Drivers\STM32F1xx_HAL_Driver\Src\stm32f1xx_hal_rcc_ex.o
 .debug_abbrev  0x00001476      0x3bb Drivers\STM32F1xx_HAL_Driver\Src\stm32f1xx_hal_tim.o
 .debug_abbrev  0x00001831      0x30d Drivers\STM32F1xx_HAL_Driver\Src\stm32f1xx_hal_tim_ex.o
 .debug_abbrev  0x00001b3e      0x31c Drivers\STM32F1xx_HAL_Driver\Src\stm32f1xx_ll_usb.o
 .debug_abbrev  0x00001e5a      0x2e8 Middlewares\ST\STM32_USB_Device_Library\Class\CDC\Src\usbd_cdc.o
 .debug_abbrev  0x00002142      0x308 Middlewares\ST\STM32_USB_Device_Library\Core\Src\usbd_core.o
 .debug_abbrev  0x0000244a      0x3aa Middlewares\ST\STM32_USB_Device_Library\Core\Src\usbd_ctlreq.o
 .debug_abbrev  0x000027f4      0x1da Middlewares\ST\STM32_USB_Device_Library\Core\Src\usbd_ioreq.o
 .debug_abbrev  0x000029ce      0x35b Src\main.o
 .debug_abbrev  0x00002d29      0x260 Src\stm32f1xx_hal_msp.o
 .debug_abbrev  0x00002f89      0x22d Src\stm32f1xx_it.o
 .debug_abbrev  0x000031b6      0x1eb Src\system_stm32f1xx.o
 .debug_abbrev  0x000033a1      0x1e0 Src\usb_device.o
 .debug_abbrev  0x00003581      0x30b Src\usbd_cdc_if.o
 .debug_abbrev  0x0000388c      0x2ea Src\usbd_conf.o
 .debug_abbrev  0x00003b76      0x27b Src\usbd_desc.o
 .debug_abbrev  0x00003df1       0x12 startup\startup_stm32f103xb.o

.debug_loc      0x00000000     0x823d
 .debug_loc     0x00000000      0x11b Drivers\STM32F1xx_HAL_Driver\Src\stm32f1xx_hal.o
 .debug_loc     0x0000011b      0x46b Drivers\STM32F1xx_HAL_Driver\Src\stm32f1xx_hal_cortex.o
 .debug_loc     0x00000586      0x36a Drivers\STM32F1xx_HAL_Driver\Src\stm32f1xx_hal_gpio.o
 .debug_loc     0x000008f0      0x995 Drivers\STM32F1xx_HAL_Driver\Src\stm32f1xx_hal_pcd.o
 .debug_loc     0x00001285       0xe0 Drivers\STM32F1xx_HAL_Driver\Src\stm32f1xx_hal_pcd_ex.o
 .debug_loc     0x00001365      0x4c3 Drivers\STM32F1xx_HAL_Driver\Src\stm32f1xx_hal_rcc.o
 .debug_loc     0x00001828      0x29d Drivers\STM32F1xx_HAL_Driver\Src\stm32f1xx_hal_rcc_ex.o
 .debug_loc     0x00001ac5     0x300c Drivers\STM32F1xx_HAL_Driver\Src\stm32f1xx_hal_tim.o
 .debug_loc     0x00004ad1      0x822 Drivers\STM32F1xx_HAL_Driver\Src\stm32f1xx_hal_tim_ex.o
 .debug_loc     0x000052f3      0xb9c Drivers\STM32F1xx_HAL_Driver\Src\stm32f1xx_ll_usb.o
 .debug_loc     0x00005e8f      0x4cf Middlewares\ST\STM32_USB_Device_Library\Class\CDC\Src\usbd_cdc.o
 .debug_loc     0x0000635e      0x5f2 Middlewares\ST\STM32_USB_Device_Library\Core\Src\usbd_core.o
 .debug_loc     0x00006950      0x7cd Middlewares\ST\STM32_USB_Device_Library\Core\Src\usbd_ctlreq.o
 .debug_loc     0x0000711d      0x23c Middlewares\ST\STM32_USB_Device_Library\Core\Src\usbd_ioreq.o
 .debug_loc     0x00007359       0xc4 Src\stm32f1xx_hal_msp.o
 .debug_loc     0x0000741d       0xcd Src\system_stm32f1xx.o
 .debug_loc     0x000074ea      0x17b Src\usbd_cdc_if.o
 .debug_loc     0x00007665      0x965 Src\usbd_conf.o
 .debug_loc     0x00007fca      0x273 Src\usbd_desc.o

.debug_aranges  0x00000000      0xc40
 .debug_aranges
                0x00000000       0xc8 Drivers\STM32F1xx_HAL_Driver\Src\stm32f1xx_hal.o
 .debug_aranges
                0x000000c8       0x90 Drivers\STM32F1xx_HAL_Driver\Src\stm32f1xx_hal_cortex.o
 .debug_aranges
                0x00000158       0x58 Drivers\STM32F1xx_HAL_Driver\Src\stm32f1xx_hal_gpio.o
 .debug_aranges
                0x000001b0       0xc0 Drivers\STM32F1xx_HAL_Driver\Src\stm32f1xx_hal_pcd.o
 .debug_aranges
                0x00000270       0x28 Drivers\STM32F1xx_HAL_Driver\Src\stm32f1xx_hal_pcd_ex.o
 .debug_aranges
                0x00000298       0x88 Drivers\STM32F1xx_HAL_Driver\Src\stm32f1xx_hal_rcc.o
 .debug_aranges
                0x00000320       0x30 Drivers\STM32F1xx_HAL_Driver\Src\stm32f1xx_hal_rcc_ex.o
 .debug_aranges
                0x00000350      0x250 Drivers\STM32F1xx_HAL_Driver\Src\stm32f1xx_hal_tim.o
 .debug_aranges
                0x000005a0       0xe8 Drivers\STM32F1xx_HAL_Driver\Src\stm32f1xx_hal_tim_ex.o
 .debug_aranges
                0x00000688       0xe0 Drivers\STM32F1xx_HAL_Driver\Src\stm32f1xx_ll_usb.o
 .debug_aranges
                0x00000768       0x90 Middlewares\ST\STM32_USB_Device_Library\Class\CDC\Src\usbd_cdc.o
 .debug_aranges
                0x000007f8       0xa8 Middlewares\ST\STM32_USB_Device_Library\Core\Src\usbd_core.o
 .debug_aranges
                0x000008a0       0x50 Middlewares\ST\STM32_USB_Device_Library\Core\Src\usbd_ctlreq.o
 .debug_aranges
                0x000008f0       0x50 Middlewares\ST\STM32_USB_Device_Library\Core\Src\usbd_ioreq.o
 .debug_aranges
                0x00000940       0x40 Src\main.o
 .debug_aranges
                0x00000980       0x48 Src\stm32f1xx_hal_msp.o
 .debug_aranges
                0x000009c8       0x50 Src\stm32f1xx_it.o
 .debug_aranges
                0x00000a18       0x28 Src\system_stm32f1xx.o
 .debug_aranges
                0x00000a40       0x20 Src\usb_device.o
 .debug_aranges
                0x00000a60       0x58 Src\usbd_cdc_if.o
 .debug_aranges
                0x00000ab8      0x110 Src\usbd_conf.o
 .debug_aranges
                0x00000bc8       0x50 Src\usbd_desc.o
 .debug_aranges
                0x00000c18       0x28 startup\startup_stm32f103xb.o

.debug_ranges   0x00000000     0x1058
 .debug_ranges  0x00000000       0xb8 Drivers\STM32F1xx_HAL_Driver\Src\stm32f1xx_hal.o
 .debug_ranges  0x000000b8      0x128 Drivers\STM32F1xx_HAL_Driver\Src\stm32f1xx_hal_cortex.o
 .debug_ranges  0x000001e0       0x60 Drivers\STM32F1xx_HAL_Driver\Src\stm32f1xx_hal_gpio.o
 .debug_ranges  0x00000240      0x118 Drivers\STM32F1xx_HAL_Driver\Src\stm32f1xx_hal_pcd.o
 .debug_ranges  0x00000358       0x18 Drivers\STM32F1xx_HAL_Driver\Src\stm32f1xx_hal_pcd_ex.o
 .debug_ranges  0x00000370       0xa0 Drivers\STM32F1xx_HAL_Driver\Src\stm32f1xx_hal_rcc.o
 .debug_ranges  0x00000410       0x40 Drivers\STM32F1xx_HAL_Driver\Src\stm32f1xx_hal_rcc_ex.o
 .debug_ranges  0x00000450      0x340 Drivers\STM32F1xx_HAL_Driver\Src\stm32f1xx_hal_tim.o
 .debug_ranges  0x00000790       0xd8 Drivers\STM32F1xx_HAL_Driver\Src\stm32f1xx_hal_tim_ex.o
 .debug_ranges  0x00000868      0x260 Drivers\STM32F1xx_HAL_Driver\Src\stm32f1xx_ll_usb.o
 .debug_ranges  0x00000ac8       0x80 Middlewares\ST\STM32_USB_Device_Library\Class\CDC\Src\usbd_cdc.o
 .debug_ranges  0x00000b48       0x98 Middlewares\ST\STM32_USB_Device_Library\Core\Src\usbd_core.o
 .debug_ranges  0x00000be0       0xc0 Middlewares\ST\STM32_USB_Device_Library\Core\Src\usbd_ctlreq.o
 .debug_ranges  0x00000ca0       0x40 Middlewares\ST\STM32_USB_Device_Library\Core\Src\usbd_ioreq.o
 .debug_ranges  0x00000ce0       0xa8 Src\main.o
 .debug_ranges  0x00000d88       0x98 Src\stm32f1xx_hal_msp.o
 .debug_ranges  0x00000e20       0x40 Src\stm32f1xx_it.o
 .debug_ranges  0x00000e60       0x18 Src\system_stm32f1xx.o
 .debug_ranges  0x00000e78       0x10 Src\usb_device.o
 .debug_ranges  0x00000e88       0x48 Src\usbd_cdc_if.o
 .debug_ranges  0x00000ed0      0x128 Src\usbd_conf.o
 .debug_ranges  0x00000ff8       0x40 Src\usbd_desc.o
 .debug_ranges  0x00001038       0x20 startup\startup_stm32f103xb.o

.debug_line     0x00000000     0x6e30
 .debug_line    0x00000000      0x43e Drivers\STM32F1xx_HAL_Driver\Src\stm32f1xx_hal.o
 .debug_line    0x0000043e      0x411 Drivers\STM32F1xx_HAL_Driver\Src\stm32f1xx_hal_cortex.o
 .debug_line    0x0000084f      0x42a Drivers\STM32F1xx_HAL_Driver\Src\stm32f1xx_hal_gpio.o
 .debug_line    0x00000c79      0x6ce Drivers\STM32F1xx_HAL_Driver\Src\stm32f1xx_hal_pcd.o
 .debug_line    0x00001347      0x2cb Drivers\STM32F1xx_HAL_Driver\Src\stm32f1xx_hal_pcd_ex.o
 .debug_line    0x00001612      0x612 Drivers\STM32F1xx_HAL_Driver\Src\stm32f1xx_hal_rcc.o
 .debug_line    0x00001c24      0x3ab Drivers\STM32F1xx_HAL_Driver\Src\stm32f1xx_hal_rcc_ex.o
 .debug_line    0x00001fcf     0x112b Drivers\STM32F1xx_HAL_Driver\Src\stm32f1xx_hal_tim.o
 .debug_line    0x000030fa      0x6cd Drivers\STM32F1xx_HAL_Driver\Src\stm32f1xx_hal_tim_ex.o
 .debug_line    0x000037c7      0x5f4 Drivers\STM32F1xx_HAL_Driver\Src\stm32f1xx_ll_usb.o
 .debug_line    0x00003dbb      0x4e0 Middlewares\ST\STM32_USB_Device_Library\Class\CDC\Src\usbd_cdc.o
 .debug_line    0x0000429b      0x4ca Middlewares\ST\STM32_USB_Device_Library\Core\Src\usbd_core.o
 .debug_line    0x00004765      0x44a Middlewares\ST\STM32_USB_Device_Library\Core\Src\usbd_ctlreq.o
 .debug_line    0x00004baf      0x360 Middlewares\ST\STM32_USB_Device_Library\Core\Src\usbd_ioreq.o
 .debug_line    0x00004f0f      0x54b Src\main.o
 .debug_line    0x0000545a      0x36a Src\stm32f1xx_hal_msp.o
 .debug_line    0x000057c4      0x344 Src\stm32f1xx_it.o
 .debug_line    0x00005b08      0x267 Src\system_stm32f1xx.o
 .debug_line    0x00005d6f      0x33b Src\usb_device.o
 .debug_line    0x000060aa      0x3a0 Src\usbd_cdc_if.o
 .debug_line    0x0000644a      0x629 Src\usbd_conf.o
 .debug_line    0x00006a73      0x340 Src\usbd_desc.o
 .debug_line    0x00006db3       0x7d startup\startup_stm32f103xb.o

.debug_str      0x00000000     0x42d1
 .debug_str     0x00000000      0xbab Drivers\STM32F1xx_HAL_Driver\Src\stm32f1xx_hal.o
                                0xc50 (size before relaxing)
 .debug_str     0x00000bab      0x2e1 Drivers\STM32F1xx_HAL_Driver\Src\stm32f1xx_hal_cortex.o
                                0xcfe (size before relaxing)
 .debug_str     0x00000e8c      0x1c9 Drivers\STM32F1xx_HAL_Driver\Src\stm32f1xx_hal_gpio.o
                                0x86b (size before relaxing)
 .debug_str     0x00001055      0x7d3 Drivers\STM32F1xx_HAL_Driver\Src\stm32f1xx_hal_pcd.o
                                0xe65 (size before relaxing)
 .debug_str     0x00001828       0x57 Drivers\STM32F1xx_HAL_Driver\Src\stm32f1xx_hal_pcd_ex.o
                                0x990 (size before relaxing)
 .debug_str     0x0000187f      0x326 Drivers\STM32F1xx_HAL_Driver\Src\stm32f1xx_hal_rcc.o
                                0xa49 (size before relaxing)
 .debug_str     0x00001ba5      0x12b Drivers\STM32F1xx_HAL_Driver\Src\stm32f1xx_hal_rcc_ex.o
                                0x826 (size before relaxing)
 .debug_str     0x00001cd0     0x109f Drivers\STM32F1xx_HAL_Driver\Src\stm32f1xx_hal_tim.o
                               0x179a (size before relaxing)
 .debug_str     0x00002d6f      0x4f1 Drivers\STM32F1xx_HAL_Driver\Src\stm32f1xx_hal_tim_ex.o
                               0x103c (size before relaxing)
 .debug_str     0x00003260      0x155 Drivers\STM32F1xx_HAL_Driver\Src\stm32f1xx_ll_usb.o
                                0xb63 (size before relaxing)
 .debug_str     0x000033b5      0x64f Middlewares\ST\STM32_USB_Device_Library\Class\CDC\Src\usbd_cdc.o
                                0xd0f (size before relaxing)
 .debug_str     0x00003a04      0x2a0 Middlewares\ST\STM32_USB_Device_Library\Core\Src\usbd_core.o
                                0xc81 (size before relaxing)
 .debug_str     0x00003ca4      0x12e Middlewares\ST\STM32_USB_Device_Library\Core\Src\usbd_ctlreq.o
                                0xb9b (size before relaxing)
 .debug_str     0x00003dd2       0x51 Middlewares\ST\STM32_USB_Device_Library\Core\Src\usbd_ioreq.o
                                0xac8 (size before relaxing)
 .debug_str     0x00003e23      0x142 Src\main.o
                               0x1703 (size before relaxing)
 .debug_str     0x00003f65       0x2e Src\stm32f1xx_hal_msp.o
                                0xe43 (size before relaxing)
 .debug_str     0x00003f93       0xe7 Src\stm32f1xx_it.o
                                0xd6b (size before relaxing)
 .debug_str     0x0000407a       0x4d Src\system_stm32f1xx.o
                                0x6d4 (size before relaxing)
 .debug_str     0x000040c7       0x14 Src\usb_device.o
                                0xa61 (size before relaxing)
 .debug_str     0x000040db       0x97 Src\usbd_cdc_if.o
                                0xb90 (size before relaxing)
 .debug_str     0x00004172       0x51 Src\usbd_conf.o
                               0x1562 (size before relaxing)
 .debug_str     0x000041c3      0x10e Src\usbd_desc.o
                                0x83c (size before relaxing)

.comment        0x00000000       0x7c
 .comment       0x00000000       0x7c Drivers\STM32F1xx_HAL_Driver\Src\stm32f1xx_hal.o
                                 0x7d (size before relaxing)
 .comment       0x0000007c       0x7d Drivers\STM32F1xx_HAL_Driver\Src\stm32f1xx_hal_cortex.o
 .comment       0x0000007c       0x7d Drivers\STM32F1xx_HAL_Driver\Src\stm32f1xx_hal_gpio.o
 .comment       0x0000007c       0x7d Drivers\STM32F1xx_HAL_Driver\Src\stm32f1xx_hal_pcd.o
 .comment       0x0000007c       0x7d Drivers\STM32F1xx_HAL_Driver\Src\stm32f1xx_hal_pcd_ex.o
 .comment       0x0000007c       0x7d Drivers\STM32F1xx_HAL_Driver\Src\stm32f1xx_hal_rcc.o
 .comment       0x0000007c       0x7d Drivers\STM32F1xx_HAL_Driver\Src\stm32f1xx_hal_rcc_ex.o
 .comment       0x0000007c       0x7d Drivers\STM32F1xx_HAL_Driver\Src\stm32f1xx_hal_tim.o
 .comment       0x0000007c       0x7d Drivers\STM32F1xx_HAL_Driver\Src\stm32f1xx_hal_tim_ex.o
 .comment       0x0000007c       0x7d Drivers\STM32F1xx_HAL_Driver\Src\stm32f1xx_ll_usb.o
 .comment       0x0000007c       0x7d Middlewares\ST\STM32_USB_Device_Library\Class\CDC\Src\usbd_cdc.o
 .comment       0x0000007c       0x7d Middlewares\ST\STM32_USB_Device_Library\Core\Src\usbd_core.o
 .comment       0x0000007c       0x7d Middlewares\ST\STM32_USB_Device_Library\Core\Src\usbd_ctlreq.o
 .comment       0x0000007c       0x7d Middlewares\ST\STM32_USB_Device_Library\Core\Src\usbd_ioreq.o
 .comment       0x0000007c       0x7d Src\main.o
 .comment       0x0000007c       0x7d Src\stm32f1xx_hal_msp.o
 .comment       0x0000007c       0x7d Src\stm32f1xx_it.o
 .comment       0x0000007c       0x7d Src\system_stm32f1xx.o
 .comment       0x0000007c       0x7d Src\usb_device.o
 .comment       0x0000007c       0x7d Src\usbd_cdc_if.o
 .comment       0x0000007c       0x7d Src\usbd_conf.o
 .comment       0x0000007c       0x7d Src\usbd_desc.o

.debug_frame    0x00000000     0x2bc8
 .debug_frame   0x00000000      0x1b0 Drivers\STM32F1xx_HAL_Driver\Src\stm32f1xx_hal.o
 .debug_frame   0x000001b0      0x120 Drivers\STM32F1xx_HAL_Driver\Src\stm32f1xx_hal_cortex.o
 .debug_frame   0x000002d0       0xd4 Drivers\STM32F1xx_HAL_Driver\Src\stm32f1xx_hal_gpio.o
 .debug_frame   0x000003a4      0x2c4 Drivers\STM32F1xx_HAL_Driver\Src\stm32f1xx_hal_pcd.o
 .debug_frame   0x00000668       0x30 Drivers\STM32F1xx_HAL_Driver\Src\stm32f1xx_hal_pcd_ex.o
 .debug_frame   0x00000698      0x150 Drivers\STM32F1xx_HAL_Driver\Src\stm32f1xx_hal_rcc.o
 .debug_frame   0x000007e8       0x6c Drivers\STM32F1xx_HAL_Driver\Src\stm32f1xx_hal_rcc_ex.o
 .debug_frame   0x00000854      0x854 Drivers\STM32F1xx_HAL_Driver\Src\stm32f1xx_hal_tim.o
 .debug_frame   0x000010a8      0x320 Drivers\STM32F1xx_HAL_Driver\Src\stm32f1xx_hal_tim_ex.o
 .debug_frame   0x000013c8      0x22c Drivers\STM32F1xx_HAL_Driver\Src\stm32f1xx_ll_usb.o
 .debug_frame   0x000015f4      0x14c Middlewares\ST\STM32_USB_Device_Library\Class\CDC\Src\usbd_cdc.o
 .debug_frame   0x00001740      0x1c0 Middlewares\ST\STM32_USB_Device_Library\Core\Src\usbd_core.o
 .debug_frame   0x00001900       0xcc Middlewares\ST\STM32_USB_Device_Library\Core\Src\usbd_ctlreq.o
 .debug_frame   0x000019cc       0xb8 Middlewares\ST\STM32_USB_Device_Library\Core\Src\usbd_ioreq.o
 .debug_frame   0x00001a84       0x84 Src\main.o
 .debug_frame   0x00001b08       0xa8 Src\stm32f1xx_hal_msp.o
 .debug_frame   0x00001bb0       0xcc Src\stm32f1xx_it.o
 .debug_frame   0x00001c7c       0x30 Src\system_stm32f1xx.o
 .debug_frame   0x00001cac       0x2c Src\usb_device.o
 .debug_frame   0x00001cd8       0xc4 Src\usbd_cdc_if.o
 .debug_frame   0x00001d9c      0x294 Src\usbd_conf.o
 .debug_frame   0x00002030       0xa8 Src\usbd_desc.o
 .debug_frame   0x000020d8       0x2c d:/programs/attolic/truestudio for stm32 9.0.0/armtools/bin/../lib/gcc/arm-atollic-eabi/6.3.1/../../../../arm-atollic-eabi/lib/armv7-m\libc.a(lib_a-init.o)
 .debug_frame   0x00002104       0x20 d:/programs/attolic/truestudio for stm32 9.0.0/armtools/bin/../lib/gcc/arm-atollic-eabi/6.3.1/../../../../arm-atollic-eabi/lib/armv7-m\libc.a(lib_a-memset.o)
 .debug_frame   0x00002124       0x70 d:/programs/attolic/truestudio for stm32 9.0.0/armtools/bin/../lib/gcc/arm-atollic-eabi/6.3.1/../../../../arm-atollic-eabi/lib/armv7-m\libc.a(lib_a-sprintf.o)
 .debug_frame   0x00002194       0x40 d:/programs/attolic/truestudio for stm32 9.0.0/armtools/bin/../lib/gcc/arm-atollic-eabi/6.3.1/../../../../arm-atollic-eabi/lib/armv7-m\libc.a(lib_a-svfprintf.o)
 .debug_frame   0x000021d4       0x6c d:/programs/attolic/truestudio for stm32 9.0.0/armtools/bin/../lib/gcc/arm-atollic-eabi/6.3.1/../../../../arm-atollic-eabi/lib/armv7-m\libc.a(lib_a-dtoa.o)
 .debug_frame   0x00002240       0x40 d:/programs/attolic/truestudio for stm32 9.0.0/armtools/bin/../lib/gcc/arm-atollic-eabi/6.3.1/../../../../arm-atollic-eabi/lib/armv7-m\libc.a(lib_a-localeconv.o)
 .debug_frame   0x00002280       0x30 d:/programs/attolic/truestudio for stm32 9.0.0/armtools/bin/../lib/gcc/arm-atollic-eabi/6.3.1/../../../../arm-atollic-eabi/lib/armv7-m\libc.a(lib_a-malloc.o)
 .debug_frame   0x000022b0       0x40 d:/programs/attolic/truestudio for stm32 9.0.0/armtools/bin/../lib/gcc/arm-atollic-eabi/6.3.1/../../../../arm-atollic-eabi/lib/armv7-m\libc.a(lib_a-mallocr.o)
 .debug_frame   0x000022f0       0x28 d:/programs/attolic/truestudio for stm32 9.0.0/armtools/bin/../lib/gcc/arm-atollic-eabi/6.3.1/../../../../arm-atollic-eabi/lib/armv7-m\libc.a(lib_a-memchr-stub.o)
 .debug_frame   0x00002318       0x28 d:/programs/attolic/truestudio for stm32 9.0.0/armtools/bin/../lib/gcc/arm-atollic-eabi/6.3.1/../../../../arm-atollic-eabi/lib/armv7-m\libc.a(lib_a-memcpy-stub.o)
 .debug_frame   0x00002340       0x30 d:/programs/attolic/truestudio for stm32 9.0.0/armtools/bin/../lib/gcc/arm-atollic-eabi/6.3.1/../../../../arm-atollic-eabi/lib/armv7-m\libc.a(lib_a-mlock.o)