usbd_conf.c:95:6:HAL_PCD_MspInit	16	static
usbd_conf.c:116:6:HAL_PCD_MspDeInit	8	static
usbd_conf.c:142:6:HAL_PCD_SetupStageCallback	0	static
usbd_conf.c:153:6:HAL_PCD_DataOutStageCallback	0	static
usbd_conf.c:164:6:HAL_PCD_DataInStageCallback	0	static
usbd_conf.c:174:6:HAL_PCD_SOFCallback	0	static
usbd_conf.c:184:6:HAL_PCD_ResetCallback	8	static
usbd_conf.c:211:6:HAL_PCD_SuspendCallback	8	static
usbd_conf.c:231:6:HAL_PCD_ResumeCallback	0	static
usbd_conf.c:245:6:HAL_PCD_ISOOUTIncompleteCallback	0	static
usbd_conf.c:256:6:HAL_PCD_ISOINIncompleteCallback	0	static
usbd_conf.c:266:6:HAL_PCD_ConnectCallback	0	static
usbd_conf.c:276:6:HAL_PCD_DisconnectCallback	0	static
usbd_conf.c:290:20:USBD_LL_Init	8	static
usbd_conf.c:322:20:USBD_LL_DeInit	8	static
usbd_conf.c:354:20:USBD_LL_Start	8	static
usbd_conf.c:386:20:USBD_LL_Stop	8	static
usbd_conf.c:421:20:USBD_LL_OpenEP	8	static
usbd_conf.c:454:20:USBD_LL_CloseEP	8	static
usbd_conf.c:487:20:USBD_LL_FlushEP	8	static
usbd_conf.c:520:20:USBD_LL_StallEP	8	static
usbd_conf.c:553:20:USBD_LL_ClearStallEP	8	static
usbd_conf.c:586:9:USBD_LL_IsStallEP	0	static
usbd_conf.c:606:20:USBD_LL_SetUSBAddress	8	static
usbd_conf.c:641:20:USBD_LL_Transmit	8	static
usbd_conf.c:676:20:USBD_LL_PrepareReceive	8	static
usbd_conf.c:709:10:USBD_LL_GetRxDataSize	8	static
usbd_conf.c:719:6:USBD_LL_Delay	0	static
usbd_conf.c:729:7:USBD_static_malloc	0	static
usbd_conf.c:740:6:USBD_static_free	0	static
usbd_conf.c:751:6:HAL_PCDEx_SetConnectionState	0	static
